Archive member included to satisfy reference by file (symbol)

C:/devkitPro/libnx/lib\libnx.a(hid.o)
                              main.o (hidKeysDown)
C:/devkitPro/libnx/lib\libnx.a(applet.o)
                              C:/devkitPro/libnx/lib\libnx.a(hid.o) (appletGetAppletResourceUserId)
C:/devkitPro/libnx/lib\libnx.a(env.o)
                              C:/devkitPro/libnx/lib\libnx.a(applet.o) (envIsNso)
C:/devkitPro/libnx/lib\libnx.a(hosversion.o)
                              C:/devkitPro/libnx/lib\libnx.a(hid.o) (hosversionGet)
C:/devkitPro/libnx/lib\libnx.a(console.o)
                              main.o (consoleInit)
C:/devkitPro/libnx/lib\libnx.a(svc.o)
                              C:/devkitPro/libnx/lib\libnx.a(applet.o) (svcExitProcess)
C:/devkitPro/libnx/lib\libnx.a(switch_crt0.o)
                              (_start)
C:/devkitPro/libnx/lib\libnx.a(exception.o)
                              C:/devkitPro/libnx/lib\libnx.a(switch_crt0.o) (__libnx_exception_entry)
C:/devkitPro/libnx/lib\libnx.a(default_font.bin.o)
                              C:/devkitPro/libnx/lib\libnx.a(console.o) (default_font_bin)
C:/devkitPro/libnx/lib\libnx.a(event.o)
                              C:/devkitPro/libnx/lib\libnx.a(hid.o) (eventLoadRemote)
C:/devkitPro/libnx/lib\libnx.a(mutex.o)
                              C:/devkitPro/libnx/lib\libnx.a(hid.o) (mutexLock)
C:/devkitPro/libnx/lib\libnx.a(tmem.o)
                              C:/devkitPro/libnx/lib\libnx.a(applet.o) (tmemCreate)
C:/devkitPro/libnx/lib\libnx.a(rwlock.o)
                              C:/devkitPro/libnx/lib\libnx.a(hid.o) (rwlockReadLock)
C:/devkitPro/libnx/lib\libnx.a(wait.o)
                              C:/devkitPro/libnx/lib\libnx.a(applet.o) (waitObjects)
C:/devkitPro/libnx/lib\libnx.a(shmem.o)
                              C:/devkitPro/libnx/lib\libnx.a(hid.o) (shmemLoadRemote)
C:/devkitPro/libnx/lib\libnx.a(sm.o)
                              C:/devkitPro/libnx/lib\libnx.a(env.o) (smAddOverrideHandle)
C:/devkitPro/libnx/lib\libnx.a(fatal.o)
                              C:/devkitPro/libnx/lib\libnx.a(applet.o) (fatalThrow)
C:/devkitPro/libnx/lib\libnx.a(apm.o)
                              C:/devkitPro/libnx/lib\libnx.a(applet.o) (apmInitialize)
C:/devkitPro/libnx/lib\libnx.a(argv.o)
                              C:/devkitPro/libnx/lib\libnx.a(switch_crt0.o) (__system_argv)
C:/devkitPro/libnx/lib\libnx.a(nxlink.o)
                              C:/devkitPro/libnx/lib\libnx.a(argv.o) (nxlinkSetup)
C:/devkitPro/libnx/lib\libnx.a(init.o)
                              C:/devkitPro/libnx/lib\libnx.a(switch_crt0.o) (__libnx_init)
C:/devkitPro/libnx/lib\libnx.a(dynamic.o)
                              C:/devkitPro/libnx/lib\libnx.a(switch_crt0.o) (__nx_dynamic)
C:/devkitPro/libnx/lib\libnx.a(fs_dev.o)
                              C:/devkitPro/libnx/lib\libnx.a(init.o) (fsdevMountSdmc)
C:/devkitPro/libnx/lib\libnx.a(console_sw.o)
                              C:/devkitPro/libnx/lib\libnx.a(console.o) (getDefaultConsoleRenderer)
C:/devkitPro/libnx/lib\libnx.a(path_buf.o)
                              C:/devkitPro/libnx/lib\libnx.a(fs_dev.o) (__nx_dev_path_buf)
C:/devkitPro/libnx/lib\libnx.a(decode_utf8.o)
                              C:/devkitPro/libnx/lib\libnx.a(fs_dev.o) (decode_utf8)
C:/devkitPro/libnx/lib\libnx.a(readtp.o)
                              C:/devkitPro/libnx/lib\libnx.a(fs_dev.o) (__aarch64_read_tp)
C:/devkitPro/libnx/lib\libnx.a(condvar.o)
                              C:/devkitPro/libnx/lib\libnx.a(rwlock.o) (condvarWaitTimeout)
C:/devkitPro/libnx/lib\libnx.a(virtmem.o)
                              C:/devkitPro/libnx/lib\libnx.a(init.o) (virtmemSetup)
C:/devkitPro/libnx/lib\libnx.a(detect.o)
                              C:/devkitPro/libnx/lib\libnx.a(fatal.o) (detectKernelVersion)
C:/devkitPro/libnx/lib\libnx.a(fs.o)
                              C:/devkitPro/libnx/lib\libnx.a(init.o) (fsInitialize)
C:/devkitPro/libnx/lib\libnx.a(set.o)
                              C:/devkitPro/libnx/lib\libnx.a(init.o) (setsysInitialize)
C:/devkitPro/libnx/lib\libnx.a(time.o)
                              C:/devkitPro/libnx/lib\libnx.a(init.o) (timeInitialize)
C:/devkitPro/libnx/lib\libnx.a(native_window.o)
                              C:/devkitPro/libnx/lib\libnx.a(console_sw.o) (nwindowSetDimensions)
C:/devkitPro/libnx/lib\libnx.a(default_window.o)
                              C:/devkitPro/libnx/lib\libnx.a(console_sw.o) (nwindowGetDefault)
C:/devkitPro/libnx/lib\libnx.a(binder.o)
                              C:/devkitPro/libnx/lib\libnx.a(native_window.o) (binderCreate)
C:/devkitPro/libnx/lib\libnx.a(buffer_producer.o)
                              C:/devkitPro/libnx/lib\libnx.a(native_window.o) (bqRequestBuffer)
C:/devkitPro/libnx/lib\libnx.a(framebuffer.o)
                              C:/devkitPro/libnx/lib\libnx.a(console_sw.o) (framebufferMakeLinear)
C:/devkitPro/libnx/lib\libnx.a(newlib.o)
[...]
Memory Configuration

Name             Origin             Length             Attributes
*default*        0x0000000000000000 0xffffffffffffffff

Linker script and memory map

                0x0000000000000000                PROVIDE (__start__ = 0x0)
                0x0000000000000000                . = __start__
                0x0000000000000000                __code_start = .

.crt0           0x0000000000000000      0x158
 *(.crt0)
 .crt0          0x0000000000000000      0x158 C:/devkitPro/libnx/lib\libnx.a(switch_crt0.o)
                0x0000000000000000                _start
                0x0000000000000120                __nx_exit
                0x0000000000000130                __nx_mod0
                0x0000000000000158                . = ALIGN (0x8)

.init           0x0000000000000158       0x38
 *(.init)
 .init          0x0000000000000158       0x18 c:/devkitpro/devkita64/bin/../lib/gcc/aarch64-none-elf/8.3.0/pic/crti.o
                0x0000000000000158                _init
 .init          0x0000000000000170       0x1c c:/devkitpro/devkita64/bin/../lib/gcc/aarch64-none-elf/8.3.0/pic/crtn.o
                0x0000000000000190                . = ALIGN (0x8)
 *fill*         0x000000000000018c        0x4 

.plt            0x0000000000000190        0x0
 *(.plt)
 .plt           0x0000000000000190        0x0 c:/devkitpro/devkita64/bin/../lib/gcc/aarch64-none-elf/8.3.0/pic/crti.o
 *(.iplt)
                0x0000000000000190                . = ALIGN (0x8)

.text           0x00000000000001c0    0x22f78
 *(.text.unlikely .text.*_unlikely .text.unlikely.*)
 *(.text.exit .text.exit.*)
 .text.exit     0x00000000000001c0       0x38 c:/devkitpro/devkita64/bin/../lib/gcc/aarch64-none-elf/8.3.0/../../../../aarch64-none-elf/lib/pic\libg.a(lib_a-exit.o)
                0x00000000000001c0                exit
 *(.text.startup .text.startup.*)
 *fill*         0x00000000000001f8        0x8 
 .text.startup.main
                0x0000000000000200       0x9c main.o
                0x0000000000000200                main
 *(.text.hot .text.hot.*)
 *(.text .stub .text.* .gnu.linkonce.t.*)
 *fill*         0x000000000000029c        0x4 
 .text.deregister_tm_clones
                0x00000000000002a0       0x2c c:/devkitpro/devkita64/bin/../lib/gcc/aarch64-none-elf/8.3.0/pic/crtbegin.o
 *fill*         0x00000000000002cc        0x4 
 .text.register_tm_clones
                0x00000000000002d0       0x38 c:/devkitpro/devkita64/bin/../lib/gcc/aarch64-none-elf/8.3.0/pic/crtbegin.o
 .text.__do_global_dtors_aux
                0x0000000000000308       0x48 c:/devkitpro/devkita64/bin/../lib/gcc/aarch64-none-elf/8.3.0/pic/crtbegin.o
 .text.frame_dummy
                0x0000000000000350       0x34 c:/devkitpro/devkita64/bin/../lib/gcc/aarch64-none-elf/8.3.0/pic/crtbegin.o
 *fill*         0x0000000000000384        0xc 
 .text._hidCmdWithNoInput
                0x0000000000000390       0xec C:/devkitPro/libnx/lib\libnx.a(hid.o)
 *fill*         0x000000000000047c        0x4 
 .text._hidCmdWithInputU32
                0x0000000000000480      0x100 C:/devkitPro/libnx/lib\libnx.a(hid.o)
 .text._hidCreateAppletResource.constprop.11
                0x0000000000000580      0x1b4 C:/devkitPro/libnx/lib\libnx.a(hid.o)
 *fill*         0x0000000000000734        0xc 
 .text._hidCmdGetHandle.constprop.12
                0x0000000000000740       0xc4 C:/devkitPro/libnx/lib\libnx.a(hid.o)
 *fill*         0x0000000000000804        0xc 
 .text._hidCmdWithInputU64.constprop.13
                0x0000000000000810       0xf4 C:/devkitPro/libnx/lib\libnx.a(hid.o)
 *fill*         0x0000000000000904        0xc 
 .text.hidReset
                0x0000000000000910      0x1f8 C:/devkitPro/libnx/lib\libnx.a(hid.o)
                0x0000000000000910                hidReset
 *fill*         0x0000000000000b08        0x8 
 .text.hidGetSharedmemAddr
                0x0000000000000b10        0xc C:/devkitPro/libnx/lib\libnx.a(hid.o)
                0x0000000000000b10                hidGetSharedmemAddr
 *fill*         0x0000000000000b1c        0x4 
 .text.hidKeysDown
                0x0000000000000b20       0x6c C:/devkitPro/libnx/lib\libnx.a(hid.o)
                0x0000000000000b20                hidKeysDown
 *fill*         0x0000000000000b8c        0x4 
 .text.hidTouchCount
                0x0000000000000b90        0xc C:/devkitPro/libnx/lib\libnx.a(hid.o)
                0x0000000000000b90                hidTouchCount
 *fill*         0x0000000000000b9c        0x4 
 .text.hidScanInput
                0x0000000000000ba0      0x598 C:/devkitPro/libnx/lib\libnx.a(hid.o)
                0x0000000000000ba0                hidScanInput
 *fill*         0x0000000000001138        0x8 
 .text.hidSetSupportedNpadStyleSet
                0x0000000000001140        0x8 C:/devkitPro/libnx/lib\libnx.a(hid.o)
                0x0000000000001140                hidSetSupportedNpadStyleSet
 *fill*         0x0000000000001148        0x8 
 .text.hidSetSupportedNpadIdType
                0x0000000000001150      0x1a8 C:/devkitPro/libnx/lib\libnx.a(hid.o)
                0x0000000000001150                hidSetSupportedNpadIdType
 *fill*         0x00000000000012f8        0x8 
 .text.hidSetNpadJoyHoldType
                0x0000000000001300        0x8 C:/devkitPro/libnx/lib\libnx.a(hid.o)
                0x0000000000001300                hidSetNpadJoyHoldType
 *fill*         0x0000000000001308        0x8 
 .text.hidSetNpadJoyAssignmentModeDual
                0x0000000000001310       0x20 C:/devkitPro/libnx/lib\libnx.a(hid.o)
                0x0000000000001310                hidSetNpadJoyAssignmentModeDual
 .text.hidFinalizeSevenSixAxisSensor
                0x0000000000001330       0x80 C:/devkitPro/libnx/lib\libnx.a(hid.o)
                0x0000000000001330                hidFinalizeSevenSixAxisSensor
 .text._hidCleanup
                0x00000000000013b0      0x10c C:/devkitPro/libnx/lib\libnx.a(hid.o)
 *fill*         0x00000000000014bc        0x4 
 .text.hidInitialize
                0x00000000000014c0      0x18c C:/devkitPro/libnx/lib\libnx.a(hid.o)
                0x00000000000014c0                hidInitialize
 *fill*         0x000000000000164c        0x4 
 .text.hidExit  0x0000000000001650       0x44 C:/devkitPro/libnx/lib\libnx.a(hid.o)
                0x0000000000001650                hidExit
 *fill*         0x0000000000001694        0xc 
 .text._appletInfiniteSleepLoop
                0x00000000000016a0       0x24 C:/devkitPro/libnx/lib\libnx.a(applet.o)
 *fill*         0x00000000000016c4        0xc 
 .text._appletCmdGetSession
                0x00000000000016d0       0xf0 C:/devkitPro/libnx/lib\libnx.a(applet.o)
 .text._appletGetLaunchReason
                0x00000000000017c0       0xfc C:/devkitPro/libnx/lib\libnx.a(applet.o)
 *fill*         0x00000000000018bc        0x4 
 .text._appletSetFocusHandlingMode
                0x00000000000018c0       0xf0 C:/devkitPro/libnx/lib\libnx.a(applet.o)
 .text._appletCmdNoIO.isra.2
                0x00000000000019b0       0xc0 C:/devkitPro/libnx/lib\libnx.a(applet.o)
 .text._appletCmdNoInOutU64.isra.3
                0x0000000000001a70       0xd4 C:/devkitPro/libnx/lib\libnx.a(applet.o)
 *fill*         0x0000000000001b44        0xc 
 .text._appletCmdNoInOutU32.isra.5
                0x0000000000001b50       0xd4 C:/devkitPro/libnx/lib\libnx.a(applet.o)
 *fill*         0x0000000000001c24        0xc 
 .text._appletCmdNoInOutU8.isra.6
                0x0000000000001c30       0xd4 C:/devkitPro/libnx/lib\libnx.a(applet.o)
 *fill*         0x0000000000001d04        0xc 
 .text._appletCmdNoInOutBool
                0x0000000000001d10       0x50 C:/devkitPro/libnx/lib\libnx.a(applet.o)
 .text._appletCmdInU8NoOut.isra.7
                0x0000000000001d60       0xc8 C:/devkitPro/libnx/lib\libnx.a(applet.o)
 *fill*         0x0000000000001e28        0x8 
 .text._appletCmdInU32NoOut.isra.10
                0x0000000000001e30       0xc8 C:/devkitPro/libnx/lib\libnx.a(applet.o)
 *fill*         0x0000000000001ef8        0x8 
 .text._appletGetLibraryAppletInfo.isra.12
                0x0000000000001f00       0xd4 C:/devkitPro/libnx/lib\libnx.a(applet.o)
 *fill*         0x0000000000001fd4        0xc 
 .text._appletGetSessionProxy.constprop.41
                0x0000000000001fe0      0x114 C:/devkitPro/libnx/lib\libnx.a(applet.o)
 *fill*         0x00000000000020f4        0xc 
 .text._appletOpenLibraryAppletProxy.constprop.42
                0x0000000000002100      0x148 C:/devkitPro/libnx/lib\libnx.a(applet.o)
 *fill*         0x0000000000002248        0x8 
 .text._appletCmdGetHandle.isra.4.constprop.46
                0x0000000000002250       0xcc C:/devkitPro/libnx/lib\libnx.a(applet.o)
 *fill*         0x000000000000231c        0x4 
 .text._appletCmdGetEvent
                0x0000000000002320       0x70 C:/devkitPro/libnx/lib\libnx.a(applet.o)
 .text.appletGetAppletType
                0x0000000000002390       0x10 C:/devkitPro/libnx/lib\libnx.a(applet.o)
                0x0000000000002390                appletGetAppletType
 .text.appletSetFocusHandlingMode
                0x00000000000023a0      0x114 C:/devkitPro/libnx/lib\libnx.a(applet.o)
                0x00000000000023a0                appletSetFocusHandlingMode
 *fill*         0x00000000000024b4        0xc 
 .text.appletSetCpuBoostMode
                0x00000000000024c0       0x64 C:/devkitPro/libnx/lib\libnx.a(applet.o)
                0x00000000000024c0                appletSetCpuBoostMode
 *fill*         0x0000000000002524        0xc 
 .text.appletCreateManagedDisplayLayer
                0x0000000000002530       0x2c C:/devkitPro/libnx/lib\libnx.a(applet.o)
                0x0000000000002530                appletCreateManagedDisplayLayer
 *fill*         0x000000000000255c        0x4 
 .text.appletGetAppletResourceUserId
                0x0000000000002560       0x28 C:/devkitPro/libnx/lib\libnx.a(applet.o)
                0x0000000000002560                appletGetAppletResourceUserId
 *fill*         0x0000000000002588        0x8 
 .text._appletGetIndirectLayerConsumerHandle.isra.29
                0x0000000000002590      0x10c C:/devkitPro/libnx/lib\libnx.a(applet.o)
 *fill*         0x000000000000269c        0x4 
 .text._appletHolderCreateState
                0x00000000000026a0       0x74 C:/devkitPro/libnx/lib\libnx.a(applet.o)
 *fill*         0x0000000000002714        0xc 
 .text.appletHolderClose
                0x0000000000002720       0xb4 C:/devkitPro/libnx/lib\libnx.a(applet.o)
                0x0000000000002720                appletHolderClose
 *fill*         0x00000000000027d4        0xc 
 .text.appletHolderGetLibraryAppletInfo
                0x00000000000027e0       0x24 C:/devkitPro/libnx/lib\libnx.a(applet.o)
                0x00000000000027e0                appletHolderGetLibraryAppletInfo
 *fill*         0x0000000000002804        0xc 
 .text.appletNotifyRunning
                0x0000000000002810       0x58 C:/devkitPro/libnx/lib\libnx.a(applet.o)
                0x0000000000002810                appletNotifyRunning
 *fill*         0x0000000000002868        0x8 
 .text.appletSetGamePlayRecordingState
                0x0000000000002870       0x88 C:/devkitPro/libnx/lib\libnx.a(applet.o)
                0x0000000000002870                appletSetGamePlayRecordingState
 *fill*         0x00000000000028f8        0x8 
 .text._appletCleanup
                0x0000000000002900      0xad0 C:/devkitPro/libnx/lib\libnx.a(applet.o)
 .text.appletExit
                0x00000000000033d0       0x44 C:/devkitPro/libnx/lib\libnx.a(applet.o)
                0x00000000000033d0                appletExit
 *fill*         0x0000000000003414        0xc 
 .text._appletExitProcess
                0x0000000000003420       0x20 C:/devkitPro/libnx/lib\libnx.a(applet.o)
 .text.appletGetLibraryAppletInfo
                0x0000000000003440       0x40 C:/devkitPro/libnx/lib\libnx.a(applet.o)
                0x0000000000003440                appletGetLibraryAppletInfo
 .text.appletInitialize
                0x0000000000003480      0xa44 C:/devkitPro/libnx/lib\libnx.a(applet.o)
                0x0000000000003480                appletInitialize
 *fill*         0x0000000000003ec4        0xc 
 .text.appletGetMessage
                0x0000000000003ed0       0x74 C:/devkitPro/libnx/lib\libnx.a(applet.o)
                0x0000000000003ed0                appletGetMessage
 *fill*         0x0000000000003f44        0xc 
 .text.appletProcessMessage
                0x0000000000003f50      0x240 C:/devkitPro/libnx/lib\libnx.a(applet.o)
                0x0000000000003f50                appletProcessMessage
 .text.appletMainLoop
                0x0000000000004190       0x34 C:/devkitPro/libnx/lib\libnx.a(applet.o)
                0x0000000000004190                appletMainLoop
 *fill*         0x00000000000041c4        0xc 
 .text.envSetup
                0x00000000000041d0      0x254 C:/devkitPro/libnx/lib\libnx.a(env.o)
                0x00000000000041d0                envSetup
 *fill*         0x0000000000004424        0xc 
 .text.envGetMainThreadHandle
                0x0000000000004430       0x20 C:/devkitPro/libnx/lib\libnx.a(env.o)
                0x0000000000004430                envGetMainThreadHandle
 .text.envIsNso
                0x0000000000004450        0xc C:/devkitPro/libnx/lib\libnx.a(env.o)
                0x0000000000004450                envIsNso
 *fill*         0x000000000000445c        0x4 
 .text.envHasHeapOverride
                0x0000000000004460       0x14 C:/devkitPro/libnx/lib\libnx.a(env.o)
                0x0000000000004460                envHasHeapOverride
 *fill*         0x0000000000004474        0xc 
 .text.envGetHeapOverrideAddr
                0x0000000000004480        0xc C:/devkitPro/libnx/lib\libnx.a(env.o)
                0x0000000000004480                envGetHeapOverrideAddr
 *fill*         0x000000000000448c        0x4 
 .text.envGetHeapOverrideSize
                0x0000000000004490        0xc C:/devkitPro/libnx/lib\libnx.a(env.o)
                0x0000000000004490                envGetHeapOverrideSize
 *fill*         0x000000000000449c        0x4 
 .text.envHasArgv
                0x00000000000044a0       0x14 C:/devkitPro/libnx/lib\libnx.a(env.o)
                0x00000000000044a0                envHasArgv
 *fill*         0x00000000000044b4        0xc 
 .text.envGetArgv
                0x00000000000044c0        0xc C:/devkitPro/libnx/lib\libnx.a(env.o)
                0x00000000000044c0                envGetArgv
 *fill*         0x00000000000044cc        0x4 
 .text.envGetExitFuncPtr
                0x00000000000044d0        0xc C:/devkitPro/libnx/lib\libnx.a(env.o)
                0x00000000000044d0                envGetExitFuncPtr
 *fill*         0x00000000000044dc        0x4 
 .text.envSetExitFuncPtr
                0x00000000000044e0        0xc C:/devkitPro/libnx/lib\libnx.a(env.o)
                0x00000000000044e0                envSetExitFuncPtr
 *fill*         0x00000000000044ec        0x4 
 .text.hosversionGet
                0x00000000000044f0       0x10 C:/devkitPro/libnx/lib\libnx.a(hosversion.o)
                0x00000000000044f0                hosversionGet
 .text.hosversionSet
                0x0000000000004500       0x10 C:/devkitPro/libnx/lib\libnx.a(hosversion.o)
                0x0000000000004500                hosversionSet
 .text.consoleDrawChar
                0x0000000000004510       0x44 C:/devkitPro/libnx/lib\libnx.a(console.o)
 *fill*         0x0000000000004554        0xc 
 .text.consoleClearLine
                0x0000000000004560      0x140 C:/devkitPro/libnx/lib\libnx.a(console.o)
 .text.consoleNewRow
                0x00000000000046a0       0x4c C:/devkitPro/libnx/lib\libnx.a(console.o)
 *fill*         0x00000000000046ec        0x4 
 .text.consolePrintChar
                0x00000000000046f0      0x118 C:/devkitPro/libnx/lib\libnx.a(console.o)
 *fill*         0x0000000000004808        0x8 
 .text.consoleCls
                0x0000000000004810      0x15c C:/devkitPro/libnx/lib\libnx.a(console.o)
 *fill*         0x000000000000496c        0x4 
 .text.con_write
                0x0000000000004970      0x7e0 C:/devkitPro/libnx/lib\libnx.a(console.o)
 .text.consoleInit
                0x0000000000005150      0x11c C:/devkitPro/libnx/lib\libnx.a(console.o)
                0x0000000000005150                consoleInit
 *fill*         0x000000000000526c        0x4 
 .text.consoleExit
                0x0000000000005270       0x48 C:/devkitPro/libnx/lib\libnx.a(console.o)
                0x0000000000005270                consoleExit
 *fill*         0x00000000000052b8        0x8 
 .text.consoleUpdate
                0x00000000000052c0       0x28 C:/devkitPro/libnx/lib\libnx.a(console.o)
                0x00000000000052c0                consoleUpdate
 .text.svcSetHeapSize
                0x00000000000052e8       0x14 C:/devkitPro/libnx/lib\libnx.a(svc.o)
                0x00000000000052e8                svcSetHeapSize
 .text.svcSetMemoryAttribute
                0x00000000000052fc        0x8 C:/devkitPro/libnx/lib\libnx.a(svc.o)
                0x00000000000052fc                svcSetMemoryAttribute
 .text.svcUnmapMemory
                0x0000000000005304        0x8 C:/devkitPro/libnx/lib\libnx.a(svc.o)
                0x0000000000005304                svcUnmapMemory
 .text.svcQueryMemory
                0x000000000000530c       0x14 C:/devkitPro/libnx/lib\libnx.a(svc.o)
                0x000000000000530c                svcQueryMemory
 .text.svcExitProcess
                0x0000000000005320        0x8 C:/devkitPro/libnx/lib\libnx.a(svc.o)
                0x0000000000005320                svcExitProcess
 .text.svcSleepThread
                0x0000000000005328        0x8 C:/devkitPro/libnx/lib\libnx.a(svc.o)
                0x0000000000005328                svcSleepThread
 .text.svcMapSharedMemory
                0x0000000000005330        0x8 C:/devkitPro/libnx/lib\libnx.a(svc.o)
                0x0000000000005330                svcMapSharedMemory
 .text.svcUnmapSharedMemory
                0x0000000000005338        0x8 C:/devkitPro/libnx/lib\libnx.a(svc.o)
                0x0000000000005338                svcUnmapSharedMemory
 .text.svcCreateTransferMemory
                0x0000000000005340       0x14 C:/devkitPro/libnx/lib\libnx.a(svc.o)
                0x0000000000005340                svcCreateTransferMemory
 .text.svcCloseHandle
                0x0000000000005354        0x8 C:/devkitPro/libnx/lib\libnx.a(svc.o)
                0x0000000000005354                svcCloseHandle
 .text.svcResetSignal
                0x000000000000535c        0x8 C:/devkitPro/libnx/lib\libnx.a(svc.o)
                0x000000000000535c                svcResetSignal
 .text.svcWaitSynchronization
                0x0000000000005364       0x14 C:/devkitPro/libnx/lib\libnx.a(svc.o)
                0x0000000000005364                svcWaitSynchronization
 .text.svcArbitrateLock
                0x0000000000005378        0x8 C:/devkitPro/libnx/lib\libnx.a(svc.o)
                0x0000000000005378                svcArbitrateLock
 .text.svcArbitrateUnlock
                0x0000000000005380        0x8 C:/devkitPro/libnx/lib\libnx.a(svc.o)
                0x0000000000005380                svcArbitrateUnlock
 .text.svcWaitProcessWideKeyAtomic
                0x0000000000005388        0x8 C:/devkitPro/libnx/lib\libnx.a(svc.o)
                0x0000000000005388                svcWaitProcessWideKeyAtomic
 .text.svcSignalProcessWideKey
                0x0000000000005390        0x8 C:/devkitPro/libnx/lib\libnx.a(svc.o)
                0x0000000000005390                svcSignalProcessWideKey
 .text.svcConnectToNamedPort
                0x0000000000005398       0x14 C:/devkitPro/libnx/lib\libnx.a(svc.o)
                0x0000000000005398                svcConnectToNamedPort
 .text.svcSendSyncRequest
                0x00000000000053ac        0x8 C:/devkitPro/libnx/lib\libnx.a(svc.o)
                0x00000000000053ac                svcSendSyncRequest
 .text.svcBreak
                0x00000000000053b4        0x8 C:/devkitPro/libnx/lib\libnx.a(svc.o)
                0x00000000000053b4                svcBreak
 .text.svcReturnFromException
                0x00000000000053bc        0x8 C:/devkitPro/libnx/lib\libnx.a(svc.o)
                0x00000000000053bc                svcReturnFromException
 .text.svcGetInfo
                0x00000000000053c4       0x14 C:/devkitPro/libnx/lib\libnx.a(svc.o)
                0x00000000000053c4                svcGetInfo
 .text.svcUnmapTransferMemory
                0x00000000000053d8        0x8 C:/devkitPro/libnx/lib\libnx.a(svc.o)
                0x00000000000053d8                svcUnmapTransferMemory
 .text.__libnx_exception_entry
                0x00000000000053e0      0x1c0 C:/devkitPro/libnx/lib\libnx.a(exception.o)
                0x00000000000053e0                __libnx_exception_entry
 .text.__libnx_exception_returnentry
                0x00000000000055a0       0x18 C:/devkitPro/libnx/lib\libnx.a(exception.o)
                0x00000000000055a0                __libnx_exception_returnentry
 *fill*         0x00000000000055b8        0x8 
 .text.eventLoadRemote
                0x00000000000055c0        0xc C:/devkitPro/libnx/lib\libnx.a(event.o)
                0x00000000000055c0                eventLoadRemote
 *fill*         0x00000000000055cc        0x4 
 .text.eventWait
                0x00000000000055d0       0x38 C:/devkitPro/libnx/lib\libnx.a(event.o)
                0x00000000000055d0                eventWait
 *fill*         0x0000000000005608        0x8 
 .text.eventClose
                0x0000000000005610       0x50 C:/devkitPro/libnx/lib\libnx.a(event.o)
                0x0000000000005610                eventClose
 .text.mutexLock
                0x0000000000005660       0x8c C:/devkitPro/libnx/lib\libnx.a(mutex.o)
                0x0000000000005660                mutexLock
 *fill*         0x00000000000056ec        0x4 
 .text.mutexUnlock
                0x00000000000056f0       0x30 C:/devkitPro/libnx/lib\libnx.a(mutex.o)
                0x00000000000056f0                mutexUnlock
 .text.rmutexLock
                0x0000000000005720       0x4c C:/devkitPro/libnx/lib\libnx.a(mutex.o)
                0x0000000000005720                rmutexLock
 *fill*         0x000000000000576c        0x4 
 .text.rmutexUnlock
                0x0000000000005770       0x1c C:/devkitPro/libnx/lib\libnx.a(mutex.o)
                0x0000000000005770                rmutexUnlock
 *fill*         0x000000000000578c        0x4 
 .text.tmemCreate
                0x0000000000005790       0xa8 C:/devkitPro/libnx/lib\libnx.a(tmem.o)
                0x0000000000005790                tmemCreate
 *fill*         0x0000000000005838        0x8 
 .text.tmemUnmap
                0x0000000000005840       0x58 C:/devkitPro/libnx/lib\libnx.a(tmem.o)
                0x0000000000005840                tmemUnmap
 *fill*         0x0000000000005898        0x8 
 .text.tmemClose
                0x00000000000058a0       0x68 C:/devkitPro/libnx/lib\libnx.a(tmem.o)
                0x00000000000058a0                tmemClose
 *fill*         0x0000000000005908        0x8 
 .text.rwlockReadLock
                0x0000000000005910       0x58 C:/devkitPro/libnx/lib\libnx.a(rwlock.o)
                0x0000000000005910                rwlockReadLock
 *fill*         0x0000000000005968        0x8 
 .text.rwlockReadUnlock
                0x0000000000005970       0x5c C:/devkitPro/libnx/lib\libnx.a(rwlock.o)
                0x0000000000005970                rwlockReadUnlock
 *fill*         0x00000000000059cc        0x4 
 .text.rwlockWriteLock
                0x00000000000059d0       0x84 C:/devkitPro/libnx/lib\libnx.a(rwlock.o)
                0x00000000000059d0                rwlockWriteLock
 *fill*         0x0000000000005a54        0xc 
 .text.rwlockWriteUnlock
                0x0000000000005a60       0x3c C:/devkitPro/libnx/lib\libnx.a(rwlock.o)
                0x0000000000005a60                rwlockWriteUnlock
 *fill*         0x0000000000005a9c        0x4 
 .text._waitLoop
                0x0000000000005aa0      0x104 C:/devkitPro/libnx/lib\libnx.a(wait.o)
 *fill*         0x0000000000005ba4        0xc 
 .text._waitObjectsImpl
                0x0000000000005bb0      0x338 C:/devkitPro/libnx/lib\libnx.a(wait.o)
 *fill*         0x0000000000005ee8        0x8 
 .text.waitObjects
                0x0000000000005ef0        0xc C:/devkitPro/libnx/lib\libnx.a(wait.o)
                0x0000000000005ef0                waitObjects
 *fill*         0x0000000000005efc        0x4 
 .text.shmemLoadRemote
                0x0000000000005f00       0x14 C:/devkitPro/libnx/lib\libnx.a(shmem.o)
                0x0000000000005f00                shmemLoadRemote
 *fill*         0x0000000000005f14        0xc 
 .text.shmemMap
                0x0000000000005f20       0x84 C:/devkitPro/libnx/lib\libnx.a(shmem.o)
                0x0000000000005f20                shmemMap
 *fill*         0x0000000000005fa4        0xc 
 .text.shmemUnmap
                0x0000000000005fb0       0x58 C:/devkitPro/libnx/lib\libnx.a(shmem.o)
                0x0000000000005fb0                shmemUnmap
 *fill*         0x0000000000006008        0x8 
 .text.shmemClose
                0x0000000000006010       0x44 C:/devkitPro/libnx/lib\libnx.a(shmem.o)
                0x0000000000006010                shmemClose
 *fill*         0x0000000000006054        0xc 
 .text._smCleanup
                0x0000000000006060       0x68 C:/devkitPro/libnx/lib\libnx.a(sm.o)
 *fill*         0x00000000000060c8        0x8 
 .text.smAddOverrideHandle
                0x00000000000060d0       0x48 C:/devkitPro/libnx/lib\libnx.a(sm.o)
                0x00000000000060d0                smAddOverrideHandle
 *fill*         0x0000000000006118        0x8 
 .text.smGetServiceOverride
                0x0000000000006120       0x64 C:/devkitPro/libnx/lib\libnx.a(sm.o)
                0x0000000000006120                smGetServiceOverride
 *fill*         0x0000000000006184        0xc 
 .text.smExit   0x0000000000006190       0x44 C:/devkitPro/libnx/lib\libnx.a(sm.o)
                0x0000000000006190                smExit
 *fill*         0x00000000000061d4        0xc 
 .text.smGetServiceOriginal
                0x00000000000061e0       0xd0 C:/devkitPro/libnx/lib\libnx.a(sm.o)
                0x00000000000061e0                smGetServiceOriginal
 .text.smInitialize
                0x00000000000062b0      0x27c C:/devkitPro/libnx/lib\libnx.a(sm.o)
                0x00000000000062b0                smInitialize
 *fill*         0x000000000000652c        0x4 
 .text.smGetServiceWrapper
                0x0000000000006530      0x114 C:/devkitPro/libnx/lib\libnx.a(sm.o)
                0x0000000000006530                smGetServiceWrapper
 *fill*         0x0000000000006644        0xc 
 .text._fatalCmd
                0x0000000000006650      0x1a8 C:/devkitPro/libnx/lib\libnx.a(fatal.o)
 *fill*         0x00000000000067f8        0x8 
 .text.fatalThrowWithPolicy
                0x0000000000006800        0xc C:/devkitPro/libnx/lib\libnx.a(fatal.o)
                0x0000000000006800                fatalThrowWithPolicy
 *fill*         0x000000000000680c        0x4 
 .text.fatalThrow
                0x0000000000006810       0x14 C:/devkitPro/libnx/lib\libnx.a(fatal.o)
                0x0000000000006810                fatalThrow
                0x0000000000006810                fatalSimple
 *fill*         0x0000000000006824        0xc 
 .text._apmCleanup
                0x0000000000006830       0xcc C:/devkitPro/libnx/lib\libnx.a(apm.o)
 *fill*         0x00000000000068fc        0x4 
 .text._apmCmdGetSession.constprop.0
                0x0000000000006900      0x188 C:/devkitPro/libnx/lib\libnx.a(apm.o)
 *fill*         0x0000000000006a88        0x8 
 .text.apmInitialize
                0x0000000000006a90       0xa0 C:/devkitPro/libnx/lib\libnx.a(apm.o)
                0x0000000000006a90                apmInitialize
 .text.apmExit  0x0000000000006b30       0x44 C:/devkitPro/libnx/lib\libnx.a(apm.o)
                0x0000000000006b30                apmExit
 *fill*         0x0000000000006b74        0xc 
 .text.apmSetPerformanceConfiguration
                0x0000000000006b80       0xc8 C:/devkitPro/libnx/lib\libnx.a(apm.o)
                0x0000000000006b80                apmSetPerformanceConfiguration
 *fill*         0x0000000000006c48        0x8 
 .text.argvSetup
                0x0000000000006c50      0x324 C:/devkitPro/libnx/lib\libnx.a(argv.o)
                0x0000000000006c50                argvSetup
 *fill*         0x0000000000006f74        0xc 
 .text.nxlinkSetup
                0x0000000000006f80       0xc4 C:/devkitPro/libnx/lib\libnx.a(nxlink.o)
                0x0000000000006f80                nxlinkSetup
 *fill*         0x0000000000007044        0xc 
 .text.__libnx_initheap
                0x0000000000007050       0xd8 C:/devkitPro/libnx/lib\libnx.a(init.o)
                0x0000000000007050                __libnx_initheap
 *fill*         0x0000000000007128        0x8 
 .text.__appInit
                0x0000000000007130       0xe8 C:/devkitPro/libnx/lib\libnx.a(init.o)
                0x0000000000007130                __appInit
 *fill*         0x0000000000007218        0x8 
 .text.__appExit
                0x0000000000007220       0x44 C:/devkitPro/libnx/lib\libnx.a(init.o)
                0x0000000000007220                __appExit
 *fill*         0x0000000000007264        0xc 
 .text.__libnx_init
                0x0000000000007270       0x28 C:/devkitPro/libnx/lib\libnx.a(init.o)
                0x0000000000007270                __libnx_init
 *fill*         0x0000000000007298        0x8 
 .text.__libnx_exit
                0x00000000000072a0       0x20 C:/devkitPro/libnx/lib\libnx.a(init.o)
                0x00000000000072a0                __libnx_exit
 .text.__nx_dynamic
                0x00000000000072c0       0xa0 C:/devkitPro/libnx/lib\libnx.a(dynamic.o)
                0x00000000000072c0                __nx_dynamic
 .text.fsdev_link
                0x0000000000007360       0x10 C:/devkitPro/libnx/lib\libnx.a(fs_dev.o)
 .text.fsdev_dirreset
                0x0000000000007370       0x10 C:/devkitPro/libnx/lib\libnx.a(fs_dev.o)
 .text.fsdev_chmod
                0x0000000000007380       0x10 C:/devkitPro/libnx/lib\libnx.a(fs_dev.o)
 .text.error_cmp
                0x0000000000007390       0x1c C:/devkitPro/libnx/lib\libnx.a(fs_dev.o)
 *fill*         0x00000000000073ac        0x4 
 .text.fsdev_translate_error
                0x00000000000073b0       0x5c C:/devkitPro/libnx/lib\libnx.a(fs_dev.o)
 *fill*         0x000000000000740c        0x4 
 .text.fsdev_fsync
                0x0000000000007410       0x40 C:/devkitPro/libnx/lib\libnx.a(fs_dev.o)
 .text.fsdev_ftruncate
                0x0000000000007450       0x60 C:/devkitPro/libnx/lib\libnx.a(fs_dev.o)
 .text.fsdev_dirclose
                0x00000000000074b0       0x20 C:/devkitPro/libnx/lib\libnx.a(fs_dev.o)
 .text.fsdev_close
                0x00000000000074d0       0x1c C:/devkitPro/libnx/lib\libnx.a(fs_dev.o)
 *fill*         0x00000000000074ec        0x4 
 .text.fsdev_converttimetoutc
                0x00000000000074f0       0x7c C:/devkitPro/libnx/lib\libnx.a(fs_dev.o)
 *fill*         0x000000000000756c        0x4 
 .text.fsdev_fstat
                0x0000000000007570       0xc8 C:/devkitPro/libnx/lib\libnx.a(fs_dev.o)
 *fill*         0x0000000000007638        0x8 
 .text.fsdev_seek
                0x0000000000007640       0xb0 C:/devkitPro/libnx/lib\libnx.a(fs_dev.o)
 .text.fsdev_read_safe.isra.0
                0x00000000000076f0      0x118 C:/devkitPro/libnx/lib\libnx.a(fs_dev.o)
 *fill*         0x0000000000007808        0x8 
 .text.fsdev_read
                0x0000000000007810       0xcc C:/devkitPro/libnx/lib\libnx.a(fs_dev.o)
 *fill*         0x00000000000078dc        0x4 
 .text.fsdev_write_safe.isra.1
                0x00000000000078e0      0x114 C:/devkitPro/libnx/lib\libnx.a(fs_dev.o)
 *fill*         0x00000000000079f4        0xc 
 .text.fsdev_write
                0x0000000000007a00       0xf0 C:/devkitPro/libnx/lib\libnx.a(fs_dev.o)
 .text.fsdevFindDevice.part.2
                0x0000000000007af0       0xb8 C:/devkitPro/libnx/lib\libnx.a(fs_dev.o)
 *fill*         0x0000000000007ba8        0x8 
 .text.fsdev_getfspath
                0x0000000000007bb0      0x210 C:/devkitPro/libnx/lib\libnx.a(fs_dev.o)
 .text.fsdev_rmdir
                0x0000000000007dc0       0x78 C:/devkitPro/libnx/lib\libnx.a(fs_dev.o)
 *fill*         0x0000000000007e38        0x8 
 .text.fsdev_statvfs
                0x0000000000007e40       0xd8 C:/devkitPro/libnx/lib\libnx.a(fs_dev.o)
 *fill*         0x0000000000007f18        0x8 
 .text.fsdev_diropen
                0x0000000000007f20       0xf4 C:/devkitPro/libnx/lib\libnx.a(fs_dev.o)
 *fill*         0x0000000000008014        0xc 
 .text.fsdev_mkdir
                0x0000000000008020       0x78 C:/devkitPro/libnx/lib\libnx.a(fs_dev.o)
 *fill*         0x0000000000008098        0x8 
 .text.fsdev_rename
                0x00000000000080a0      0x10c C:/devkitPro/libnx/lib\libnx.a(fs_dev.o)
 *fill*         0x00000000000081ac        0x4 
 .text.fsdev_chdir
                0x00000000000081b0      0x124 C:/devkitPro/libnx/lib\libnx.a(fs_dev.o)
 *fill*         0x00000000000082d4        0xc 
 .text.fsdev_unlink
                0x00000000000082e0       0x78 C:/devkitPro/libnx/lib\libnx.a(fs_dev.o)
 *fill*         0x0000000000008358        0x8 
 .text.fsdev_stat
                0x0000000000008360      0x1c0 C:/devkitPro/libnx/lib\libnx.a(fs_dev.o)
 .text.fsdev_open
                0x0000000000008520      0x1b0 C:/devkitPro/libnx/lib\libnx.a(fs_dev.o)
 .text._fsdevUnmountDeviceStruct.part.4
                0x00000000000086d0       0xa8 C:/devkitPro/libnx/lib\libnx.a(fs_dev.o)
 *fill*         0x0000000000008778        0x8 
 .text.fsdev_dirnext
                0x0000000000008780      0x184 C:/devkitPro/libnx/lib\libnx.a(fs_dev.o)
 *fill*         0x0000000000008904        0xc 
 .text.fsdev_fchmod
                0x0000000000008910       0x10 C:/devkitPro/libnx/lib\libnx.a(fs_dev.o)
 .text.fsdevMountDevice
                0x0000000000008920      0x1c8 C:/devkitPro/libnx/lib\libnx.a(fs_dev.o)
                0x0000000000008920                fsdevMountDevice
 *fill*         0x0000000000008ae8        0x8 
 .text.fsdevMountSdmc
                0x0000000000008af0       0x40 C:/devkitPro/libnx/lib\libnx.a(fs_dev.o)
                0x0000000000008af0                fsdevMountSdmc
 .text.__libnx_init_cwd
                0x0000000000008b30       0xcc C:/devkitPro/libnx/lib\libnx.a(fs_dev.o)
                0x0000000000008b30                __libnx_init_cwd
 *fill*         0x0000000000008bfc        0x4 
 .text.fsdevUnmountAll
                0x0000000000008c00       0x64 C:/devkitPro/libnx/lib\libnx.a(fs_dev.o)
                0x0000000000008c00                fsdevUnmountAll
 *fill*         0x0000000000008c64        0xc 
 .text.ConsoleSwRenderer_flushAndSwap
                0x0000000000008c70       0x70 C:/devkitPro/libnx/lib\libnx.a(console_sw.o)
 .text.ConsoleSwRenderer_scrollWindow
                0x0000000000008ce0       0xc4 C:/devkitPro/libnx/lib\libnx.a(console_sw.o)
 *fill*         0x0000000000008da4        0xc 
 .text.ConsoleSwRenderer_drawChar
                0x0000000000008db0      0x188 C:/devkitPro/libnx/lib\libnx.a(console_sw.o)
 *fill*         0x0000000000008f38        0x8 
 .text.ConsoleSwRenderer_deinit
                0x0000000000008f40       0x3c C:/devkitPro/libnx/lib\libnx.a(console_sw.o)
 *fill*         0x0000000000008f7c        0x4 
 .text.ConsoleSwRenderer_init
                0x0000000000008f80       0xf4 C:/devkitPro/libnx/lib\libnx.a(console_sw.o)
 *fill*         0x0000000000009074        0xc 
 .text.getDefaultConsoleRenderer
                0x0000000000009080        0xc C:/devkitPro/libnx/lib\libnx.a(console_sw.o)
                0x0000000000009080                getDefaultConsoleRenderer
 *fill*         0x000000000000908c        0x4 
 .text.decode_utf8
                0x0000000000009090      0x12c C:/devkitPro/libnx/lib\libnx.a(decode_utf8.o)
                0x0000000000009090                decode_utf8
 .text.__aarch64_read_tp
                0x00000000000091bc        0xc C:/devkitPro/libnx/lib\libnx.a(readtp.o)
                0x00000000000091bc                __aarch64_read_tp
 *fill*         0x00000000000091c8        0x8 
 .text.condvarWaitTimeout
                0x00000000000091d0       0x60 C:/devkitPro/libnx/lib\libnx.a(condvar.o)
                0x00000000000091d0                condvarWaitTimeout
 .text._GetRegionFromInfo.isra.1
                0x0000000000009230       0x7c C:/devkitPro/libnx/lib\libnx.a(virtmem.o)
 *fill*         0x00000000000092ac        0x4 
 .text.virtmemSetup
                0x00000000000092b0      0x114 C:/devkitPro/libnx/lib\libnx.a(virtmem.o)
                0x00000000000092b0                virtmemSetup
 *fill*         0x00000000000093c4        0xc 
 .text.virtmemReserve
                0x00000000000093d0      0x124 C:/devkitPro/libnx/lib\libnx.a(virtmem.o)
                0x00000000000093d0                virtmemReserve
 *fill*         0x00000000000094f4        0xc 
 .text.virtmemFree
                0x0000000000009500        0x4 C:/devkitPro/libnx/lib\libnx.a(virtmem.o)
                0x0000000000009500                virtmemFree
 *fill*         0x0000000000009504        0xc 
 .text.detectKernelVersion
                0x0000000000009510      0x17c C:/devkitPro/libnx/lib\libnx.a(detect.o)
                0x0000000000009510                detectKernelVersion
 *fill*         0x000000000000968c        0x4 
 .text.detectDebugger
                0x0000000000009690       0x30 C:/devkitPro/libnx/lib\libnx.a(detect.o)
                0x0000000000009690                detectDebugger
 .text._fsCleanup
                0x00000000000096c0       0xb4 C:/devkitPro/libnx/lib\libnx.a(fs.o)
 *fill*         0x0000000000009774        0xc 
 .text._fsCmdNoIO
                0x0000000000009780      0x1d4 C:/devkitPro/libnx/lib\libnx.a(fs.o)
 *fill*         0x0000000000009954        0xc 
 .text._fsFsCmdWithInPath
                0x0000000000009960      0x200 C:/devkitPro/libnx/lib\libnx.a(fs.o)
 .text._fsFsCmdWithTwoInPaths
                0x0000000000009b60      0x244 C:/devkitPro/libnx/lib\libnx.a(fs.o)
 *fill*         0x0000000000009da4        0xc 
 .text._fsFsOpenCommon
                0x0000000000009db0      0x2fc C:/devkitPro/libnx/lib\libnx.a(fs.o)
 *fill*         0x000000000000a0ac        0x4 
 .text._fsFsCmdWithInPathAndOutU64
                0x000000000000a0b0      0x214 C:/devkitPro/libnx/lib\libnx.a(fs.o)
 *fill*         0x000000000000a2c4        0xc 
 .text._fsObjectClose
                0x000000000000a2d0       0xfc C:/devkitPro/libnx/lib\libnx.a(fs.o)
 *fill*         0x000000000000a3cc        0x4 
 .text._fsCmdGetSession.constprop.2
                0x000000000000a3d0      0x170 C:/devkitPro/libnx/lib\libnx.a(fs.o)
 .text.fsInitialize
                0x000000000000a540      0x328 C:/devkitPro/libnx/lib\libnx.a(fs.o)
                0x000000000000a540                fsInitialize
 *fill*         0x000000000000a868        0x8 
 .text.fsExit   0x000000000000a870       0x44 C:/devkitPro/libnx/lib\libnx.a(fs.o)
                0x000000000000a870                fsExit
 *fill*         0x000000000000a8b4        0xc 
 .text.fsOpenSdCardFileSystem
                0x000000000000a8c0        0x8 C:/devkitPro/libnx/lib\libnx.a(fs.o)
                0x000000000000a8c0                fsOpenSdCardFileSystem
 *fill*         0x000000000000a8c8        0x8 
 .text.fsFsCreateFile
                0x000000000000a8d0      0x20c C:/devkitPro/libnx/lib\libnx.a(fs.o)
                0x000000000000a8d0                fsFsCreateFile
 *fill*         0x000000000000aadc        0x4 
 .text.fsFsDeleteFile
                0x000000000000aae0        0x8 C:/devkitPro/libnx/lib\libnx.a(fs.o)
                0x000000000000aae0                fsFsDeleteFile
 *fill*         0x000000000000aae8        0x8 
 .text.fsFsCreateDirectory
                0x000000000000aaf0        0x8 C:/devkitPro/libnx/lib\libnx.a(fs.o)
                0x000000000000aaf0                fsFsCreateDirectory
 *fill*         0x000000000000aaf8        0x8 
 .text.fsFsDeleteDirectory
                0x000000000000ab00        0x8 C:/devkitPro/libnx/lib\libnx.a(fs.o)
                0x000000000000ab00                fsFsDeleteDirectory
 *fill*         0x000000000000ab08        0x8 
 .text.fsFsRenameFile
                0x000000000000ab10        0x8 C:/devkitPro/libnx/lib\libnx.a(fs.o)
                0x000000000000ab10                fsFsRenameFile
 *fill*         0x000000000000ab18        0x8 
 .text.fsFsRenameDirectory
                0x000000000000ab20        0x8 C:/devkitPro/libnx/lib\libnx.a(fs.o)
                0x000000000000ab20                fsFsRenameDirectory
 *fill*         0x000000000000ab28        0x8 
 .text.fsFsGetEntryType
                0x000000000000ab30      0x210 C:/devkitPro/libnx/lib\libnx.a(fs.o)
                0x000000000000ab30                fsFsGetEntryType
 .text.fsFsOpenFile
                0x000000000000ad40        0x8 C:/devkitPro/libnx/lib\libnx.a(fs.o)
                0x000000000000ad40                fsFsOpenFile
 *fill*         0x000000000000ad48        0x8 
 .text.fsFsOpenDirectory
                0x000000000000ad50        0x8 C:/devkitPro/libnx/lib\libnx.a(fs.o)
                0x000000000000ad50                fsFsOpenDirectory
 *fill*         0x000000000000ad58        0x8 
 .text.fsFsGetFreeSpace
                0x000000000000ad60        0x8 C:/devkitPro/libnx/lib\libnx.a(fs.o)
                0x000000000000ad60                fsFsGetFreeSpace
 *fill*         0x000000000000ad68        0x8 
 .text.fsFsGetTotalSpace
                0x000000000000ad70        0x8 C:/devkitPro/libnx/lib\libnx.a(fs.o)
                0x000000000000ad70                fsFsGetTotalSpace
 *fill*         0x000000000000ad78        0x8 
 .text.fsFsGetFileTimeStampRaw
                0x000000000000ad80      0x260 C:/devkitPro/libnx/lib\libnx.a(fs.o)
                0x000000000000ad80                fsFsGetFileTimeStampRaw
 .text.fsFsClose
                0x000000000000afe0        0x4 C:/devkitPro/libnx/lib\libnx.a(fs.o)
                0x000000000000afe0                fsFsClose
 *fill*         0x000000000000afe4        0xc 
 .text.fsFileRead
                0x000000000000aff0      0x248 C:/devkitPro/libnx/lib\libnx.a(fs.o)
                0x000000000000aff0                fsFileRead
 *fill*         0x000000000000b238        0x8 
 .text.fsFileWrite
                0x000000000000b240      0x22c C:/devkitPro/libnx/lib\libnx.a(fs.o)
                0x000000000000b240                fsFileWrite
 *fill*         0x000000000000b46c        0x4 
 .text.fsFileFlush
                0x000000000000b470        0x8 C:/devkitPro/libnx/lib\libnx.a(fs.o)
                0x000000000000b470                fsFileFlush
 *fill*         0x000000000000b478        0x8 
 .text.fsFileSetSize
                0x000000000000b480      0x1dc C:/devkitPro/libnx/lib\libnx.a(fs.o)
                0x000000000000b480                fsFileSetSize
 *fill*         0x000000000000b65c        0x4 
 .text.fsFileGetSize
                0x000000000000b660      0x1ec C:/devkitPro/libnx/lib\libnx.a(fs.o)
                0x000000000000b660                fsFileGetSize
 *fill*         0x000000000000b84c        0x4 
 .text.fsFileClose
                0x000000000000b850        0x4 C:/devkitPro/libnx/lib\libnx.a(fs.o)
                0x000000000000b850                fsFileClose
 *fill*         0x000000000000b854        0xc 
 .text.fsDirClose
                0x000000000000b860        0x4 C:/devkitPro/libnx/lib\libnx.a(fs.o)
                0x000000000000b860                fsDirClose
 *fill*         0x000000000000b864        0xc 
 .text.fsDirRead
                0x000000000000b870      0x230 C:/devkitPro/libnx/lib\libnx.a(fs.o)
                0x000000000000b870                fsDirRead
 .text._setsysGetFirmwareVersionImpl
                0x000000000000baa0       0xd4 C:/devkitPro/libnx/lib\libnx.a(set.o)
 *fill*         0x000000000000bb74        0xc 
 .text._setsysCleanup
                0x000000000000bb80       0x68 C:/devkitPro/libnx/lib\libnx.a(set.o)
 *fill*         0x000000000000bbe8        0x8 
 .text.setsysInitialize
                0x000000000000bbf0       0xa0 C:/devkitPro/libnx/lib\libnx.a(set.o)
                0x000000000000bbf0                setsysInitialize
 .text.setsysExit
                0x000000000000bc90       0x44 C:/devkitPro/libnx/lib\libnx.a(set.o)
                0x000000000000bc90                setsysExit
 *fill*         0x000000000000bcd4        0xc 
 .text.setsysGetFirmwareVersion
                0x000000000000bce0       0x44 C:/devkitPro/libnx/lib\libnx.a(set.o)
                0x000000000000bce0                setsysGetFirmwareVersion
 *fill*         0x000000000000bd24        0xc 
 .text._timeCleanup
                0x000000000000bd30      0x1d4 C:/devkitPro/libnx/lib\libnx.a(time.o)
 *fill*         0x000000000000bf04        0xc 
 .text._timeCmdNoInOutU64.constprop.2
                0x000000000000bf10       0xc8 C:/devkitPro/libnx/lib\libnx.a(time.o)
 *fill*         0x000000000000bfd8        0x8 
 .text._timeCmdGetSession.constprop.4
                0x000000000000bfe0      0x184 C:/devkitPro/libnx/lib\libnx.a(time.o)
 *fill*         0x000000000000c164        0xc 
 .text.timeInitialize
                0x000000000000c170      0x200 C:/devkitPro/libnx/lib\libnx.a(time.o)
                0x000000000000c170                timeInitialize
 .text.timeExit
                0x000000000000c370       0x44 C:/devkitPro/libnx/lib\libnx.a(time.o)
                0x000000000000c370                timeExit
 *fill*         0x000000000000c3b4        0xc 
 .text.timeGetServiceSession_SystemClock
                0x000000000000c3c0       0x38 C:/devkitPro/libnx/lib\libnx.a(time.o)
                0x000000000000c3c0                timeGetServiceSession_SystemClock
 *fill*         0x000000000000c3f8        0x8 
 .text.timeGetCurrentTime
                0x000000000000c400       0x2c C:/devkitPro/libnx/lib\libnx.a(time.o)
                0x000000000000c400                timeGetCurrentTime
 *fill*         0x000000000000c42c        0x4 
 .text.timeToCalendarTimeWithMyRule
                0x000000000000c430      0x118 C:/devkitPro/libnx/lib\libnx.a(time.o)
                0x000000000000c430                timeToCalendarTimeWithMyRule
 *fill*         0x000000000000c548        0x8 
 .text.timeToPosixTimeWithMyRule
                0x000000000000c550      0x104 C:/devkitPro/libnx/lib\libnx.a(time.o)
                0x000000000000c550                timeToPosixTimeWithMyRule
 *fill*         0x000000000000c654        0xc 
 .text._nwindowConnect
                0x000000000000c660       0x54 C:/devkitPro/libnx/lib\libnx.a(native_window.o)
 *fill*         0x000000000000c6b4        0xc 
 .text._nwindowDisconnect
                0x000000000000c6c0       0x40 C:/devkitPro/libnx/lib\libnx.a(native_window.o)
 .text.nwindowIsValid
                0x000000000000c700       0x24 C:/devkitPro/libnx/lib\libnx.a(native_window.o)
                0x000000000000c700                nwindowIsValid
 *fill*         0x000000000000c724        0xc 
 .text.nwindowClose
                0x000000000000c730       0x6c C:/devkitPro/libnx/lib\libnx.a(native_window.o)
                0x000000000000c730                nwindowClose
 *fill*         0x000000000000c79c        0x4 
 .text.nwindowCreate
                0x000000000000c7a0       0xd4 C:/devkitPro/libnx/lib\libnx.a(native_window.o)
                0x000000000000c7a0                nwindowCreate
 *fill*         0x000000000000c874        0xc 
 .text.nwindowCreateFromLayer
                0x000000000000c880       0x34 C:/devkitPro/libnx/lib\libnx.a(native_window.o)
                0x000000000000c880                nwindowCreateFromLayer
 *fill*         0x000000000000c8b4        0xc 
 .text.nwindowSetDimensions
                0x000000000000c8c0       0x88 C:/devkitPro/libnx/lib\libnx.a(native_window.o)
                0x000000000000c8c0                nwindowSetDimensions
 *fill*         0x000000000000c948        0x8 
 .text.nwindowConfigureBuffer
                0x000000000000c950      0x154 C:/devkitPro/libnx/lib\libnx.a(native_window.o)
                0x000000000000c950                nwindowConfigureBuffer
 *fill*         0x000000000000caa4        0xc 
 .text.nwindowDequeueBuffer
                0x000000000000cab0      0x1e4 C:/devkitPro/libnx/lib\libnx.a(native_window.o)
                0x000000000000cab0                nwindowDequeueBuffer
 *fill*         0x000000000000cc94        0xc 
 .text.nwindowQueueBuffer
                0x000000000000cca0      0x144 C:/devkitPro/libnx/lib\libnx.a(native_window.o)
                0x000000000000cca0                nwindowQueueBuffer
 *fill*         0x000000000000cde4        0xc 
 .text.nwindowReleaseBuffers
                0x000000000000cdf0       0xac C:/devkitPro/libnx/lib\libnx.a(native_window.o)
                0x000000000000cdf0                nwindowReleaseBuffers
 *fill*         0x000000000000ce9c        0x4 
 .text.nwindowGetDefault
                0x000000000000cea0        0xc C:/devkitPro/libnx/lib\libnx.a(default_window.o)
                0x000000000000cea0                nwindowGetDefault
 *fill*         0x000000000000ceac        0x4 
 .text.__nx_win_init
                0x000000000000ceb0       0xc8 C:/devkitPro/libnx/lib\libnx.a(default_window.o)
                0x000000000000ceb0                __nx_win_init
 *fill*         0x000000000000cf78        0x8 
 .text.__nx_win_exit
                0x000000000000cf80       0x34 C:/devkitPro/libnx/lib\libnx.a(default_window.o)
                0x000000000000cf80                __nx_win_exit
 *fill*         0x000000000000cfb4        0xc 
 .text.binderCreate
                0x000000000000cfc0       0x18 C:/devkitPro/libnx/lib\libnx.a(binder.o)
                0x000000000000cfc0                binderCreate
 *fill*         0x000000000000cfd8        0x8 
 .text.binderTransactParcel
                0x000000000000cfe0      0x440 C:/devkitPro/libnx/lib\libnx.a(binder.o)
                0x000000000000cfe0                binderTransactParcel
 .text.binderConvertErrorCode
                0x000000000000d420      0x124 C:/devkitPro/libnx/lib\libnx.a(binder.o)
                0x000000000000d420                binderConvertErrorCode
 *fill*         0x000000000000d544        0xc 
 .text.binderAdjustRefcount
                0x000000000000d550      0x124 C:/devkitPro/libnx/lib\libnx.a(binder.o)
                0x000000000000d550                binderAdjustRefcount
 *fill*         0x000000000000d674        0xc 
 .text.binderInitSession
                0x000000000000d680       0x98 C:/devkitPro/libnx/lib\libnx.a(binder.o)
                0x000000000000d680                binderInitSession
 *fill*         0x000000000000d718        0x8 
 .text.binderClose
                0x000000000000d720       0x68 C:/devkitPro/libnx/lib\libnx.a(binder.o)
                0x000000000000d720                binderClose
 *fill*         0x000000000000d788        0x8 
 .text.binderGetNativeHandle
                0x000000000000d790      0x158 C:/devkitPro/libnx/lib\libnx.a(binder.o)
                0x000000000000d790                binderGetNativeHandle
 *fill*         0x000000000000d8e8        0x8 
 .text.bqRequestBuffer
                0x000000000000d8f0       0xe8 C:/devkitPro/libnx/lib\libnx.a(buffer_producer.o)
                0x000000000000d8f0                bqRequestBuffer
 *fill*         0x000000000000d9d8        0x8 
 .text.bqDequeueBuffer
                0x000000000000d9e0      0x154 C:/devkitPro/libnx/lib\libnx.a(buffer_producer.o)
                0x000000000000d9e0                bqDequeueBuffer
 *fill*         0x000000000000db34        0xc 
 .text.bqDetachBuffer
                0x000000000000db40       0x9c C:/devkitPro/libnx/lib\libnx.a(buffer_producer.o)
                0x000000000000db40                bqDetachBuffer
 *fill*         0x000000000000dbdc        0x4 
 .text.bqQueueBuffer
                0x000000000000dbe0       0xe0 C:/devkitPro/libnx/lib\libnx.a(buffer_producer.o)
                0x000000000000dbe0                bqQueueBuffer
 .text.bqCancelBuffer
                0x000000000000dcc0       0x90 C:/devkitPro/libnx/lib\libnx.a(buffer_producer.o)
                0x000000000000dcc0                bqCancelBuffer
 .text.bqConnect
                0x000000000000dd50       0xe4 C:/devkitPro/libnx/lib\libnx.a(buffer_producer.o)
                0x000000000000dd50                bqConnect
 *fill*         0x000000000000de34        0xc 
 .text.bqDisconnect
                0x000000000000de40       0x9c C:/devkitPro/libnx/lib\libnx.a(buffer_producer.o)
                0x000000000000de40                bqDisconnect
 *fill*         0x000000000000dedc        0x4 
 .text.bqSetPreallocatedBuffer
                0x000000000000dee0      0x178 C:/devkitPro/libnx/lib\libnx.a(buffer_producer.o)
                0x000000000000dee0                bqSetPreallocatedBuffer
 *fill*         0x000000000000e058        0x8 
 .text.framebufferMakeLinear
                0x000000000000e060       0x80 C:/devkitPro/libnx/lib\libnx.a(framebuffer.o)
                0x000000000000e060                framebufferMakeLinear
 .text.framebufferClose
                0x000000000000e0e0       0x78 C:/devkitPro/libnx/lib\libnx.a(framebuffer.o)
                0x000000000000e0e0                framebufferClose
 *fill*         0x000000000000e158        0x8 
 .text.framebufferCreate
                0x000000000000e160      0x298 C:/devkitPro/libnx/lib\libnx.a(framebuffer.o)
                0x000000000000e160                framebufferCreate
 *fill*         0x000000000000e3f8        0x8 
 .text.framebufferBegin
                0x000000000000e400       0x80 C:/devkitPro/libnx/lib\libnx.a(framebuffer.o)
                0x000000000000e400                framebufferBegin
 .text.framebufferEnd
                0x000000000000e480      0x17c C:/devkitPro/libnx/lib\libnx.a(framebuffer.o)
                0x000000000000e480                framebufferEnd
 *fill*         0x000000000000e5fc        0x4 
 .text.__syscall_exit
                0x000000000000e600       0x1c C:/devkitPro/libnx/lib\libnx.a(newlib.o)
                0x000000000000e600                __syscall_exit
 *fill*         0x000000000000e61c        0x4 
 .text.__syscall_getreent
                0x000000000000e620       0x34 C:/devkitPro/libnx/lib\libnx.a(newlib.o)
                0x000000000000e620                __syscall_getreent
 *fill*         0x000000000000e654        0xc 
 .text.__syscall_lock_acquire
                0x000000000000e660        0x4 C:/devkitPro/libnx/lib\libnx.a(newlib.o)
                0x000000000000e660                __syscall_lock_acquire
 *fill*         0x000000000000e664        0xc 
 .text.__syscall_lock_release
                0x000000000000e670        0x4 C:/devkitPro/libnx/lib\libnx.a(newlib.o)
                0x000000000000e670                __syscall_lock_release
 *fill*         0x000000000000e674        0xc 
 .text.__syscall_lock_acquire_recursive
                0x000000000000e680        0x4 C:/devkitPro/libnx/lib\libnx.a(newlib.o)
                0x000000000000e680                __syscall_lock_acquire_recursive
 *fill*         0x000000000000e684        0xc 
 .text.__syscall_lock_release_recursive
                0x000000000000e690        0x4 C:/devkitPro/libnx/lib\libnx.a(newlib.o)
                0x000000000000e690                __syscall_lock_release_recursive
 *fill*         0x000000000000e694        0xc 
 .text.__libnx_init_time
                0x000000000000e6a0      0x27c C:/devkitPro/libnx/lib\libnx.a(newlib.o)
                0x000000000000e6a0                __libnx_init_time
 *fill*         0x000000000000e91c        0x4 
 .text.newlibSetup
                0x000000000000e920       0x80 C:/devkitPro/libnx/lib\libnx.a(newlib.o)
                0x000000000000e920                newlibSetup
 .text.armDCacheFlush
                0x000000000000e9a0       0x3c C:/devkitPro/libnx/lib\libnx.a(cache.o)
                0x000000000000e9a0                armDCacheFlush
 *fill*         0x000000000000e9dc        0x4 
 .text.sessionmgrCreate
                0x000000000000e9e0      0x180 C:/devkitPro/libnx/lib\libnx.a(sessionmgr.o)
                0x000000000000e9e0                sessionmgrCreate
 .text.sessionmgrClose
                0x000000000000eb60       0x80 C:/devkitPro/libnx/lib\libnx.a(sessionmgr.o)
                0x000000000000eb60                sessionmgrClose
 .text.sessionmgrAttachClient
                0x000000000000ebe0       0xa4 C:/devkitPro/libnx/lib\libnx.a(sessionmgr.o)
                0x000000000000ebe0                sessionmgrAttachClient
 *fill*         0x000000000000ec84        0xc 
 .text.sessionmgrDetachClient
                0x000000000000ec90       0x74 C:/devkitPro/libnx/lib\libnx.a(sessionmgr.o)
                0x000000000000ec90                sessionmgrDetachClient
 *fill*         0x000000000000ed04        0xc 
 .text._viCleanup
                0x000000000000ed10      0x1c8 C:/devkitPro/libnx/lib\libnx.a(vi.o)
 *fill*         0x000000000000eed8        0x8 
 .text._viCmdGetSessionNoParams.constprop.1
                0x000000000000eee0      0x184 C:/devkitPro/libnx/lib\libnx.a(vi.o)
 *fill*         0x000000000000f064        0xc 
 .text._viCmdGetSession.constprop.2
                0x000000000000f070      0x18c C:/devkitPro/libnx/lib\libnx.a(vi.o)
 *fill*         0x000000000000f1fc        0x4 
 .text.viInitialize
                0x000000000000f200      0x258 C:/devkitPro/libnx/lib\libnx.a(vi.o)
                0x000000000000f200                viInitialize
 *fill*         0x000000000000f458        0x8 
 .text.viExit   0x000000000000f460       0x44 C:/devkitPro/libnx/lib\libnx.a(vi.o)
                0x000000000000f460                viExit
 *fill*         0x000000000000f4a4        0xc 
 .text.viGetSession_IHOSBinderDriverRelay
                0x000000000000f4b0        0xc C:/devkitPro/libnx/lib\libnx.a(vi.o)
                0x000000000000f4b0                viGetSession_IHOSBinderDriverRelay
 *fill*         0x000000000000f4bc        0x4 
 .text.viOpenDisplay
                0x000000000000f4c0      0x120 C:/devkitPro/libnx/lib\libnx.a(vi.o)
                0x000000000000f4c0                viOpenDisplay
 .text.viCloseDisplay
                0x000000000000f5e0       0xf0 C:/devkitPro/libnx/lib\libnx.a(vi.o)
                0x000000000000f5e0                viCloseDisplay
 .text.viCloseLayer
                0x000000000000f6d0       0xfc C:/devkitPro/libnx/lib\libnx.a(vi.o)
                0x000000000000f6d0                viCloseLayer
 *fill*         0x000000000000f7cc        0x4 
 .text.viCreateLayer
                0x000000000000f7d0      0x3dc C:/devkitPro/libnx/lib\libnx.a(vi.o)
                0x000000000000f7d0                viCreateLayer
 *fill*         0x000000000000fbac        0x4 
 .text.viSetLayerScalingMode
                0x000000000000fbb0       0xd8 C:/devkitPro/libnx/lib\libnx.a(vi.o)
                0x000000000000fbb0                viSetLayerScalingMode
 *fill*         0x000000000000fc88        0x8 
 .text._nvSetClientPID
                0x000000000000fc90       0xcc C:/devkitPro/libnx/lib\libnx.a(nv.o)
 *fill*         0x000000000000fd5c        0x4 
 .text._nvCleanup
                0x000000000000fd60       0xdc C:/devkitPro/libnx/lib\libnx.a(nv.o)
 *fill*         0x000000000000fe3c        0x4 
 .text._nvCmdInitialize.constprop.1
                0x000000000000fe40       0xdc C:/devkitPro/libnx/lib\libnx.a(nv.o)
 *fill*         0x000000000000ff1c        0x4 
 .text.nvInitialize
                0x000000000000ff20      0x258 C:/devkitPro/libnx/lib\libnx.a(nv.o)
                0x000000000000ff20                nvInitialize
 *fill*         0x0000000000010178        0x8 
 .text.nvExit   0x0000000000010180       0x44 C:/devkitPro/libnx/lib\libnx.a(nv.o)
                0x0000000000010180                nvExit
 *fill*         0x00000000000101c4        0xc 
 .text.nvConvertError
                0x00000000000101d0      0x12c C:/devkitPro/libnx/lib\libnx.a(nv.o)
                0x00000000000101d0                nvConvertError
 *fill*         0x00000000000102fc        0x4 
 .text.nvOpen   0x0000000000010300      0x134 C:/devkitPro/libnx/lib\libnx.a(nv.o)
                0x0000000000010300                nvOpen
 *fill*         0x0000000000010434        0xc 
 .text.nvIoctl  0x0000000000010440      0x2a0 C:/devkitPro/libnx/lib\libnx.a(nv.o)
                0x0000000000010440                nvIoctl
 .text.nvClose  0x00000000000106e0       0xd4 C:/devkitPro/libnx/lib\libnx.a(nv.o)
                0x00000000000106e0                nvClose
 *fill*         0x00000000000107b4        0xc 
 .text.nvQueryEvent
                0x00000000000107c0      0x10c C:/devkitPro/libnx/lib\libnx.a(nv.o)
                0x00000000000107c0                nvQueryEvent
 *fill*         0x00000000000108cc        0x4 
 .text.nvMapInit
                0x00000000000108d0       0x6c C:/devkitPro/libnx/lib\libnx.a(map.o)
                0x00000000000108d0                nvMapInit
 *fill*         0x000000000001093c        0x4 
 .text.nvMapExit
                0x0000000000010940       0x68 C:/devkitPro/libnx/lib\libnx.a(map.o)
                0x0000000000010940                nvMapExit
 *fill*         0x00000000000109a8        0x8 
 .text.nvMapClose
                0x00000000000109b0       0x84 C:/devkitPro/libnx/lib\libnx.a(map.o)
                0x00000000000109b0                nvMapClose
 *fill*         0x0000000000010a34        0xc 
 .text.nvMapCreate
                0x0000000000010a40      0x150 C:/devkitPro/libnx/lib\libnx.a(map.o)
                0x0000000000010a40                nvMapCreate
 .text._nvFenceEventWaitCommon
                0x0000000000010b90       0x60 C:/devkitPro/libnx/lib\libnx.a(fence.o)
 .text.nvFenceInit
                0x0000000000010bf0       0x5c C:/devkitPro/libnx/lib\libnx.a(fence.o)
                0x0000000000010bf0                nvFenceInit
 *fill*         0x0000000000010c4c        0x4 
 .text.nvFenceExit
                0x0000000000010c50       0x98 C:/devkitPro/libnx/lib\libnx.a(fence.o)
                0x0000000000010c50                nvFenceExit
 *fill*         0x0000000000010ce8        0x8 
 .text.nvFenceWait
                0x0000000000010cf0      0x1e4 C:/devkitPro/libnx/lib\libnx.a(fence.o)
                0x0000000000010cf0                nvFenceWait
 *fill*         0x0000000000010ed4        0xc 
 .text.nvMultiFenceWait
                0x0000000000010ee0       0x7c C:/devkitPro/libnx/lib\libnx.a(fence.o)
                0x0000000000010ee0                nvMultiFenceWait
 *fill*         0x0000000000010f5c        0x4 
 .text.nvioctlNvmap_Create
                0x0000000000010f60       0x3c C:/devkitPro/libnx/lib\libnx.a(nvmap.o)
                0x0000000000010f60                nvioctlNvmap_Create
 *fill*         0x0000000000010f9c        0x4 
 .text.nvioctlNvmap_Alloc
                0x0000000000010fa0       0x30 C:/devkitPro/libnx/lib\libnx.a(nvmap.o)
                0x0000000000010fa0                nvioctlNvmap_Alloc
 .text.nvioctlNvmap_Free
                0x0000000000010fd0       0x30 C:/devkitPro/libnx/lib\libnx.a(nvmap.o)
                0x0000000000010fd0                nvioctlNvmap_Free
 .text.nvioctlNvmap_GetId
                0x0000000000011000       0x3c C:/devkitPro/libnx/lib\libnx.a(nvmap.o)
                0x0000000000011000                nvioctlNvmap_GetId
 *fill*         0x000000000001103c        0x4 
 .text.nvioctlNvhostCtrl_EventSignal
                0x0000000000011040       0x24 C:/devkitPro/libnx/lib\libnx.a(nvhost-ctrl.o)
                0x0000000000011040                nvioctlNvhostCtrl_EventSignal
 *fill*         0x0000000000011064        0xc 
 .text.nvioctlNvhostCtrl_EventWait
                0x0000000000011070       0x3c C:/devkitPro/libnx/lib\libnx.a(nvhost-ctrl.o)
                0x0000000000011070                nvioctlNvhostCtrl_EventWait
 *fill*         0x00000000000110ac        0x4 
 .text.nvioctlNvhostCtrl_EventWaitAsync
                0x00000000000110b0       0x28 C:/devkitPro/libnx/lib\libnx.a(nvhost-ctrl.o)
                0x00000000000110b0                nvioctlNvhostCtrl_EventWaitAsync
 *fill*         0x00000000000110d8        0x8 
 .text.nvioctlNvhostCtrl_EventRegister
                0x00000000000110e0       0x24 C:/devkitPro/libnx/lib\libnx.a(nvhost-ctrl.o)
                0x00000000000110e0                nvioctlNvhostCtrl_EventRegister
 *fill*         0x0000000000011104        0xc 
 .text.nvioctlNvhostCtrl_EventUnregister
                0x0000000000011110       0x24 C:/devkitPro/libnx/lib\libnx.a(nvhost-ctrl.o)
                0x0000000000011110                nvioctlNvhostCtrl_EventUnregister
 *fill*         0x0000000000011134        0xc 
 .text.parcelCreate
                0x0000000000011140       0x28 C:/devkitPro/libnx/lib\libnx.a(parcel.o)
                0x0000000000011140                parcelCreate
 *fill*         0x0000000000011168        0x8 
 .text.parcelTransact
                0x0000000000011170      0x19c C:/devkitPro/libnx/lib\libnx.a(parcel.o)
                0x0000000000011170                parcelTransact
 *fill*         0x000000000001130c        0x4 
 .text.parcelWriteData
                0x0000000000011310       0x88 C:/devkitPro/libnx/lib\libnx.a(parcel.o)
                0x0000000000011310                parcelWriteData
 *fill*         0x0000000000011398        0x8 
 .text.parcelReadData
                0x00000000000113a0       0x98 C:/devkitPro/libnx/lib\libnx.a(parcel.o)
                0x00000000000113a0                parcelReadData
 *fill*         0x0000000000011438        0x8 
 .text.parcelWriteInt32
                0x0000000000011440       0x20 C:/devkitPro/libnx/lib\libnx.a(parcel.o)
                0x0000000000011440                parcelWriteInt32
 .text.parcelWriteUInt32
                0x0000000000011460       0x20 C:/devkitPro/libnx/lib\libnx.a(parcel.o)
                0x0000000000011460                parcelWriteUInt32
 .text.parcelWriteString16
                0x0000000000011480       0x80 C:/devkitPro/libnx/lib\libnx.a(parcel.o)
                0x0000000000011480                parcelWriteString16
 .text.parcelWriteInterfaceToken
                0x0000000000011500       0x30 C:/devkitPro/libnx/lib\libnx.a(parcel.o)
                0x0000000000011500                parcelWriteInterfaceToken
 .text.parcelReadInt32
                0x0000000000011530       0x24 C:/devkitPro/libnx/lib\libnx.a(parcel.o)
                0x0000000000011530                parcelReadInt32
 *fill*         0x0000000000011554        0xc 
 .text.parcelReadFlattenedObject
                0x0000000000011560       0x68 C:/devkitPro/libnx/lib\libnx.a(parcel.o)
                0x0000000000011560                parcelReadFlattenedObject
 *fill*         0x00000000000115c8        0x8 
 .text.parcelWriteFlattenedObject
                0x00000000000115d0       0x44 C:/devkitPro/libnx/lib\libnx.a(parcel.o)
                0x00000000000115d0                parcelWriteFlattenedObject
 *fill*         0x0000000000011614        0x4 
 .text.aligned_alloc
                0x0000000000011618       0x38 c:/devkitpro/devkita64/bin/../lib/gcc/aarch64-none-elf/8.3.0/../../../../aarch64-none-elf/lib/pic\libg.a(lib_a-aligned_alloc.o)
                0x0000000000011618                aligned_alloc
 .text.bsearch  0x0000000000011650       0xb8 c:/devkitpro/devkita64/bin/../lib/gcc/aarch64-none-elf/8.3.0/../../../../aarch64-none-elf/lib/pic\libg.a(lib_a-bsearch.o)
                0x0000000000011650                bsearch
 .text.calloc   0x0000000000011708       0x30 c:/devkitpro/devkita64/bin/../lib/gcc/aarch64-none-elf/8.3.0/../../../../aarch64-none-elf/lib/pic\libg.a(lib_a-calloc.o)
                0x0000000000011708                calloc
 .text._calloc_r
                0x0000000000011738       0x94 c:/devkitpro/devkita64/bin/../lib/gcc/aarch64-none-elf/8.3.0/../../../../aarch64-none-elf/lib/pic\libg.a(lib_a-callocr.o)
                0x0000000000011738                _calloc_r
 *fill*         0x00000000000117cc        0x4 
 .text.__errno  0x00000000000117d0       0x14 c:/devkitpro/devkita64/bin/../lib/gcc/aarch64-none-elf/8.3.0/../../../../aarch64-none-elf/lib/pic\libg.a(lib_a-errno.o)
                0x00000000000117d0                __errno
 *fill*         0x00000000000117e4        0x4 
 .text.__libc_fini_array
                0x00000000000117e8       0x44 c:/devkitpro/devkita64/bin/../lib/gcc/aarch64-none-elf/8.3.0/../../../../aarch64-none-elf/lib/pic\libg.a(lib_a-fini.o)
                0x00000000000117e8                __libc_fini_array
 *fill*         0x000000000001182c        0x4 
 .text.gmtime   0x0000000000011830       0x28 c:/devkitpro/devkita64/bin/../lib/gcc/aarch64-none-elf/8.3.0/../../../../aarch64-none-elf/lib/pic\libg.a(lib_a-gmtime.o)
                0x0000000000011830                gmtime
 .text.gmtime_r
                0x0000000000011858      0x290 c:/devkitpro/devkita64/bin/../lib/gcc/aarch64-none-elf/8.3.0/../../../../aarch64-none-elf/lib/pic\libg.a(lib_a-gmtime_r.o)
                0x0000000000011858                gmtime_r
 .text.__libc_init_array
                0x0000000000011ae8       0x8c c:/devkitpro/devkita64/bin/../lib/gcc/aarch64-none-elf/8.3.0/../../../../aarch64-none-elf/lib/pic\libg.a(lib_a-init.o)
                0x0000000000011ae8                __libc_init_array
 *fill*         0x0000000000011b74        0x4 
 .text.memalign
                0x0000000000011b78       0x30 c:/devkitpro/devkita64/bin/../lib/gcc/aarch64-none-elf/8.3.0/../../../../aarch64-none-elf/lib/pic\libg.a(lib_a-malign.o)
                0x0000000000011b78                memalign
 .text._memalign_r
                0x0000000000011ba8      0x198 c:/devkitpro/devkita64/bin/../lib/gcc/aarch64-none-elf/8.3.0/../../../../aarch64-none-elf/lib/pic\libg.a(lib_a-malignr.o)
                0x0000000000011ba8                _memalign_r
 .text.malloc   0x0000000000011d40       0x1c c:/devkitpro/devkita64/bin/../lib/gcc/aarch64-none-elf/8.3.0/../../../../aarch64-none-elf/lib/pic\libg.a(lib_a-malloc.o)
                0x0000000000011d40                malloc
 *fill*         0x0000000000011d5c        0x4 
 .text.free     0x0000000000011d60       0x1c c:/devkitpro/devkita64/bin/../lib/gcc/aarch64-none-elf/8.3.0/../../../../aarch64-none-elf/lib/pic\libg.a(lib_a-malloc.o)
                0x0000000000011d60                free
 *fill*         0x0000000000011d7c        0x4 
 .text._malloc_r
                0x0000000000011d80      0x87c c:/devkitpro/devkita64/bin/../lib/gcc/aarch64-none-elf/8.3.0/../../../../aarch64-none-elf/lib/pic\libg.a(lib_a-mallocr.o)
                0x0000000000011d80                _malloc_r
 .text          0x00000000000125fc       0xd8 c:/devkitpro/devkita64/bin/../lib/gcc/aarch64-none-elf/8.3.0/../../../../aarch64-none-elf/lib/pic\libg.a(lib_a-memchr.o)
                0x00000000000125fc                memchr
 *fill*         0x00000000000126d4       0x2c 
 .text          0x0000000000012700      0x16c c:/devkitpro/devkita64/bin/../lib/gcc/aarch64-none-elf/8.3.0/../../../../aarch64-none-elf/lib/pic\libg.a(lib_a-memcpy.o)
                0x0000000000012700                memcpy
 *fill*         0x000000000001286c       0x14 
 .text          0x0000000000012880      0x1dc c:/devkitpro/devkita64/bin/../lib/gcc/aarch64-none-elf/8.3.0/../../../../aarch64-none-elf/lib/pic\libg.a(lib_a-memset.o)
                0x0000000000012880                memset
 *fill*         0x0000000000012a5c        0x4 
 .text.__malloc_lock
                0x0000000000012a60        0xc c:/devkitpro/devkita64/bin/../lib/gcc/aarch64-none-elf/8.3.0/../../../../aarch64-none-elf/lib/pic\libg.a(lib_a-mlock.o)
                0x0000000000012a60                __malloc_lock
 *fill*         0x0000000000012a6c        0x4 
 .text.__malloc_unlock
                0x0000000000012a70        0xc c:/devkitpro/devkita64/bin/../lib/gcc/aarch64-none-elf/8.3.0/../../../../aarch64-none-elf/lib/pic\libg.a(lib_a-mlock.o)
                0x0000000000012a70                __malloc_unlock
 *fill*         0x0000000000012a7c        0x4 
 .text._puts_r  0x0000000000012a80       0xd4 c:/devkitpro/devkita64/bin/../lib/gcc/aarch64-none-elf/8.3.0/../../../../aarch64-none-elf/lib/pic\libg.a(lib_a-puts.o)
                0x0000000000012a80                _puts_r
 *fill*         0x0000000000012b54        0x4 
 .text.puts     0x0000000000012b58       0x1c c:/devkitpro/devkita64/bin/../lib/gcc/aarch64-none-elf/8.3.0/../../../../aarch64-none-elf/lib/pic\libg.a(lib_a-puts.o)
                0x0000000000012b58                puts
 *fill*         0x0000000000012b74        0x4 
 .text.setenv   0x0000000000012b78       0x3c c:/devkitpro/devkita64/bin/../lib/gcc/aarch64-none-elf/8.3.0/../../../../aarch64-none-elf/lib/pic\libg.a(lib_a-setenv.o)
                0x0000000000012b78                setenv
 *fill*         0x0000000000012bb4        0x4 
 .text._setenv_r
                0x0000000000012bb8      0x264 c:/devkitpro/devkita64/bin/../lib/gcc/aarch64-none-elf/8.3.0/../../../../aarch64-none-elf/lib/pic\libg.a(lib_a-setenv_r.o)
                0x0000000000012bb8                _setenv_r
 *fill*         0x0000000000012e1c        0x4 
 .text.setvbuf  0x0000000000012e20      0x25c c:/devkitpro/devkita64/bin/../lib/gcc/aarch64-none-elf/8.3.0/../../../../aarch64-none-elf/lib/pic\libg.a(lib_a-setvbuf.o)
                0x0000000000012e20                setvbuf
 *fill*         0x000000000001307c        0x4 
 .text.sscanf   0x0000000000013080       0xbc c:/devkitpro/devkita64/bin/../lib/gcc/aarch64-none-elf/8.3.0/../../../../aarch64-none-elf/lib/pic\libg.a(lib_a-sscanf.o)
                0x0000000000013080                sscanf
 *fill*         0x000000000001313c        0x4 
 .text.__sread  0x0000000000013140       0x50 c:/devkitpro/devkita64/bin/../lib/gcc/aarch64-none-elf/8.3.0/../../../../aarch64-none-elf/lib/pic\libg.a(lib_a-stdio.o)
                0x0000000000013140                __sread
 .text.__seofread
                0x0000000000013190        0x8 c:/devkitpro/devkita64/bin/../lib/gcc/aarch64-none-elf/8.3.0/../../../../aarch64-none-elf/lib/pic\libg.a(lib_a-stdio.o)
                0x0000000000013190                __seofread
 .text.__swrite
                0x0000000000013198       0x6c c:/devkitpro/devkita64/bin/../lib/gcc/aarch64-none-elf/8.3.0/../../../../aarch64-none-elf/lib/pic\libg.a(lib_a-stdio.o)
                0x0000000000013198                __swrite
 *fill*         0x0000000000013204        0x4 
 .text.__sseek  0x0000000000013208       0x50 c:/devkitpro/devkita64/bin/../lib/gcc/aarch64-none-elf/8.3.0/../../../../aarch64-none-elf/lib/pic\libg.a(lib_a-stdio.o)
                0x0000000000013208                __sseek
 .text.__sclose
                0x0000000000013258        0x8 c:/devkitpro/devkita64/bin/../lib/gcc/aarch64-none-elf/8.3.0/../../../../aarch64-none-elf/lib/pic\libg.a(lib_a-stdio.o)
                0x0000000000013258                __sclose
 .text          0x0000000000013260       0xdc c:/devkitpro/devkita64/bin/../lib/gcc/aarch64-none-elf/8.3.0/../../../../aarch64-none-elf/lib/pic\libg.a(lib_a-strchr.o)
                0x0000000000013260                strchr
 *fill*         0x000000000001333c        0x4 
 .text          0x0000000000013340       0xe4 c:/devkitpro/devkita64/bin/../lib/gcc/aarch64-none-elf/8.3.0/../../../../aarch64-none-elf/lib/pic\libg.a(lib_a-strcmp.o)
                0x0000000000013340                strcmp
 *fill*         0x0000000000013424       0x1c 
 .text          0x0000000000013440      0x140 c:/devkitpro/devkita64/bin/../lib/gcc/aarch64-none-elf/8.3.0/../../../../aarch64-none-elf/lib/pic\libg.a(lib_a-strlen.o)
                0x0000000000013440                strlen
 .text.strncat  0x0000000000013580       0x84 c:/devkitpro/devkita64/bin/../lib/gcc/aarch64-none-elf/8.3.0/../../../../aarch64-none-elf/lib/pic\libg.a(lib_a-strncat.o)
                0x0000000000013580                strncat
 *fill*         0x0000000000013604       0x3c 
 .text          0x0000000000013640      0x1d4 c:/devkitpro/devkita64/bin/../lib/gcc/aarch64-none-elf/8.3.0/../../../../aarch64-none-elf/lib/pic\libg.a(lib_a-strncmp.o)
                0x000000000001365c                strncmp
 *fill*         0x0000000000013814        0x4 
 .text.strncpy  0x0000000000013818       0xa8 c:/devkitpro/devkita64/bin/../lib/gcc/aarch64-none-elf/8.3.0/../../../../aarch64-none-elf/lib/pic\libg.a(lib_a-strncpy.o)
                0x0000000000013818                strncpy
 .text          0x00000000000138c0       0xe0 c:/devkitpro/devkita64/bin/../lib/gcc/aarch64-none-elf/8.3.0/../../../../aarch64-none-elf/lib/pic\libg.a(lib_a-strnlen.o)
                0x00000000000138e4                strnlen
 .text._strtoul_l.isra.0
                0x00000000000139a0      0x1ac c:/devkitpro/devkita64/bin/../lib/gcc/aarch64-none-elf/8.3.0/../../../../aarch64-none-elf/lib/pic\libg.a(lib_a-strtoul.o)
 *fill*         0x0000000000013b4c        0x4 
 .text._strtoul_r
                0x0000000000013b50       0x34 c:/devkitpro/devkita64/bin/../lib/gcc/aarch64-none-elf/8.3.0/../../../../aarch64-none-elf/lib/pic\libg.a(lib_a-strtoul.o)
                0x0000000000013b50                _strtoul_r
 *fill*         0x0000000000013b84        0x4 
 .text.strtoul  0x0000000000013b88       0x48 c:/devkitpro/devkita64/bin/../lib/gcc/aarch64-none-elf/8.3.0/../../../../aarch64-none-elf/lib/pic\libg.a(lib_a-strtoul.o)
                0x0000000000013b88                strtoul
 .text.get_arg  0x0000000000013bd0       0x5c c:/devkitpro/devkita64/bin/../lib/gcc/aarch64-none-elf/8.3.0/../../../../aarch64-none-elf/lib/pic\libg.a(lib_a-svfscanf.o)
 .text.__ssvfscanf_r
                0x0000000000013c2c     0x2fd8 c:/devkitpro/devkita64/bin/../lib/gcc/aarch64-none-elf/8.3.0/../../../../aarch64-none-elf/lib/pic\libg.a(lib_a-svfscanf.o)
                0x0000000000013c2c                __ssvfscanf_r
 *fill*         0x0000000000016c04        0x4 
 .text._wcrtomb_r
                0x0000000000016c08       0xd0 c:/devkitpro/devkita64/bin/../lib/gcc/aarch64-none-elf/8.3.0/../../../../aarch64-none-elf/lib/pic\libg.a(lib_a-wcrtomb.o)
                0x0000000000016c08                _wcrtomb_r
 .text._wcsrtombs_r
                0x0000000000016cd8       0x10 c:/devkitpro/devkita64/bin/../lib/gcc/aarch64-none-elf/8.3.0/../../../../aarch64-none-elf/lib/pic\libg.a(lib_a-wcsrtombs.o)
                0x0000000000016cd8                _wcsrtombs_r
 .text.__swsetup_r
                0x0000000000016ce8      0x140 c:/devkitpro/devkita64/bin/../lib/gcc/aarch64-none-elf/8.3.0/../../../../aarch64-none-elf/lib/pic\libg.a(lib_a-wsetup.o)
                0x0000000000016ce8                __swsetup_r
 .text.__call_exitprocs
                0x0000000000016e28      0x124 c:/devkitpro/devkita64/bin/../lib/gcc/aarch64-none-elf/8.3.0/../../../../aarch64-none-elf/lib/pic\libg.a(lib_a-__call_atexit.o)
                0x0000000000016e28                __call_exitprocs
 *fill*         0x0000000000016f4c        0x4 
 .text.quorem   0x0000000000016f50      0x1a8 c:/devkitpro/devkita64/bin/../lib/gcc/aarch64-none-elf/8.3.0/../../../../aarch64-none-elf/lib/pic\libg.a(lib_a-dtoa.o)
 .text._dtoa_r  0x00000000000170f8     0x10dc c:/devkitpro/devkita64/bin/../lib/gcc/aarch64-none-elf/8.3.0/../../../../aarch64-none-elf/lib/pic\libg.a(lib_a-dtoa.o)
                0x00000000000170f8                _dtoa_r
 *fill*         0x00000000000181d4        0x4 
 .text.__env_lock
                0x00000000000181d8        0xc c:/devkitpro/devkita64/bin/../lib/gcc/aarch64-none-elf/8.3.0/../../../../aarch64-none-elf/lib/pic\libg.a(lib_a-envlock.o)
                0x00000000000181d8                __env_lock
 *fill*         0x00000000000181e4        0x4 
 .text.__env_unlock
                0x00000000000181e8        0xc c:/devkitpro/devkita64/bin/../lib/gcc/aarch64-none-elf/8.3.0/../../../../aarch64-none-elf/lib/pic\libg.a(lib_a-envlock.o)
                0x00000000000181e8                __env_unlock
 *fill*         0x00000000000181f4        0x4 
 .text.__sflush_r
                0x00000000000181f8      0x214 c:/devkitpro/devkita64/bin/../lib/gcc/aarch64-none-elf/8.3.0/../../../../aarch64-none-elf/lib/pic\libg.a(lib_a-fflush.o)
                0x00000000000181f8                __sflush_r
 *fill*         0x000000000001840c        0x4 
 .text._fflush_r
                0x0000000000018410       0xb8 c:/devkitpro/devkita64/bin/../lib/gcc/aarch64-none-elf/8.3.0/../../../../aarch64-none-elf/lib/pic\libg.a(lib_a-fflush.o)
                0x0000000000018410                _fflush_r
 .text.std      0x00000000000184c8       0x78 c:/devkitpro/devkita64/bin/../lib/gcc/aarch64-none-elf/8.3.0/../../../../aarch64-none-elf/lib/pic\libg.a(lib_a-findfp.o)
 .text._cleanup_r
                0x0000000000018540        0xc c:/devkitpro/devkita64/bin/../lib/gcc/aarch64-none-elf/8.3.0/../../../../aarch64-none-elf/lib/pic\libg.a(lib_a-findfp.o)
                0x0000000000018540                _cleanup_r
 *fill*         0x000000000001854c        0x4 
 .text.__sfp_lock_acquire
                0x0000000000018550        0xc c:/devkitpro/devkita64/bin/../lib/gcc/aarch64-none-elf/8.3.0/../../../../aarch64-none-elf/lib/pic\libg.a(lib_a-findfp.o)
                0x0000000000018550                __sfp_lock_acquire
 *fill*         0x000000000001855c        0x4 
 .text.__sfp_lock_release
                0x0000000000018560        0xc c:/devkitpro/devkita64/bin/../lib/gcc/aarch64-none-elf/8.3.0/../../../../aarch64-none-elf/lib/pic\libg.a(lib_a-findfp.o)
                0x0000000000018560                __sfp_lock_release
 *fill*         0x000000000001856c        0x4 
 .text.__sinit_lock_acquire
                0x0000000000018570        0xc c:/devkitpro/devkita64/bin/../lib/gcc/aarch64-none-elf/8.3.0/../../../../aarch64-none-elf/lib/pic\libg.a(lib_a-findfp.o)
                0x0000000000018570                __sinit_lock_acquire
 *fill*         0x000000000001857c        0x4 
 .text.__sinit_lock_release
                0x0000000000018580        0xc c:/devkitpro/devkita64/bin/../lib/gcc/aarch64-none-elf/8.3.0/../../../../aarch64-none-elf/lib/pic\libg.a(lib_a-findfp.o)
                0x0000000000018580                __sinit_lock_release
 *fill*         0x000000000001858c        0x4 
 .text.__sinit  0x0000000000018590       0x80 c:/devkitpro/devkita64/bin/../lib/gcc/aarch64-none-elf/8.3.0/../../../../aarch64-none-elf/lib/pic\libg.a(lib_a-findfp.o)
                0x0000000000018590                __sinit
 .text._malloc_trim_r
                0x0000000000018610      0x118 c:/devkitpro/devkita64/bin/../lib/gcc/aarch64-none-elf/8.3.0/../../../../aarch64-none-elf/lib/pic\libg.a(lib_a-freer.o)
                0x0000000000018610                _malloc_trim_r
 .text._free_r  0x0000000000018728      0x2f4 c:/devkitpro/devkita64/bin/../lib/gcc/aarch64-none-elf/8.3.0/../../../../aarch64-none-elf/lib/pic\libg.a(lib_a-freer.o)
                0x0000000000018728                _free_r
 *fill*         0x0000000000018a1c        0x4 
 .text.__sfvwrite_r
                0x0000000000018a20      0x4b8 c:/devkitpro/devkita64/bin/../lib/gcc/aarch64-none-elf/8.3.0/../../../../aarch64-none-elf/lib/pic\libg.a(lib_a-fvwrite.o)
                0x0000000000018a20                __sfvwrite_r
 .text._fwalk_reent
                0x0000000000018ed8       0xbc c:/devkitpro/devkita64/bin/../lib/gcc/aarch64-none-elf/8.3.0/../../../../aarch64-none-elf/lib/pic\libg.a(lib_a-fwalk.o)
                0x0000000000018ed8                _fwalk_reent
 *fill*         0x0000000000018f94        0x4 
 .text._findenv_r
                0x0000000000018f98      0x100 c:/devkitpro/devkita64/bin/../lib/gcc/aarch64-none-elf/8.3.0/../../../../aarch64-none-elf/lib/pic\libg.a(lib_a-getenv_r.o)
                0x0000000000018f98                _findenv_r
 .text.iswspace
                0x0000000000019098        0x8 c:/devkitpro/devkita64/bin/../lib/gcc/aarch64-none-elf/8.3.0/../../../../aarch64-none-elf/lib/pic\libg.a(lib_a-iswspace.o)
                0x0000000000019098                iswspace
 .text.__localeconv_l
                0x00000000000190a0        0x8 c:/devkitpro/devkita64/bin/../lib/gcc/aarch64-none-elf/8.3.0/../../../../aarch64-none-elf/lib/pic\libg.a(lib_a-localeconv.o)
                0x00000000000190a0                __localeconv_l
 .text._localeconv_r
                0x00000000000190a8       0x28 c:/devkitpro/devkita64/bin/../lib/gcc/aarch64-none-elf/8.3.0/../../../../aarch64-none-elf/lib/pic\libg.a(lib_a-localeconv.o)
                0x00000000000190a8                _localeconv_r
 .text.__locale_mb_cur_max
                0x00000000000190d0       0x2c c:/devkitpro/devkita64/bin/../lib/gcc/aarch64-none-elf/8.3.0/../../../../aarch64-none-elf/lib/pic\libg.a(lib_a-locale.o)
                0x00000000000190d0                __locale_mb_cur_max
 *fill*         0x00000000000190fc        0x4 
 .text.__swhatbuf_r
                0x0000000000019100       0xa4 c:/devkitpro/devkita64/bin/../lib/gcc/aarch64-none-elf/8.3.0/../../../../aarch64-none-elf/lib/pic\libg.a(lib_a-makebuf.o)
                0x0000000000019100                __swhatbuf_r
 *fill*         0x00000000000191a4        0x4 
 .text.__smakebuf_r
                0x00000000000191a8      0x10c c:/devkitpro/devkita64/bin/../lib/gcc/aarch64-none-elf/8.3.0/../../../../aarch64-none-elf/lib/pic\libg.a(lib_a-makebuf.o)
                0x00000000000191a8                __smakebuf_r
 *fill*         0x00000000000192b4        0x4 
 .text._mbrtowc_r
                0x00000000000192b8       0xd8 c:/devkitpro/devkita64/bin/../lib/gcc/aarch64-none-elf/8.3.0/../../../../aarch64-none-elf/lib/pic\libg.a(lib_a-mbrtowc.o)
                0x00000000000192b8                _mbrtowc_r
 .text.__utf8_mbtowc
                0x0000000000019390      0x2c8 c:/devkitpro/devkita64/bin/../lib/gcc/aarch64-none-elf/8.3.0/../../../../aarch64-none-elf/lib/pic\libg.a(lib_a-mbtowc_r.o)
                0x0000000000019390                __utf8_mbtowc
 *fill*         0x0000000000019658       0x28 
 .text          0x0000000000019680       0xac c:/devkitpro/devkita64/bin/../lib/gcc/aarch64-none-elf/8.3.0/../../../../aarch64-none-elf/lib/pic\libg.a(lib_a-memmove.o)
                0x0000000000019680                memmove
 *fill*         0x000000000001972c        0x4 
 .text._Balloc  0x0000000000019730       0x90 c:/devkitpro/devkita64/bin/../lib/gcc/aarch64-none-elf/8.3.0/../../../../aarch64-none-elf/lib/pic\libg.a(lib_a-mprec.o)
                0x0000000000019730                _Balloc
 .text._Bfree   0x00000000000197c0       0x1c c:/devkitpro/devkita64/bin/../lib/gcc/aarch64-none-elf/8.3.0/../../../../aarch64-none-elf/lib/pic\libg.a(lib_a-mprec.o)
                0x00000000000197c0                _Bfree
 *fill*         0x00000000000197dc        0x4 
 .text.__multadd
                0x00000000000197e0       0xe8 c:/devkitpro/devkita64/bin/../lib/gcc/aarch64-none-elf/8.3.0/../../../../aarch64-none-elf/lib/pic\libg.a(lib_a-mprec.o)
                0x00000000000197e0                __multadd
 .text.__s2b    0x00000000000198c8      0x120 c:/devkitpro/devkita64/bin/../lib/gcc/aarch64-none-elf/8.3.0/../../../../aarch64-none-elf/lib/pic\libg.a(lib_a-mprec.o)
                0x00000000000198c8                __s2b
 .text.__hi0bits
                0x00000000000199e8       0x5c c:/devkitpro/devkita64/bin/../lib/gcc/aarch64-none-elf/8.3.0/../../../../aarch64-none-elf/lib/pic\libg.a(lib_a-mprec.o)
                0x00000000000199e8                __hi0bits
 *fill*         0x0000000000019a44        0x4 
 .text.__lo0bits
                0x0000000000019a48       0xa0 c:/devkitpro/devkita64/bin/../lib/gcc/aarch64-none-elf/8.3.0/../../../../aarch64-none-elf/lib/pic\libg.a(lib_a-mprec.o)
                0x0000000000019a48                __lo0bits
 .text.__i2b    0x0000000000019ae8       0x2c c:/devkitpro/devkita64/bin/../lib/gcc/aarch64-none-elf/8.3.0/../../../../aarch64-none-elf/lib/pic\libg.a(lib_a-mprec.o)
                0x0000000000019ae8                __i2b
 *fill*         0x0000000000019b14        0x4 
 .text.__multiply
                0x0000000000019b18      0x1c8 c:/devkitpro/devkita64/bin/../lib/gcc/aarch64-none-elf/8.3.0/../../../../aarch64-none-elf/lib/pic\libg.a(lib_a-mprec.o)
                0x0000000000019b18                __multiply
 .text.__pow5mult
                0x0000000000019ce0      0x104 c:/devkitpro/devkita64/bin/../lib/gcc/aarch64-none-elf/8.3.0/../../../../aarch64-none-elf/lib/pic\libg.a(lib_a-mprec.o)
                0x0000000000019ce0                __pow5mult
 *fill*         0x0000000000019de4        0x4 
 .text.__lshift
                0x0000000000019de8      0x134 c:/devkitpro/devkita64/bin/../lib/gcc/aarch64-none-elf/8.3.0/../../../../aarch64-none-elf/lib/pic\libg.a(lib_a-mprec.o)
                0x0000000000019de8                __lshift
 *fill*         0x0000000000019f1c        0x4 
 .text.__mcmp   0x0000000000019f20       0x50 c:/devkitpro/devkita64/bin/../lib/gcc/aarch64-none-elf/8.3.0/../../../../aarch64-none-elf/lib/pic\libg.a(lib_a-mprec.o)
                0x0000000000019f20                __mcmp
 .text.__mdiff  0x0000000000019f70      0x14c c:/devkitpro/devkita64/bin/../lib/gcc/aarch64-none-elf/8.3.0/../../../../aarch64-none-elf/lib/pic\libg.a(lib_a-mprec.o)
                0x0000000000019f70                __mdiff
 *fill*         0x000000000001a0bc        0x4 
 .text.__ulp    0x000000000001a0c0       0x68 c:/devkitpro/devkita64/bin/../lib/gcc/aarch64-none-elf/8.3.0/../../../../aarch64-none-elf/lib/pic\libg.a(lib_a-mprec.o)
                0x000000000001a0c0                __ulp
 .text.__b2d    0x000000000001a128      0x150 c:/devkitpro/devkita64/bin/../lib/gcc/aarch64-none-elf/8.3.0/../../../../aarch64-none-elf/lib/pic\libg.a(lib_a-mprec.o)
                0x000000000001a128                __b2d
 .text.__d2b    0x000000000001a278      0x138 c:/devkitpro/devkita64/bin/../lib/gcc/aarch64-none-elf/8.3.0/../../../../aarch64-none-elf/lib/pic\libg.a(lib_a-mprec.o)
                0x000000000001a278                __d2b
 .text.__ratio  0x000000000001a3b0       0xa0 c:/devkitpro/devkita64/bin/../lib/gcc/aarch64-none-elf/8.3.0/../../../../aarch64-none-elf/lib/pic\libg.a(lib_a-mprec.o)
                0x000000000001a3b0                __ratio
 .text.__copybits
                0x000000000001a450       0x68 c:/devkitpro/devkita64/bin/../lib/gcc/aarch64-none-elf/8.3.0/../../../../aarch64-none-elf/lib/pic\libg.a(lib_a-mprec.o)
                0x000000000001a450                __copybits
 .text.__any_on
                0x000000000001a4b8       0x84 c:/devkitpro/devkita64/bin/../lib/gcc/aarch64-none-elf/8.3.0/../../../../aarch64-none-elf/lib/pic\libg.a(lib_a-mprec.o)
                0x000000000001a4b8                __any_on
 *fill*         0x000000000001a53c        0x4 
 .text.realloc  0x000000000001a540       0x30 c:/devkitpro/devkita64/bin/../lib/gcc/aarch64-none-elf/8.3.0/../../../../aarch64-none-elf/lib/pic\libg.a(lib_a-realloc.o)
                0x000000000001a540                realloc
 .text._realloc_r
                0x000000000001a570      0x56c c:/devkitpro/devkita64/bin/../lib/gcc/aarch64-none-elf/8.3.0/../../../../aarch64-none-elf/lib/pic\libg.a(lib_a-reallocr.o)
                0x000000000001a570                _realloc_r
 *fill*         0x000000000001aadc        0x4 
 .text.__sccl   0x000000000001aae0       0xbc c:/devkitpro/devkita64/bin/../lib/gcc/aarch64-none-elf/8.3.0/../../../../aarch64-none-elf/lib/pic\libg.a(lib_a-sccl.o)
                0x000000000001aae0                __sccl
 *fill*         0x000000000001ab9c        0x4 
 .text.nanf     0x000000000001aba0        0xc c:/devkitpro/devkita64/bin/../lib/gcc/aarch64-none-elf/8.3.0/../../../../aarch64-none-elf/lib/pic\libg.a(lib_a-sf_nan.o)
                0x000000000001aba0                nanf
 *fill*         0x000000000001abac        0x4 
 .text.frexp    0x000000000001abb0       0x7c c:/devkitpro/devkita64/bin/../lib/gcc/aarch64-none-elf/8.3.0/../../../../aarch64-none-elf/lib/pic\libg.a(lib_a-s_frexp.o)
                0x000000000001abb0                frexp
 *fill*         0x000000000001ac2c        0x4 
 .text.sprintf  0x000000000001ac30       0xa8 c:/devkitpro/devkita64/bin/../lib/gcc/aarch64-none-elf/8.3.0/../../../../aarch64-none-elf/lib/pic\libg.a(lib_a-sprintf.o)
                0x000000000001ac30                sprintf
 .text.stpncpy  0x000000000001acd8       0xc8 c:/devkitpro/devkita64/bin/../lib/gcc/aarch64-none-elf/8.3.0/../../../../aarch64-none-elf/lib/pic\libg.a(lib_a-stpncpy.o)
                0x000000000001acd8                stpncpy
 .text.sulp     0x000000000001ada0       0x54 c:/devkitpro/devkita64/bin/../lib/gcc/aarch64-none-elf/8.3.0/../../../../aarch64-none-elf/lib/pic\libg.a(lib_a-strtod.o)
 *fill*         0x000000000001adf4        0x4 
 .text._strtod_l
                0x000000000001adf8     0x10e8 c:/devkitpro/devkita64/bin/../lib/gcc/aarch64-none-elf/8.3.0/../../../../aarch64-none-elf/lib/pic\libg.a(lib_a-strtod.o)
                0x000000000001adf8                _strtod_l
 .text._strtod_r
                0x000000000001bee0       0x40 c:/devkitpro/devkita64/bin/../lib/gcc/aarch64-none-elf/8.3.0/../../../../aarch64-none-elf/lib/pic\libg.a(lib_a-strtod.o)
                0x000000000001bee0                _strtod_r
 .text._strtoll_l.isra.0
                0x000000000001bf20      0x1a0 c:/devkitpro/devkita64/bin/../lib/gcc/aarch64-none-elf/8.3.0/../../../../aarch64-none-elf/lib/pic\libg.a(lib_a-strtoll.o)
 .text._strtoll_r
                0x000000000001c0c0       0x34 c:/devkitpro/devkita64/bin/../lib/gcc/aarch64-none-elf/8.3.0/../../../../aarch64-none-elf/lib/pic\libg.a(lib_a-strtoll.o)
                0x000000000001c0c0                _strtoll_r
 *fill*         0x000000000001c0f4        0x4 
 .text._strtol_l.isra.0
                0x000000000001c0f8      0x1a0 c:/devkitpro/devkita64/bin/../lib/gcc/aarch64-none-elf/8.3.0/../../../../aarch64-none-elf/lib/pic\libg.a(lib_a-strtol.o)
 .text._strtol_r
                0x000000000001c298       0x34 c:/devkitpro/devkita64/bin/../lib/gcc/aarch64-none-elf/8.3.0/../../../../aarch64-none-elf/lib/pic\libg.a(lib_a-strtol.o)
                0x000000000001c298                _strtol_r
 *fill*         0x000000000001c2cc        0x4 
 .text._strtoull_l.isra.0
                0x000000000001c2d0      0x1ac c:/devkitpro/devkita64/bin/../lib/gcc/aarch64-none-elf/8.3.0/../../../../aarch64-none-elf/lib/pic\libg.a(lib_a-strtoull.o)
 *fill*         0x000000000001c47c        0x4 
 .text._strtoull_r