Archive member included to satisfy reference by file (symbol)

C:/devkitPro/libnx/lib\libnx.a(hid.o)
                              main.o (hidKeysDown)
C:/devkitPro/libnx/lib\libnx.a(applet.o)
                              C:/devkitPro/libnx/lib\libnx.a(hid.o) (appletGetAppletResourceUserId)
C:/devkitPro/libnx/lib\libnx.a(env.o)
                              C:/devkitPro/libnx/lib\libnx.a(applet.o) (envIsNso)
C:/devkitPro/libnx/lib\libnx.a(hosversion.o)
                              C:/devkitPro/libnx/lib\libnx.a(hid.o) (hosversionGet)
C:/devkitPro/libnx/lib\libnx.a(console.o)
                              main.o (consoleInit)
C:/devkitPro/libnx/lib\libnx.a(svc.o)
                              C:/devkitPro/libnx/lib\libnx.a(applet.o) (svcExitProcess)
C:/devkitPro/libnx/lib\libnx.a(switch_crt0.o)
                              (_start)
C:/devkitPro/libnx/lib\libnx.a(exception.o)
                              C:/devkitPro/libnx/lib\libnx.a(switch_crt0.o) (__libnx_exception_entry)
C:/devkitPro/libnx/lib\libnx.a(default_font.bin.o)
                              C:/devkitPro/libnx/lib\libnx.a(console.o) (default_font_bin)
C:/devkitPro/libnx/lib\libnx.a(event.o)
                              C:/devkitPro/libnx/lib\libnx.a(hid.o) (eventLoadRemote)
C:/devkitPro/libnx/lib\libnx.a(mutex.o)
                              C:/devkitPro/libnx/lib\libnx.a(hid.o) (mutexLock)
C:/devkitPro/libnx/lib\libnx.a(tmem.o)
                              C:/devkitPro/libnx/lib\libnx.a(applet.o) (tmemCreate)
C:/devkitPro/libnx/lib\libnx.a(rwlock.o)
                              C:/devkitPro/libnx/lib\libnx.a(hid.o) (rwlockReadLock)
C:/devkitPro/libnx/lib\libnx.a(wait.o)
                              C:/devkitPro/libnx/lib\libnx.a(applet.o) (waitObjects)
C:/devkitPro/libnx/lib\libnx.a(shmem.o)
                              C:/devkitPro/libnx/lib\libnx.a(hid.o) (shmemLoadRemote)
C:/devkitPro/libnx/lib\libnx.a(sm.o)
                              C:/devkitPro/libnx/lib\libnx.a(env.o) (smAddOverrideHandle)
C:/devkitPro/libnx/lib\libnx.a(fatal.o)
                              C:/devkitPro/libnx/lib\libnx.a(applet.o) (fatalThrow)
C:/devkitPro/libnx/lib\libnx.a(apm.o)
                              C:/devkitPro/libnx/lib\libnx.a(applet.o) (apmInitialize)
C:/devkitPro/libnx/lib\libnx.a(argv.o)
                              C:/devkitPro/libnx/lib\libnx.a(switch_crt0.o) (__system_argv)
C:/devkitPro/libnx/lib\libnx.a(nxlink.o)
                              C:/devkitPro/libnx/lib\libnx.a(argv.o) (nxlinkSetup)
C:/devkitPro/libnx/lib\libnx.a(init.o)
                              C:/devkitPro/libnx/lib\libnx.a(switch_crt0.o) (__libnx_init)
C:/devkitPro/libnx/lib\libnx.a(dynamic.o)
                              C:/devkitPro/libnx/lib\libnx.a(switch_crt0.o) (__nx_dynamic)
C:/devkitPro/libnx/lib\libnx.a(fs_dev.o)
                              C:/devkitPro/libnx/lib\libnx.a(init.o) (fsdevMountSdmc)
C:/devkitPro/libnx/lib\libnx.a(console_sw.o)
                              C:/devkitPro/libnx/lib\libnx.a(console.o) (getDefaultConsoleRenderer)
C:/devkitPro/libnx/lib\libnx.a(path_buf.o)
                              C:/devkitPro/libnx/lib\libnx.a(fs_dev.o) (__nx_dev_path_buf)
C:/devkitPro/libnx/lib\libnx.a(decode_utf8.o)
                              C:/devkitPro/libnx/lib\libnx.a(fs_dev.o) (decode_utf8)
C:/devkitPro/libnx/lib\libnx.a(readtp.o)
                              C:/devkitPro/libnx/lib\libnx.a(fs_dev.o) (__aarch64_read_tp)
C:/devkitPro/libnx/lib\libnx.a(condvar.o)
                              C:/devkitPro/libnx/lib\libnx.a(rwlock.o) (condvarWaitTimeout)
C:/devkitPro/libnx/lib\libnx.a(virtmem.o)
                              C:/devkitPro/libnx/lib\libnx.a(init.o) (virtmemSetup)
C:/devkitPro/libnx/lib\libnx.a(detect.o)
                              C:/devkitPro/libnx/lib\libnx.a(fatal.o) (detectKernelVersion)
C:/devkitPro/libnx/lib\libnx.a(fs.o)
                              C:/devkitPro/libnx/lib\libnx.a(init.o) (fsInitialize)
C:/devkitPro/libnx/lib\libnx.a(set.o)
                              C:/devkitPro/libnx/lib\libnx.a(init.o) (setsysInitialize)
C:/devkitPro/libnx/lib\libnx.a(time.o)
                              C:/devkitPro/libnx/lib\libnx.a(init.o) (timeInitialize)
C:/devkitPro/libnx/lib\libnx.a(native_window.o)
                              C:/devkitPro/libnx/lib\libnx.a(console_sw.o) (nwindowSetDimensions)
C:/devkitPro/libnx/lib\libnx.a(default_window.o)
                              C:/devkitPro/libnx/lib\libnx.a(console_sw.o) (nwindowGetDefault)
C:/devkitPro/libnx/lib\libnx.a(binder.o)
                              C:/devkitPro/libnx/lib\libnx.a(native_window.o) (binderCreate)
C:/devkitPro/libnx/lib\libnx.a(buffer_producer.o)
                              C:/devkitPro/libnx/lib\libnx.a(native_window.o) (bqRequestBuffer)
C:/devkitPro/libnx/lib\libnx.a(framebuffer.o)
                              C:/devkitPro/libnx/lib\libnx.a(console_sw.o) (framebufferMakeLinear)
C:/devkitPro/libnx/lib\libnx.a(newlib.o)
[...]
Memory Configuration

Name             Origin             Length             Attributes
*default*        0x0000000000000000 0xffffffffffffffff

Linker script and memory map

                0x0000000000000000                PROVIDE (__start__ = 0x0)
                0x0000000000000000                . = __start__
                0x0000000000000000                __code_start = .

.crt0           0x0000000000000000      0x158
 *(.crt0)
 .crt0          0x0000000000000000      0x158 C:/devkitPro/libnx/lib\libnx.a(switch_crt0.o)
                0x0000000000000000                _start
                0x0000000000000120                __nx_exit
                0x0000000000000130                __nx_mod0
                0x0000000000000158                . = ALIGN (0x8)

.init           0x0000000000000158       0x38
 *(.init)
 .init          0x0000000000000158       0x18 c:/devkitpro/devkita64/bin/../lib/gcc/aarch64-none-elf/8.3.0/pic/crti.o
                0x0000000000000158                _init
 .init          0x0000000000000170       0x1c c:/devkitpro/devkita64/bin/../lib/gcc/aarch64-none-elf/8.3.0/pic/crtn.o
                0x0000000000000190                . = ALIGN (0x8)
 *fill*         0x000000000000018c        0x4 

.plt            0x0000000000000190        0x0
 *(.plt)
 .plt           0x0000000000000190        0x0 c:/devkitpro/devkita64/bin/../lib/gcc/aarch64-none-elf/8.3.0/pic/crti.o
 *(.iplt)
                0x0000000000000190                . = ALIGN (0x8)

.text           0x00000000000001c0    0x27470
 *(.text.unlikely .text.*_unlikely .text.unlikely.*)
 *(.text.exit .text.exit.*)
 .text.exit     0x00000000000001c0       0x38 c:/devkitpro/devkita64/bin/../lib/gcc/aarch64-none-elf/8.3.0/../../../../aarch64-none-elf/lib/pic\libg.a(lib_a-exit.o)
                0x00000000000001c0                exit
 *(.text.startup .text.startup.*)
 *fill*         0x00000000000001f8        0x8 
 .text.startup.main
                0x0000000000000200      0x124 main.o
                0x0000000000000200                main
 *(.text.hot .text.hot.*)
 *(.text .stub .text.* .gnu.linkonce.t.*)
 *fill*         0x0000000000000324        0x4 
 .text.deregister_tm_clones
                0x0000000000000328       0x2c c:/devkitpro/devkita64/bin/../lib/gcc/aarch64-none-elf/8.3.0/pic/crtbegin.o
 *fill*         0x0000000000000354        0x4 
 .text.register_tm_clones
                0x0000000000000358       0x38 c:/devkitpro/devkita64/bin/../lib/gcc/aarch64-none-elf/8.3.0/pic/crtbegin.o
 .text.__do_global_dtors_aux
                0x0000000000000390       0x48 c:/devkitpro/devkita64/bin/../lib/gcc/aarch64-none-elf/8.3.0/pic/crtbegin.o
 .text.frame_dummy
                0x00000000000003d8       0x34 c:/devkitpro/devkita64/bin/../lib/gcc/aarch64-none-elf/8.3.0/pic/crtbegin.o
 *fill*         0x000000000000040c        0x4 
 .text._hidCmdWithNoInput
                0x0000000000000410       0xec C:/devkitPro/libnx/lib\libnx.a(hid.o)
 *fill*         0x00000000000004fc        0x4 
 .text._hidCmdWithInputU32
                0x0000000000000500      0x100 C:/devkitPro/libnx/lib\libnx.a(hid.o)
 .text._hidCreateAppletResource.constprop.11
                0x0000000000000600      0x1b4 C:/devkitPro/libnx/lib\libnx.a(hid.o)
 *fill*         0x00000000000007b4        0xc 
 .text._hidCmdGetHandle.constprop.12
                0x00000000000007c0       0xc4 C:/devkitPro/libnx/lib\libnx.a(hid.o)
 *fill*         0x0000000000000884        0xc 
 .text._hidCmdWithInputU64.constprop.13
                0x0000000000000890       0xf4 C:/devkitPro/libnx/lib\libnx.a(hid.o)
 *fill*         0x0000000000000984        0xc 
 .text.hidReset
                0x0000000000000990      0x1f8 C:/devkitPro/libnx/lib\libnx.a(hid.o)
                0x0000000000000990                hidReset
 *fill*         0x0000000000000b88        0x8 
 .text.hidGetSharedmemAddr
                0x0000000000000b90        0xc C:/devkitPro/libnx/lib\libnx.a(hid.o)
                0x0000000000000b90                hidGetSharedmemAddr
 *fill*         0x0000000000000b9c        0x4 
 .text.hidKeysDown
                0x0000000000000ba0       0x6c C:/devkitPro/libnx/lib\libnx.a(hid.o)
                0x0000000000000ba0                hidKeysDown
 *fill*         0x0000000000000c0c        0x4 
 .text.hidTouchCount
                0x0000000000000c10        0xc C:/devkitPro/libnx/lib\libnx.a(hid.o)
                0x0000000000000c10                hidTouchCount
 *fill*         0x0000000000000c1c        0x4 
 .text.hidScanInput
                0x0000000000000c20      0x598 C:/devkitPro/libnx/lib\libnx.a(hid.o)
                0x0000000000000c20                hidScanInput
 *fill*         0x00000000000011b8        0x8 
 .text.hidSetSupportedNpadStyleSet
                0x00000000000011c0        0x8 C:/devkitPro/libnx/lib\libnx.a(hid.o)
                0x00000000000011c0                hidSetSupportedNpadStyleSet
 *fill*         0x00000000000011c8        0x8 
 .text.hidSetSupportedNpadIdType
                0x00000000000011d0      0x1a8 C:/devkitPro/libnx/lib\libnx.a(hid.o)
                0x00000000000011d0                hidSetSupportedNpadIdType
 *fill*         0x0000000000001378        0x8 
 .text.hidSetNpadJoyHoldType
                0x0000000000001380        0x8 C:/devkitPro/libnx/lib\libnx.a(hid.o)
                0x0000000000001380                hidSetNpadJoyHoldType
 *fill*         0x0000000000001388        0x8 
 .text.hidSetNpadJoyAssignmentModeDual
                0x0000000000001390       0x20 C:/devkitPro/libnx/lib\libnx.a(hid.o)
                0x0000000000001390                hidSetNpadJoyAssignmentModeDual
 .text.hidFinalizeSevenSixAxisSensor
                0x00000000000013b0       0x80 C:/devkitPro/libnx/lib\libnx.a(hid.o)
                0x00000000000013b0                hidFinalizeSevenSixAxisSensor
 .text._hidCleanup
                0x0000000000001430      0x10c C:/devkitPro/libnx/lib\libnx.a(hid.o)
 *fill*         0x000000000000153c        0x4 
 .text.hidInitialize
                0x0000000000001540      0x18c C:/devkitPro/libnx/lib\libnx.a(hid.o)
                0x0000000000001540                hidInitialize
 *fill*         0x00000000000016cc        0x4 
 .text.hidExit  0x00000000000016d0       0x44 C:/devkitPro/libnx/lib\libnx.a(hid.o)
                0x00000000000016d0                hidExit
 *fill*         0x0000000000001714        0xc 
 .text._appletInfiniteSleepLoop
                0x0000000000001720       0x24 C:/devkitPro/libnx/lib\libnx.a(applet.o)
 *fill*         0x0000000000001744        0xc 
 .text._appletCmdGetSession
                0x0000000000001750       0xf0 C:/devkitPro/libnx/lib\libnx.a(applet.o)
 .text._appletGetLaunchReason
                0x0000000000001840       0xfc C:/devkitPro/libnx/lib\libnx.a(applet.o)
 *fill*         0x000000000000193c        0x4 
 .text._appletSetFocusHandlingMode
                0x0000000000001940       0xf0 C:/devkitPro/libnx/lib\libnx.a(applet.o)
 .text._appletCmdNoIO.isra.2
                0x0000000000001a30       0xc0 C:/devkitPro/libnx/lib\libnx.a(applet.o)
 .text._appletCmdNoInOutU64.isra.3
                0x0000000000001af0       0xd4 C:/devkitPro/libnx/lib\libnx.a(applet.o)
 *fill*         0x0000000000001bc4        0xc 
 .text._appletCmdNoInOutU32.isra.5
                0x0000000000001bd0       0xd4 C:/devkitPro/libnx/lib\libnx.a(applet.o)
 *fill*         0x0000000000001ca4        0xc 
 .text._appletCmdNoInOutU8.isra.6
                0x0000000000001cb0       0xd4 C:/devkitPro/libnx/lib\libnx.a(applet.o)
 *fill*         0x0000000000001d84        0xc 
 .text._appletCmdNoInOutBool
                0x0000000000001d90       0x50 C:/devkitPro/libnx/lib\libnx.a(applet.o)
 .text._appletCmdInU8NoOut.isra.7
                0x0000000000001de0       0xc8 C:/devkitPro/libnx/lib\libnx.a(applet.o)
 *fill*         0x0000000000001ea8        0x8 
 .text._appletCmdInU32NoOut.isra.10
                0x0000000000001eb0       0xc8 C:/devkitPro/libnx/lib\libnx.a(applet.o)
 *fill*         0x0000000000001f78        0x8 
 .text._appletGetLibraryAppletInfo.isra.12
                0x0000000000001f80       0xd4 C:/devkitPro/libnx/lib\libnx.a(applet.o)
 *fill*         0x0000000000002054        0xc 
 .text._appletGetSessionProxy.constprop.41
                0x0000000000002060      0x114 C:/devkitPro/libnx/lib\libnx.a(applet.o)
 *fill*         0x0000000000002174        0xc 
 .text._appletOpenLibraryAppletProxy.constprop.42
                0x0000000000002180      0x148 C:/devkitPro/libnx/lib\libnx.a(applet.o)
 *fill*         0x00000000000022c8        0x8 
 .text._appletCmdGetHandle.isra.4.constprop.46
                0x00000000000022d0       0xcc C:/devkitPro/libnx/lib\libnx.a(applet.o)
 *fill*         0x000000000000239c        0x4 
 .text._appletCmdGetEvent
                0x00000000000023a0       0x70 C:/devkitPro/libnx/lib\libnx.a(applet.o)
 .text.appletGetAppletType
                0x0000000000002410       0x10 C:/devkitPro/libnx/lib\libnx.a(applet.o)
                0x0000000000002410                appletGetAppletType
 .text.appletSetFocusHandlingMode
                0x0000000000002420      0x114 C:/devkitPro/libnx/lib\libnx.a(applet.o)
                0x0000000000002420                appletSetFocusHandlingMode
 *fill*         0x0000000000002534        0xc 
 .text.appletSetCpuBoostMode
                0x0000000000002540       0x64 C:/devkitPro/libnx/lib\libnx.a(applet.o)
                0x0000000000002540                appletSetCpuBoostMode
 *fill*         0x00000000000025a4        0xc 
 .text.appletCreateManagedDisplayLayer
                0x00000000000025b0       0x2c C:/devkitPro/libnx/lib\libnx.a(applet.o)
                0x00000000000025b0                appletCreateManagedDisplayLayer
 *fill*         0x00000000000025dc        0x4 
 .text.appletGetAppletResourceUserId
                0x00000000000025e0       0x28 C:/devkitPro/libnx/lib\libnx.a(applet.o)
                0x00000000000025e0                appletGetAppletResourceUserId
 *fill*         0x0000000000002608        0x8 
 .text._appletGetIndirectLayerConsumerHandle.isra.29
                0x0000000000002610      0x10c C:/devkitPro/libnx/lib\libnx.a(applet.o)
 *fill*         0x000000000000271c        0x4 
 .text._appletHolderCreateState
                0x0000000000002720       0x74 C:/devkitPro/libnx/lib\libnx.a(applet.o)
 *fill*         0x0000000000002794        0xc 
 .text.appletHolderClose
                0x00000000000027a0       0xb4 C:/devkitPro/libnx/lib\libnx.a(applet.o)
                0x00000000000027a0                appletHolderClose
 *fill*         0x0000000000002854        0xc 
 .text.appletHolderGetLibraryAppletInfo
                0x0000000000002860       0x24 C:/devkitPro/libnx/lib\libnx.a(applet.o)
                0x0000000000002860                appletHolderGetLibraryAppletInfo
 *fill*         0x0000000000002884        0xc 
 .text.appletNotifyRunning
                0x0000000000002890       0x58 C:/devkitPro/libnx/lib\libnx.a(applet.o)
                0x0000000000002890                appletNotifyRunning
 *fill*         0x00000000000028e8        0x8 
 .text.appletSetGamePlayRecordingState
                0x00000000000028f0       0x88 C:/devkitPro/libnx/lib\libnx.a(applet.o)
                0x00000000000028f0                appletSetGamePlayRecordingState
 *fill*         0x0000000000002978        0x8 
 .text._appletCleanup
                0x0000000000002980      0xad0 C:/devkitPro/libnx/lib\libnx.a(applet.o)
 .text.appletExit
                0x0000000000003450       0x44 C:/devkitPro/libnx/lib\libnx.a(applet.o)
                0x0000000000003450                appletExit
 *fill*         0x0000000000003494        0xc 
 .text._appletExitProcess
                0x00000000000034a0       0x20 C:/devkitPro/libnx/lib\libnx.a(applet.o)
 .text.appletGetLibraryAppletInfo
                0x00000000000034c0       0x40 C:/devkitPro/libnx/lib\libnx.a(applet.o)
                0x00000000000034c0                appletGetLibraryAppletInfo
 .text.appletInitialize
                0x0000000000003500      0xa44 C:/devkitPro/libnx/lib\libnx.a(applet.o)
                0x0000000000003500                appletInitialize
 *fill*         0x0000000000003f44        0xc 
 .text.appletGetMessage
                0x0000000000003f50       0x74 C:/devkitPro/libnx/lib\libnx.a(applet.o)
                0x0000000000003f50                appletGetMessage
 *fill*         0x0000000000003fc4        0xc 
 .text.appletProcessMessage
                0x0000000000003fd0      0x240 C:/devkitPro/libnx/lib\libnx.a(applet.o)
                0x0000000000003fd0                appletProcessMessage
 .text.appletMainLoop
                0x0000000000004210       0x34 C:/devkitPro/libnx/lib\libnx.a(applet.o)
                0x0000000000004210                appletMainLoop
 *fill*         0x0000000000004244        0xc 
 .text.envSetup
                0x0000000000004250      0x254 C:/devkitPro/libnx/lib\libnx.a(env.o)
                0x0000000000004250                envSetup
 *fill*         0x00000000000044a4        0xc 
 .text.envGetMainThreadHandle
                0x00000000000044b0       0x20 C:/devkitPro/libnx/lib\libnx.a(env.o)
                0x00000000000044b0                envGetMainThreadHandle
 .text.envIsNso
                0x00000000000044d0        0xc C:/devkitPro/libnx/lib\libnx.a(env.o)
                0x00000000000044d0                envIsNso
 *fill*         0x00000000000044dc        0x4 
 .text.envHasHeapOverride
                0x00000000000044e0       0x14 C:/devkitPro/libnx/lib\libnx.a(env.o)
                0x00000000000044e0                envHasHeapOverride
 *fill*         0x00000000000044f4        0xc 
 .text.envGetHeapOverrideAddr
                0x0000000000004500        0xc C:/devkitPro/libnx/lib\libnx.a(env.o)
                0x0000000000004500                envGetHeapOverrideAddr
 *fill*         0x000000000000450c        0x4 
 .text.envGetHeapOverrideSize
                0x0000000000004510        0xc C:/devkitPro/libnx/lib\libnx.a(env.o)
                0x0000000000004510                envGetHeapOverrideSize
 *fill*         0x000000000000451c        0x4 
 .text.envHasArgv
                0x0000000000004520       0x14 C:/devkitPro/libnx/lib\libnx.a(env.o)
                0x0000000000004520                envHasArgv
 *fill*         0x0000000000004534        0xc 
 .text.envGetArgv
                0x0000000000004540        0xc C:/devkitPro/libnx/lib\libnx.a(env.o)
                0x0000000000004540                envGetArgv
 *fill*         0x000000000000454c        0x4 
 .text.envGetExitFuncPtr
                0x0000000000004550        0xc C:/devkitPro/libnx/lib\libnx.a(env.o)
                0x0000000000004550                envGetExitFuncPtr
 *fill*         0x000000000000455c        0x4 
 .text.envSetExitFuncPtr
                0x0000000000004560        0xc C:/devkitPro/libnx/lib\libnx.a(env.o)
                0x0000000000004560                envSetExitFuncPtr
 *fill*         0x000000000000456c        0x4 
 .text.hosversionGet
                0x0000000000004570       0x10 C:/devkitPro/libnx/lib\libnx.a(hosversion.o)
                0x0000000000004570                hosversionGet
 .text.hosversionSet
                0x0000000000004580       0x10 C:/devkitPro/libnx/lib\libnx.a(hosversion.o)
                0x0000000000004580                hosversionSet
 .text.consoleDrawChar
                0x0000000000004590       0x44 C:/devkitPro/libnx/lib\libnx.a(console.o)
 *fill*         0x00000000000045d4        0xc 
 .text.consoleClearLine
                0x00000000000045e0      0x140 C:/devkitPro/libnx/lib\libnx.a(console.o)
 .text.consoleNewRow
                0x0000000000004720       0x4c C:/devkitPro/libnx/lib\libnx.a(console.o)
 *fill*         0x000000000000476c        0x4 
 .text.consolePrintChar
                0x0000000000004770      0x118 C:/devkitPro/libnx/lib\libnx.a(console.o)
 *fill*         0x0000000000004888        0x8 
 .text.consoleCls
                0x0000000000004890      0x15c C:/devkitPro/libnx/lib\libnx.a(console.o)
 *fill*         0x00000000000049ec        0x4 
 .text.con_write
                0x00000000000049f0      0x7e0 C:/devkitPro/libnx/lib\libnx.a(console.o)
 .text.consoleInit
                0x00000000000051d0      0x11c C:/devkitPro/libnx/lib\libnx.a(console.o)
                0x00000000000051d0                consoleInit
 *fill*         0x00000000000052ec        0x4 
 .text.consoleExit
                0x00000000000052f0       0x48 C:/devkitPro/libnx/lib\libnx.a(console.o)
                0x00000000000052f0                consoleExit
 *fill*         0x0000000000005338        0x8 
 .text.consoleUpdate
                0x0000000000005340       0x28 C:/devkitPro/libnx/lib\libnx.a(console.o)
                0x0000000000005340                consoleUpdate
 *fill*         0x0000000000005368        0x8 
 .text.consoleClear
                0x0000000000005370        0xc C:/devkitPro/libnx/lib\libnx.a(console.o)
                0x0000000000005370                consoleClear
 .text.svcSetHeapSize
                0x000000000000537c       0x14 C:/devkitPro/libnx/lib\libnx.a(svc.o)
                0x000000000000537c                svcSetHeapSize
 .text.svcSetMemoryAttribute
                0x0000000000005390        0x8 C:/devkitPro/libnx/lib\libnx.a(svc.o)
                0x0000000000005390                svcSetMemoryAttribute
 .text.svcUnmapMemory
                0x0000000000005398        0x8 C:/devkitPro/libnx/lib\libnx.a(svc.o)
                0x0000000000005398                svcUnmapMemory
 .text.svcQueryMemory
                0x00000000000053a0       0x14 C:/devkitPro/libnx/lib\libnx.a(svc.o)
                0x00000000000053a0                svcQueryMemory
 .text.svcExitProcess
                0x00000000000053b4        0x8 C:/devkitPro/libnx/lib\libnx.a(svc.o)
                0x00000000000053b4                svcExitProcess
 .text.svcSleepThread
                0x00000000000053bc        0x8 C:/devkitPro/libnx/lib\libnx.a(svc.o)
                0x00000000000053bc                svcSleepThread
 .text.svcMapSharedMemory
                0x00000000000053c4        0x8 C:/devkitPro/libnx/lib\libnx.a(svc.o)
                0x00000000000053c4                svcMapSharedMemory
 .text.svcUnmapSharedMemory
                0x00000000000053cc        0x8 C:/devkitPro/libnx/lib\libnx.a(svc.o)
                0x00000000000053cc                svcUnmapSharedMemory
 .text.svcCreateTransferMemory
                0x00000000000053d4       0x14 C:/devkitPro/libnx/lib\libnx.a(svc.o)
                0x00000000000053d4                svcCreateTransferMemory
 .text.svcCloseHandle
                0x00000000000053e8        0x8 C:/devkitPro/libnx/lib\libnx.a(svc.o)
                0x00000000000053e8                svcCloseHandle
 .text.svcResetSignal
                0x00000000000053f0        0x8 C:/devkitPro/libnx/lib\libnx.a(svc.o)
                0x00000000000053f0                svcResetSignal
 .text.svcWaitSynchronization
                0x00000000000053f8       0x14 C:/devkitPro/libnx/lib\libnx.a(svc.o)
                0x00000000000053f8                svcWaitSynchronization
 .text.svcArbitrateLock
                0x000000000000540c        0x8 C:/devkitPro/libnx/lib\libnx.a(svc.o)
                0x000000000000540c                svcArbitrateLock
 .text.svcArbitrateUnlock
                0x0000000000005414        0x8 C:/devkitPro/libnx/lib\libnx.a(svc.o)
                0x0000000000005414                svcArbitrateUnlock
 .text.svcWaitProcessWideKeyAtomic
                0x000000000000541c        0x8 C:/devkitPro/libnx/lib\libnx.a(svc.o)
                0x000000000000541c                svcWaitProcessWideKeyAtomic
 .text.svcSignalProcessWideKey
                0x0000000000005424        0x8 C:/devkitPro/libnx/lib\libnx.a(svc.o)
                0x0000000000005424                svcSignalProcessWideKey
 .text.svcConnectToNamedPort
                0x000000000000542c       0x14 C:/devkitPro/libnx/lib\libnx.a(svc.o)
                0x000000000000542c                svcConnectToNamedPort
 .text.svcSendSyncRequest
                0x0000000000005440        0x8 C:/devkitPro/libnx/lib\libnx.a(svc.o)
                0x0000000000005440                svcSendSyncRequest
 .text.svcBreak
                0x0000000000005448        0x8 C:/devkitPro/libnx/lib\libnx.a(svc.o)
                0x0000000000005448                svcBreak
 .text.svcReturnFromException
                0x0000000000005450        0x8 C:/devkitPro/libnx/lib\libnx.a(svc.o)
                0x0000000000005450                svcReturnFromException
 .text.svcGetInfo
                0x0000000000005458       0x14 C:/devkitPro/libnx/lib\libnx.a(svc.o)
                0x0000000000005458                svcGetInfo
 .text.svcUnmapTransferMemory
                0x000000000000546c        0x8 C:/devkitPro/libnx/lib\libnx.a(svc.o)
                0x000000000000546c                svcUnmapTransferMemory
 .text.__libnx_exception_entry
                0x0000000000005474      0x1c0 C:/devkitPro/libnx/lib\libnx.a(exception.o)
                0x0000000000005474                __libnx_exception_entry
 .text.__libnx_exception_returnentry
                0x0000000000005634       0x18 C:/devkitPro/libnx/lib\libnx.a(exception.o)
                0x0000000000005634                __libnx_exception_returnentry
 *fill*         0x000000000000564c        0x4 
 .text.eventLoadRemote
                0x0000000000005650        0xc C:/devkitPro/libnx/lib\libnx.a(event.o)
                0x0000000000005650                eventLoadRemote
 *fill*         0x000000000000565c        0x4 
 .text.eventWait
                0x0000000000005660       0x38 C:/devkitPro/libnx/lib\libnx.a(event.o)
                0x0000000000005660                eventWait
 *fill*         0x0000000000005698        0x8 
 .text.eventClose
                0x00000000000056a0       0x50 C:/devkitPro/libnx/lib\libnx.a(event.o)
                0x00000000000056a0                eventClose
 .text.mutexLock
                0x00000000000056f0       0x8c C:/devkitPro/libnx/lib\libnx.a(mutex.o)
                0x00000000000056f0                mutexLock
 *fill*         0x000000000000577c        0x4 
 .text.mutexUnlock
                0x0000000000005780       0x30 C:/devkitPro/libnx/lib\libnx.a(mutex.o)
                0x0000000000005780                mutexUnlock
 .text.rmutexLock
                0x00000000000057b0       0x4c C:/devkitPro/libnx/lib\libnx.a(mutex.o)
                0x00000000000057b0                rmutexLock
 *fill*         0x00000000000057fc        0x4 
 .text.rmutexUnlock
                0x0000000000005800       0x1c C:/devkitPro/libnx/lib\libnx.a(mutex.o)
                0x0000000000005800                rmutexUnlock
 *fill*         0x000000000000581c        0x4 
 .text.tmemCreate
                0x0000000000005820       0xa8 C:/devkitPro/libnx/lib\libnx.a(tmem.o)
                0x0000000000005820                tmemCreate
 *fill*         0x00000000000058c8        0x8 
 .text.tmemUnmap
                0x00000000000058d0       0x58 C:/devkitPro/libnx/lib\libnx.a(tmem.o)
                0x00000000000058d0                tmemUnmap
 *fill*         0x0000000000005928        0x8 
 .text.tmemClose
                0x0000000000005930       0x68 C:/devkitPro/libnx/lib\libnx.a(tmem.o)
                0x0000000000005930                tmemClose
 *fill*         0x0000000000005998        0x8 
 .text.rwlockReadLock
                0x00000000000059a0       0x58 C:/devkitPro/libnx/lib\libnx.a(rwlock.o)
                0x00000000000059a0                rwlockReadLock
 *fill*         0x00000000000059f8        0x8 
 .text.rwlockReadUnlock
                0x0000000000005a00       0x5c C:/devkitPro/libnx/lib\libnx.a(rwlock.o)
                0x0000000000005a00                rwlockReadUnlock
 *fill*         0x0000000000005a5c        0x4 
 .text.rwlockWriteLock
                0x0000000000005a60       0x84 C:/devkitPro/libnx/lib\libnx.a(rwlock.o)
                0x0000000000005a60                rwlockWriteLock
 *fill*         0x0000000000005ae4        0xc 
 .text.rwlockWriteUnlock
                0x0000000000005af0       0x3c C:/devkitPro/libnx/lib\libnx.a(rwlock.o)
                0x0000000000005af0                rwlockWriteUnlock
 *fill*         0x0000000000005b2c        0x4 
 .text._waitLoop
                0x0000000000005b30      0x104 C:/devkitPro/libnx/lib\libnx.a(wait.o)
 *fill*         0x0000000000005c34        0xc 
 .text._waitObjectsImpl
                0x0000000000005c40      0x338 C:/devkitPro/libnx/lib\libnx.a(wait.o)
 *fill*         0x0000000000005f78        0x8 
 .text.waitObjects
                0x0000000000005f80        0xc C:/devkitPro/libnx/lib\libnx.a(wait.o)
                0x0000000000005f80                waitObjects
 *fill*         0x0000000000005f8c        0x4 
 .text.shmemLoadRemote
                0x0000000000005f90       0x14 C:/devkitPro/libnx/lib\libnx.a(shmem.o)
                0x0000000000005f90                shmemLoadRemote
 *fill*         0x0000000000005fa4        0xc 
 .text.shmemMap
                0x0000000000005fb0       0x84 C:/devkitPro/libnx/lib\libnx.a(shmem.o)
                0x0000000000005fb0                shmemMap
 *fill*         0x0000000000006034        0xc 
 .text.shmemUnmap
                0x0000000000006040       0x58 C:/devkitPro/libnx/lib\libnx.a(shmem.o)
                0x0000000000006040                shmemUnmap
 *fill*         0x0000000000006098        0x8 
 .text.shmemClose
                0x00000000000060a0       0x44 C:/devkitPro/libnx/lib\libnx.a(shmem.o)
                0x00000000000060a0                shmemClose
 *fill*         0x00000000000060e4        0xc 
 .text._smCleanup
                0x00000000000060f0       0x68 C:/devkitPro/libnx/lib\libnx.a(sm.o)
 *fill*         0x0000000000006158        0x8 
 .text.smAddOverrideHandle
                0x0000000000006160       0x48 C:/devkitPro/libnx/lib\libnx.a(sm.o)
                0x0000000000006160                smAddOverrideHandle
 *fill*         0x00000000000061a8        0x8 
 .text.smGetServiceOverride
                0x00000000000061b0       0x64 C:/devkitPro/libnx/lib\libnx.a(sm.o)
                0x00000000000061b0                smGetServiceOverride
 *fill*         0x0000000000006214        0xc 
 .text.smExit   0x0000000000006220       0x44 C:/devkitPro/libnx/lib\libnx.a(sm.o)
                0x0000000000006220                smExit
 *fill*         0x0000000000006264        0xc 
 .text.smGetServiceOriginal
                0x0000000000006270       0xd0 C:/devkitPro/libnx/lib\libnx.a(sm.o)
                0x0000000000006270                smGetServiceOriginal
 .text.smInitialize
                0x0000000000006340      0x27c C:/devkitPro/libnx/lib\libnx.a(sm.o)
                0x0000000000006340                smInitialize
 *fill*         0x00000000000065bc        0x4 
 .text.smGetServiceWrapper
                0x00000000000065c0      0x114 C:/devkitPro/libnx/lib\libnx.a(sm.o)
                0x00000000000065c0                smGetServiceWrapper
 *fill*         0x00000000000066d4        0xc 
 .text._fatalCmd
                0x00000000000066e0      0x1a8 C:/devkitPro/libnx/lib\libnx.a(fatal.o)
 *fill*         0x0000000000006888        0x8 
 .text.fatalThrowWithPolicy
                0x0000000000006890        0xc C:/devkitPro/libnx/lib\libnx.a(fatal.o)
                0x0000000000006890                fatalThrowWithPolicy
 *fill*         0x000000000000689c        0x4 
 .text.fatalThrow
                0x00000000000068a0       0x14 C:/devkitPro/libnx/lib\libnx.a(fatal.o)
                0x00000000000068a0                fatalThrow
                0x00000000000068a0                fatalSimple
 *fill*         0x00000000000068b4        0xc 
 .text._apmCleanup
                0x00000000000068c0       0xcc C:/devkitPro/libnx/lib\libnx.a(apm.o)
 *fill*         0x000000000000698c        0x4 
 .text._apmCmdGetSession.constprop.0
                0x0000000000006990      0x188 C:/devkitPro/libnx/lib\libnx.a(apm.o)
 *fill*         0x0000000000006b18        0x8 
 .text.apmInitialize
                0x0000000000006b20       0xa0 C:/devkitPro/libnx/lib\libnx.a(apm.o)
                0x0000000000006b20                apmInitialize
 .text.apmExit  0x0000000000006bc0       0x44 C:/devkitPro/libnx/lib\libnx.a(apm.o)
                0x0000000000006bc0                apmExit
 *fill*         0x0000000000006c04        0xc 
 .text.apmSetPerformanceConfiguration
                0x0000000000006c10       0xc8 C:/devkitPro/libnx/lib\libnx.a(apm.o)
                0x0000000000006c10                apmSetPerformanceConfiguration
 *fill*         0x0000000000006cd8        0x8 
 .text.argvSetup
                0x0000000000006ce0      0x324 C:/devkitPro/libnx/lib\libnx.a(argv.o)
                0x0000000000006ce0                argvSetup
 *fill*         0x0000000000007004        0xc 
 .text.nxlinkSetup
                0x0000000000007010       0xc4 C:/devkitPro/libnx/lib\libnx.a(nxlink.o)
                0x0000000000007010                nxlinkSetup
 *fill*         0x00000000000070d4        0xc 
 .text.__libnx_initheap
                0x00000000000070e0       0xd8 C:/devkitPro/libnx/lib\libnx.a(init.o)
                0x00000000000070e0                __libnx_initheap
 *fill*         0x00000000000071b8        0x8 
 .text.__appInit
                0x00000000000071c0       0xe8 C:/devkitPro/libnx/lib\libnx.a(init.o)
                0x00000000000071c0                __appInit
 *fill*         0x00000000000072a8        0x8 
 .text.__appExit
                0x00000000000072b0       0x44 C:/devkitPro/libnx/lib\libnx.a(init.o)
                0x00000000000072b0                __appExit
 *fill*         0x00000000000072f4        0xc 
 .text.__libnx_init
                0x0000000000007300       0x28 C:/devkitPro/libnx/lib\libnx.a(init.o)
                0x0000000000007300                __libnx_init
 *fill*         0x0000000000007328        0x8 
 .text.__libnx_exit
                0x0000000000007330       0x20 C:/devkitPro/libnx/lib\libnx.a(init.o)
                0x0000000000007330                __libnx_exit
 .text.__nx_dynamic
                0x0000000000007350       0xa0 C:/devkitPro/libnx/lib\libnx.a(dynamic.o)
                0x0000000000007350                __nx_dynamic
 .text.fsdev_link
                0x00000000000073f0       0x10 C:/devkitPro/libnx/lib\libnx.a(fs_dev.o)
 .text.fsdev_dirreset
                0x0000000000007400       0x10 C:/devkitPro/libnx/lib\libnx.a(fs_dev.o)
 .text.fsdev_chmod
                0x0000000000007410       0x10 C:/devkitPro/libnx/lib\libnx.a(fs_dev.o)
 .text.error_cmp
                0x0000000000007420       0x1c C:/devkitPro/libnx/lib\libnx.a(fs_dev.o)
 *fill*         0x000000000000743c        0x4 
 .text.fsdev_translate_error
                0x0000000000007440       0x5c C:/devkitPro/libnx/lib\libnx.a(fs_dev.o)
 *fill*         0x000000000000749c        0x4 
 .text.fsdev_fsync
                0x00000000000074a0       0x40 C:/devkitPro/libnx/lib\libnx.a(fs_dev.o)
 .text.fsdev_ftruncate
                0x00000000000074e0       0x60 C:/devkitPro/libnx/lib\libnx.a(fs_dev.o)
 .text.fsdev_dirclose
                0x0000000000007540       0x20 C:/devkitPro/libnx/lib\libnx.a(fs_dev.o)
 .text.fsdev_close
                0x0000000000007560       0x1c C:/devkitPro/libnx/lib\libnx.a(fs_dev.o)
 *fill*         0x000000000000757c        0x4 
 .text.fsdev_converttimetoutc
                0x0000000000007580       0x7c C:/devkitPro/libnx/lib\libnx.a(fs_dev.o)
 *fill*         0x00000000000075fc        0x4 
 .text.fsdev_fstat
                0x0000000000007600       0xc8 C:/devkitPro/libnx/lib\libnx.a(fs_dev.o)
 *fill*         0x00000000000076c8        0x8 
 .text.fsdev_seek
                0x00000000000076d0       0xb0 C:/devkitPro/libnx/lib\libnx.a(fs_dev.o)
 .text.fsdev_read_safe.isra.0
                0x0000000000007780      0x118 C:/devkitPro/libnx/lib\libnx.a(fs_dev.o)
 *fill*         0x0000000000007898        0x8 
 .text.fsdev_read
                0x00000000000078a0       0xcc C:/devkitPro/libnx/lib\libnx.a(fs_dev.o)
 *fill*         0x000000000000796c        0x4 
 .text.fsdev_write_safe.isra.1
                0x0000000000007970      0x114 C:/devkitPro/libnx/lib\libnx.a(fs_dev.o)
 *fill*         0x0000000000007a84        0xc 
 .text.fsdev_write
                0x0000000000007a90       0xf0 C:/devkitPro/libnx/lib\libnx.a(fs_dev.o)
 .text.fsdevFindDevice.part.2
                0x0000000000007b80       0xb8 C:/devkitPro/libnx/lib\libnx.a(fs_dev.o)
 *fill*         0x0000000000007c38        0x8 
 .text.fsdev_getfspath
                0x0000000000007c40      0x210 C:/devkitPro/libnx/lib\libnx.a(fs_dev.o)
 .text.fsdev_rmdir
                0x0000000000007e50       0x78 C:/devkitPro/libnx/lib\libnx.a(fs_dev.o)
 *fill*         0x0000000000007ec8        0x8 
 .text.fsdev_statvfs
                0x0000000000007ed0       0xd8 C:/devkitPro/libnx/lib\libnx.a(fs_dev.o)
 *fill*         0x0000000000007fa8        0x8 
 .text.fsdev_diropen
                0x0000000000007fb0       0xf4 C:/devkitPro/libnx/lib\libnx.a(fs_dev.o)
 *fill*         0x00000000000080a4        0xc 
 .text.fsdev_mkdir
                0x00000000000080b0       0x78 C:/devkitPro/libnx/lib\libnx.a(fs_dev.o)
 *fill*         0x0000000000008128        0x8 
 .text.fsdev_rename
                0x0000000000008130      0x10c C:/devkitPro/libnx/lib\libnx.a(fs_dev.o)
 *fill*         0x000000000000823c        0x4 
 .text.fsdev_chdir
                0x0000000000008240      0x124 C:/devkitPro/libnx/lib\libnx.a(fs_dev.o)
 *fill*         0x0000000000008364        0xc 
 .text.fsdev_unlink
                0x0000000000008370       0x78 C:/devkitPro/libnx/lib\libnx.a(fs_dev.o)
 *fill*         0x00000000000083e8        0x8 
 .text.fsdev_stat
                0x00000000000083f0      0x1c0 C:/devkitPro/libnx/lib\libnx.a(fs_dev.o)
 .text.fsdev_open
                0x00000000000085b0      0x1b0 C:/devkitPro/libnx/lib\libnx.a(fs_dev.o)
 .text._fsdevUnmountDeviceStruct.part.4
                0x0000000000008760       0xa8 C:/devkitPro/libnx/lib\libnx.a(fs_dev.o)
 *fill*         0x0000000000008808        0x8 
 .text.fsdev_dirnext
                0x0000000000008810      0x184 C:/devkitPro/libnx/lib\libnx.a(fs_dev.o)
 *fill*         0x0000000000008994        0xc 
 .text.fsdev_fchmod
                0x00000000000089a0       0x10 C:/devkitPro/libnx/lib\libnx.a(fs_dev.o)
 .text.fsdevMountDevice
                0x00000000000089b0      0x1c8 C:/devkitPro/libnx/lib\libnx.a(fs_dev.o)
                0x00000000000089b0                fsdevMountDevice
 *fill*         0x0000000000008b78        0x8 
 .text.fsdevMountSdmc
                0x0000000000008b80       0x40 C:/devkitPro/libnx/lib\libnx.a(fs_dev.o)
                0x0000000000008b80                fsdevMountSdmc
 .text.__libnx_init_cwd
                0x0000000000008bc0       0xcc C:/devkitPro/libnx/lib\libnx.a(fs_dev.o)
                0x0000000000008bc0                __libnx_init_cwd
 *fill*         0x0000000000008c8c        0x4 
 .text.fsdevUnmountAll
                0x0000000000008c90       0x64 C:/devkitPro/libnx/lib\libnx.a(fs_dev.o)
                0x0000000000008c90                fsdevUnmountAll
 *fill*         0x0000000000008cf4        0xc 
 .text.ConsoleSwRenderer_flushAndSwap
                0x0000000000008d00       0x70 C:/devkitPro/libnx/lib\libnx.a(console_sw.o)
 .text.ConsoleSwRenderer_scrollWindow
                0x0000000000008d70       0xc4 C:/devkitPro/libnx/lib\libnx.a(console_sw.o)
 *fill*         0x0000000000008e34        0xc 
 .text.ConsoleSwRenderer_drawChar
                0x0000000000008e40      0x188 C:/devkitPro/libnx/lib\libnx.a(console_sw.o)
 *fill*         0x0000000000008fc8        0x8 
 .text.ConsoleSwRenderer_deinit
                0x0000000000008fd0       0x3c C:/devkitPro/libnx/lib\libnx.a(console_sw.o)
 *fill*         0x000000000000900c        0x4 
 .text.ConsoleSwRenderer_init
                0x0000000000009010       0xf4 C:/devkitPro/libnx/lib\libnx.a(console_sw.o)
 *fill*         0x0000000000009104        0xc 
 .text.getDefaultConsoleRenderer
                0x0000000000009110        0xc C:/devkitPro/libnx/lib\libnx.a(console_sw.o)
                0x0000000000009110                getDefaultConsoleRenderer
 *fill*         0x000000000000911c        0x4 
 .text.decode_utf8
                0x0000000000009120      0x12c C:/devkitPro/libnx/lib\libnx.a(decode_utf8.o)
                0x0000000000009120                decode_utf8
 .text.__aarch64_read_tp
                0x000000000000924c        0xc C:/devkitPro/libnx/lib\libnx.a(readtp.o)
                0x000000000000924c                __aarch64_read_tp
 *fill*         0x0000000000009258        0x8 
 .text.condvarWaitTimeout
                0x0000000000009260       0x60 C:/devkitPro/libnx/lib\libnx.a(condvar.o)
                0x0000000000009260                condvarWaitTimeout
 .text._GetRegionFromInfo.isra.1
                0x00000000000092c0       0x7c C:/devkitPro/libnx/lib\libnx.a(virtmem.o)
 *fill*         0x000000000000933c        0x4 
 .text.virtmemSetup
                0x0000000000009340      0x114 C:/devkitPro/libnx/lib\libnx.a(virtmem.o)
                0x0000000000009340                virtmemSetup
 *fill*         0x0000000000009454        0xc 
 .text.virtmemReserve
                0x0000000000009460      0x124 C:/devkitPro/libnx/lib\libnx.a(virtmem.o)
                0x0000000000009460                virtmemReserve
 *fill*         0x0000000000009584        0xc 
 .text.virtmemFree
                0x0000000000009590        0x4 C:/devkitPro/libnx/lib\libnx.a(virtmem.o)
                0x0000000000009590                virtmemFree
 *fill*         0x0000000000009594        0xc 
 .text.detectKernelVersion
                0x00000000000095a0      0x17c C:/devkitPro/libnx/lib\libnx.a(detect.o)
                0x00000000000095a0                detectKernelVersion
 *fill*         0x000000000000971c        0x4 
 .text.detectDebugger
                0x0000000000009720       0x30 C:/devkitPro/libnx/lib\libnx.a(detect.o)
                0x0000000000009720                detectDebugger
 .text._fsCleanup
                0x0000000000009750       0xb4 C:/devkitPro/libnx/lib\libnx.a(fs.o)
 *fill*         0x0000000000009804        0xc 
 .text._fsCmdNoIO
                0x0000000000009810      0x1d4 C:/devkitPro/libnx/lib\libnx.a(fs.o)
 *fill*         0x00000000000099e4        0xc 
 .text._fsFsCmdWithInPath
                0x00000000000099f0      0x200 C:/devkitPro/libnx/lib\libnx.a(fs.o)
 .text._fsFsCmdWithTwoInPaths
                0x0000000000009bf0      0x244 C:/devkitPro/libnx/lib\libnx.a(fs.o)
 *fill*         0x0000000000009e34        0xc 
 .text._fsFsOpenCommon
                0x0000000000009e40      0x2fc C:/devkitPro/libnx/lib\libnx.a(fs.o)
 *fill*         0x000000000000a13c        0x4 
 .text._fsFsCmdWithInPathAndOutU64
                0x000000000000a140      0x214 C:/devkitPro/libnx/lib\libnx.a(fs.o)
 *fill*         0x000000000000a354        0xc 
 .text._fsObjectClose
                0x000000000000a360       0xfc C:/devkitPro/libnx/lib\libnx.a(fs.o)
 *fill*         0x000000000000a45c        0x4 
 .text._fsCmdGetSession.constprop.2
                0x000000000000a460      0x170 C:/devkitPro/libnx/lib\libnx.a(fs.o)
 .text.fsInitialize
                0x000000000000a5d0      0x328 C:/devkitPro/libnx/lib\libnx.a(fs.o)
                0x000000000000a5d0                fsInitialize
 *fill*         0x000000000000a8f8        0x8 
 .text.fsExit   0x000000000000a900       0x44 C:/devkitPro/libnx/lib\libnx.a(fs.o)
                0x000000000000a900                fsExit
 *fill*         0x000000000000a944        0xc 
 .text.fsOpenSdCardFileSystem
                0x000000000000a950        0x8 C:/devkitPro/libnx/lib\libnx.a(fs.o)
                0x000000000000a950                fsOpenSdCardFileSystem
 *fill*         0x000000000000a958        0x8 
 .text.fsFsCreateFile
                0x000000000000a960      0x20c C:/devkitPro/libnx/lib\libnx.a(fs.o)
                0x000000000000a960                fsFsCreateFile
 *fill*         0x000000000000ab6c        0x4 
 .text.fsFsDeleteFile
                0x000000000000ab70        0x8 C:/devkitPro/libnx/lib\libnx.a(fs.o)
                0x000000000000ab70                fsFsDeleteFile
 *fill*         0x000000000000ab78        0x8 
 .text.fsFsCreateDirectory
                0x000000000000ab80        0x8 C:/devkitPro/libnx/lib\libnx.a(fs.o)
                0x000000000000ab80                fsFsCreateDirectory
 *fill*         0x000000000000ab88        0x8 
 .text.fsFsDeleteDirectory
                0x000000000000ab90        0x8 C:/devkitPro/libnx/lib\libnx.a(fs.o)
                0x000000000000ab90                fsFsDeleteDirectory
 *fill*         0x000000000000ab98        0x8 
 .text.fsFsRenameFile
                0x000000000000aba0        0x8 C:/devkitPro/libnx/lib\libnx.a(fs.o)
                0x000000000000aba0                fsFsRenameFile
 *fill*         0x000000000000aba8        0x8 
 .text.fsFsRenameDirectory
                0x000000000000abb0        0x8 C:/devkitPro/libnx/lib\libnx.a(fs.o)
                0x000000000000abb0                fsFsRenameDirectory
 *fill*         0x000000000000abb8        0x8 
 .text.fsFsGetEntryType
                0x000000000000abc0      0x210 C:/devkitPro/libnx/lib\libnx.a(fs.o)
                0x000000000000abc0                fsFsGetEntryType
 .text.fsFsOpenFile
                0x000000000000add0        0x8 C:/devkitPro/libnx/lib\libnx.a(fs.o)
                0x000000000000add0                fsFsOpenFile
 *fill*         0x000000000000add8        0x8 
 .text.fsFsOpenDirectory
                0x000000000000ade0        0x8 C:/devkitPro/libnx/lib\libnx.a(fs.o)
                0x000000000000ade0                fsFsOpenDirectory
 *fill*         0x000000000000ade8        0x8 
 .text.fsFsGetFreeSpace
                0x000000000000adf0        0x8 C:/devkitPro/libnx/lib\libnx.a(fs.o)
                0x000000000000adf0                fsFsGetFreeSpace
 *fill*         0x000000000000adf8        0x8 
 .text.fsFsGetTotalSpace
                0x000000000000ae00        0x8 C:/devkitPro/libnx/lib\libnx.a(fs.o)
                0x000000000000ae00                fsFsGetTotalSpace
 *fill*         0x000000000000ae08        0x8 
 .text.fsFsGetFileTimeStampRaw
                0x000000000000ae10      0x260 C:/devkitPro/libnx/lib\libnx.a(fs.o)
                0x000000000000ae10                fsFsGetFileTimeStampRaw
 .text.fsFsClose
                0x000000000000b070        0x4 C:/devkitPro/libnx/lib\libnx.a(fs.o)
                0x000000000000b070                fsFsClose
 *fill*         0x000000000000b074        0xc 
 .text.fsFileRead
                0x000000000000b080      0x248 C:/devkitPro/libnx/lib\libnx.a(fs.o)
                0x000000000000b080                fsFileRead
 *fill*         0x000000000000b2c8        0x8 
 .text.fsFileWrite
                0x000000000000b2d0      0x22c C:/devkitPro/libnx/lib\libnx.a(fs.o)
                0x000000000000b2d0                fsFileWrite
 *fill*         0x000000000000b4fc        0x4 
 .text.fsFileFlush
                0x000000000000b500        0x8 C:/devkitPro/libnx/lib\libnx.a(fs.o)
                0x000000000000b500                fsFileFlush
 *fill*         0x000000000000b508        0x8 
 .text.fsFileSetSize
                0x000000000000b510      0x1dc C:/devkitPro/libnx/lib\libnx.a(fs.o)
                0x000000000000b510                fsFileSetSize
 *fill*         0x000000000000b6ec        0x4 
 .text.fsFileGetSize
                0x000000000000b6f0      0x1ec C:/devkitPro/libnx/lib\libnx.a(fs.o)
                0x000000000000b6f0                fsFileGetSize
 *fill*         0x000000000000b8dc        0x4 
 .text.fsFileClose
                0x000000000000b8e0        0x4 C:/devkitPro/libnx/lib\libnx.a(fs.o)
                0x000000000000b8e0                fsFileClose
 *fill*         0x000000000000b8e4        0xc 
 .text.fsDirClose
                0x000000000000b8f0        0x4 C:/devkitPro/libnx/lib\libnx.a(fs.o)
                0x000000000000b8f0                fsDirClose
 *fill*         0x000000000000b8f4        0xc 
 .text.fsDirRead
                0x000000000000b900      0x230 C:/devkitPro/libnx/lib\libnx.a(fs.o)
                0x000000000000b900                fsDirRead
 .text._setsysGetFirmwareVersionImpl
                0x000000000000bb30       0xd4 C:/devkitPro/libnx/lib\libnx.a(set.o)
 *fill*         0x000000000000bc04        0xc 
 .text._setsysCleanup
                0x000000000000bc10       0x68 C:/devkitPro/libnx/lib\libnx.a(set.o)
 *fill*         0x000000000000bc78        0x8 
 .text.setsysInitialize
                0x000000000000bc80       0xa0 C:/devkitPro/libnx/lib\libnx.a(set.o)
                0x000000000000bc80                setsysInitialize
 .text.setsysExit
                0x000000000000bd20       0x44 C:/devkitPro/libnx/lib\libnx.a(set.o)
                0x000000000000bd20                setsysExit
 *fill*         0x000000000000bd64        0xc 
 .text.setsysGetFirmwareVersion
                0x000000000000bd70       0x44 C:/devkitPro/libnx/lib\libnx.a(set.o)
                0x000000000000bd70                setsysGetFirmwareVersion
 *fill*         0x000000000000bdb4        0xc 
 .text._timeCleanup
                0x000000000000bdc0      0x1d4 C:/devkitPro/libnx/lib\libnx.a(time.o)
 *fill*         0x000000000000bf94        0xc 
 .text._timeCmdNoInOutU64.constprop.2
                0x000000000000bfa0       0xc8 C:/devkitPro/libnx/lib\libnx.a(time.o)
 *fill*         0x000000000000c068        0x8 
 .text._timeCmdGetSession.constprop.4
                0x000000000000c070      0x184 C:/devkitPro/libnx/lib\libnx.a(time.o)
 *fill*         0x000000000000c1f4        0xc 
 .text.timeInitialize
                0x000000000000c200      0x200 C:/devkitPro/libnx/lib\libnx.a(time.o)
                0x000000000000c200                timeInitialize
 .text.timeExit
                0x000000000000c400       0x44 C:/devkitPro/libnx/lib\libnx.a(time.o)
                0x000000000000c400                timeExit
 *fill*         0x000000000000c444        0xc 
 .text.timeGetServiceSession_SystemClock
                0x000000000000c450       0x38 C:/devkitPro/libnx/lib\libnx.a(time.o)
                0x000000000000c450                timeGetServiceSession_SystemClock
 *fill*         0x000000000000c488        0x8 
 .text.timeGetCurrentTime
                0x000000000000c490       0x2c C:/devkitPro/libnx/lib\libnx.a(time.o)
                0x000000000000c490                timeGetCurrentTime
 *fill*         0x000000000000c4bc        0x4 
 .text.timeToCalendarTimeWithMyRule
                0x000000000000c4c0      0x118 C:/devkitPro/libnx/lib\libnx.a(time.o)
                0x000000000000c4c0                timeToCalendarTimeWithMyRule
 *fill*         0x000000000000c5d8        0x8 
 .text.timeToPosixTimeWithMyRule
                0x000000000000c5e0      0x104 C:/devkitPro/libnx/lib\libnx.a(time.o)
                0x000000000000c5e0                timeToPosixTimeWithMyRule
 *fill*         0x000000000000c6e4        0xc 
 .text._nwindowConnect
                0x000000000000c6f0       0x54 C:/devkitPro/libnx/lib\libnx.a(native_window.o)
 *fill*         0x000000000000c744        0xc 
 .text._nwindowDisconnect
                0x000000000000c750       0x40 C:/devkitPro/libnx/lib\libnx.a(native_window.o)
 .text.nwindowIsValid
                0x000000000000c790       0x24 C:/devkitPro/libnx/lib\libnx.a(native_window.o)
                0x000000000000c790                nwindowIsValid
 *fill*         0x000000000000c7b4        0xc 
 .text.nwindowClose
                0x000000000000c7c0       0x6c C:/devkitPro/libnx/lib\libnx.a(native_window.o)
                0x000000000000c7c0                nwindowClose
 *fill*         0x000000000000c82c        0x4 
 .text.nwindowCreate
                0x000000000000c830       0xd4 C:/devkitPro/libnx/lib\libnx.a(native_window.o)
                0x000000000000c830                nwindowCreate
 *fill*         0x000000000000c904        0xc 
 .text.nwindowCreateFromLayer
                0x000000000000c910       0x34 C:/devkitPro/libnx/lib\libnx.a(native_window.o)
                0x000000000000c910                nwindowCreateFromLayer
 *fill*         0x000000000000c944        0xc 
 .text.nwindowSetDimensions
                0x000000000000c950       0x88 C:/devkitPro/libnx/lib\libnx.a(native_window.o)
                0x000000000000c950                nwindowSetDimensions
 *fill*         0x000000000000c9d8        0x8 
 .text.nwindowConfigureBuffer
                0x000000000000c9e0      0x154 C:/devkitPro/libnx/lib\libnx.a(native_window.o)
                0x000000000000c9e0                nwindowConfigureBuffer
 *fill*         0x000000000000cb34        0xc 
 .text.nwindowDequeueBuffer
                0x000000000000cb40      0x1e4 C:/devkitPro/libnx/lib\libnx.a(native_window.o)
                0x000000000000cb40                nwindowDequeueBuffer
 *fill*         0x000000000000cd24        0xc 
 .text.nwindowQueueBuffer
                0x000000000000cd30      0x144 C:/devkitPro/libnx/lib\libnx.a(native_window.o)
                0x000000000000cd30                nwindowQueueBuffer
 *fill*         0x000000000000ce74        0xc 
 .text.nwindowReleaseBuffers
                0x000000000000ce80       0xac C:/devkitPro/libnx/lib\libnx.a(native_window.o)
                0x000000000000ce80                nwindowReleaseBuffers
 *fill*         0x000000000000cf2c        0x4 
 .text.nwindowGetDefault
                0x000000000000cf30        0xc C:/devkitPro/libnx/lib\libnx.a(default_window.o)
                0x000000000000cf30                nwindowGetDefault
 *fill*         0x000000000000cf3c        0x4 
 .text.__nx_win_init
                0x000000000000cf40       0xc8 C:/devkitPro/libnx/lib\libnx.a(default_window.o)
                0x000000000000cf40                __nx_win_init
 *fill*         0x000000000000d008        0x8 
 .text.__nx_win_exit
                0x000000000000d010       0x34 C:/devkitPro/libnx/lib\libnx.a(default_window.o)
                0x000000000000d010                __nx_win_exit
 *fill*         0x000000000000d044        0xc 
 .text.binderCreate
                0x000000000000d050       0x18 C:/devkitPro/libnx/lib\libnx.a(binder.o)
                0x000000000000d050                binderCreate
 *fill*         0x000000000000d068        0x8 
 .text.binderTransactParcel
                0x000000000000d070      0x440 C:/devkitPro/libnx/lib\libnx.a(binder.o)
                0x000000000000d070                binderTransactParcel
 .text.binderConvertErrorCode
                0x000000000000d4b0      0x124 C:/devkitPro/libnx/lib\libnx.a(binder.o)
                0x000000000000d4b0                binderConvertErrorCode
 *fill*         0x000000000000d5d4        0xc 
 .text.binderAdjustRefcount
                0x000000000000d5e0      0x124 C:/devkitPro/libnx/lib\libnx.a(binder.o)
                0x000000000000d5e0                binderAdjustRefcount
 *fill*         0x000000000000d704        0xc 
 .text.binderInitSession
                0x000000000000d710       0x98 C:/devkitPro/libnx/lib\libnx.a(binder.o)
                0x000000000000d710                binderInitSession
 *fill*         0x000000000000d7a8        0x8 
 .text.binderClose
                0x000000000000d7b0       0x68 C:/devkitPro/libnx/lib\libnx.a(binder.o)
                0x000000000000d7b0                binderClose
 *fill*         0x000000000000d818        0x8 
 .text.binderGetNativeHandle
                0x000000000000d820      0x158 C:/devkitPro/libnx/lib\libnx.a(binder.o)
                0x000000000000d820                binderGetNativeHandle
 *fill*         0x000000000000d978        0x8 
 .text.bqRequestBuffer
                0x000000000000d980       0xe8 C:/devkitPro/libnx/lib\libnx.a(buffer_producer.o)
                0x000000000000d980                bqRequestBuffer
 *fill*         0x000000000000da68        0x8 
 .text.bqDequeueBuffer
                0x000000000000da70      0x154 C:/devkitPro/libnx/lib\libnx.a(buffer_producer.o)
                0x000000000000da70                bqDequeueBuffer
 *fill*         0x000000000000dbc4        0xc 
 .text.bqDetachBuffer
                0x000000000000dbd0       0x9c C:/devkitPro/libnx/lib\libnx.a(buffer_producer.o)
                0x000000000000dbd0                bqDetachBuffer
 *fill*         0x000000000000dc6c        0x4 
 .text.bqQueueBuffer
                0x000000000000dc70       0xe0 C:/devkitPro/libnx/lib\libnx.a(buffer_producer.o)
                0x000000000000dc70                bqQueueBuffer
 .text.bqCancelBuffer
                0x000000000000dd50       0x90 C:/devkitPro/libnx/lib\libnx.a(buffer_producer.o)
                0x000000000000dd50                bqCancelBuffer
 .text.bqConnect
                0x000000000000dde0       0xe4 C:/devkitPro/libnx/lib\libnx.a(buffer_producer.o)
                0x000000000000dde0                bqConnect
 *fill*         0x000000000000dec4        0xc 
 .text.bqDisconnect
                0x000000000000ded0       0x9c C:/devkitPro/libnx/lib\libnx.a(buffer_producer.o)
                0x000000000000ded0                bqDisconnect
 *fill*         0x000000000000df6c        0x4 
 .text.bqSetPreallocatedBuffer
                0x000000000000df70      0x178 C:/devkitPro/libnx/lib\libnx.a(buffer_producer.o)
                0x000000000000df70                bqSetPreallocatedBuffer
 *fill*         0x000000000000e0e8        0x8 
 .text.framebufferMakeLinear
                0x000000000000e0f0       0x80 C:/devkitPro/libnx/lib\libnx.a(framebuffer.o)
                0x000000000000e0f0                framebufferMakeLinear
 .text.framebufferClose
                0x000000000000e170       0x78 C:/devkitPro/libnx/lib\libnx.a(framebuffer.o)
                0x000000000000e170                framebufferClose
 *fill*         0x000000000000e1e8        0x8 
 .text.framebufferCreate
                0x000000000000e1f0      0x298 C:/devkitPro/libnx/lib\libnx.a(framebuffer.o)
                0x000000000000e1f0                framebufferCreate
 *fill*         0x000000000000e488        0x8 
 .text.framebufferBegin
                0x000000000000e490       0x80 C:/devkitPro/libnx/lib\libnx.a(framebuffer.o)
                0x000000000000e490                framebufferBegin
 .text.framebufferEnd
                0x000000000000e510      0x17c C:/devkitPro/libnx/lib\libnx.a(framebuffer.o)
                0x000000000000e510                framebufferEnd
 *fill*         0x000000000000e68c        0x4 
 .text.__syscall_exit
                0x000000000000e690       0x1c C:/devkitPro/libnx/lib\libnx.a(newlib.o)
                0x000000000000e690                __syscall_exit
 *fill*         0x000000000000e6ac        0x4 
 .text.__syscall_getreent
                0x000000000000e6b0       0x34 C:/devkitPro/libnx/lib\libnx.a(newlib.o)
                0x000000000000e6b0                __syscall_getreent
 *fill*         0x000000000000e6e4        0xc 
 .text.__syscall_lock_acquire
                0x000000000000e6f0        0x4 C:/devkitPro/libnx/lib\libnx.a(newlib.o)
                0x000000000000e6f0                __syscall_lock_acquire
 *fill*         0x000000000000e6f4        0xc 
 .text.__syscall_lock_release
                0x000000000000e700        0x4 C:/devkitPro/libnx/lib\libnx.a(newlib.o)
                0x000000000000e700                __syscall_lock_release
 *fill*         0x000000000000e704        0xc 
 .text.__syscall_lock_acquire_recursive
                0x000000000000e710        0x4 C:/devkitPro/libnx/lib\libnx.a(newlib.o)
                0x000000000000e710                __syscall_lock_acquire_recursive
 *fill*         0x000000000000e714        0xc 
 .text.__syscall_lock_release_recursive
                0x000000000000e720        0x4 C:/devkitPro/libnx/lib\libnx.a(newlib.o)
                0x000000000000e720                __syscall_lock_release_recursive
 *fill*         0x000000000000e724        0xc 
 .text.__libnx_init_time
                0x000000000000e730      0x27c C:/devkitPro/libnx/lib\libnx.a(newlib.o)
                0x000000000000e730                __libnx_init_time
 *fill*         0x000000000000e9ac        0x4 
 .text.newlibSetup
                0x000000000000e9b0       0x80 C:/devkitPro/libnx/lib\libnx.a(newlib.o)
                0x000000000000e9b0                newlibSetup
 .text.armDCacheFlush
                0x000000000000ea30       0x3c C:/devkitPro/libnx/lib\libnx.a(cache.o)
                0x000000000000ea30                armDCacheFlush
 *fill*         0x000000000000ea6c        0x4 
 .text.sessionmgrCreate
                0x000000000000ea70      0x180 C:/devkitPro/libnx/lib\libnx.a(sessionmgr.o)
                0x000000000000ea70                sessionmgrCreate
 .text.sessionmgrClose
                0x000000000000ebf0       0x80 C:/devkitPro/libnx/lib\libnx.a(sessionmgr.o)
                0x000000000000ebf0                sessionmgrClose
 .text.sessionmgrAttachClient
                0x000000000000ec70       0xa4 C:/devkitPro/libnx/lib\libnx.a(sessionmgr.o)
                0x000000000000ec70                sessionmgrAttachClient
 *fill*         0x000000000000ed14        0xc 
 .text.sessionmgrDetachClient
                0x000000000000ed20       0x74 C:/devkitPro/libnx/lib\libnx.a(sessionmgr.o)
                0x000000000000ed20                sessionmgrDetachClient
 *fill*         0x000000000000ed94        0xc 
 .text._viCleanup
                0x000000000000eda0      0x1c8 C:/devkitPro/libnx/lib\libnx.a(vi.o)
 *fill*         0x000000000000ef68        0x8 
 .text._viCmdGetSessionNoParams.constprop.1
                0x000000000000ef70      0x184 C:/devkitPro/libnx/lib\libnx.a(vi.o)
 *fill*         0x000000000000f0f4        0xc 
 .text._viCmdGetSession.constprop.2
                0x000000000000f100      0x18c C:/devkitPro/libnx/lib\libnx.a(vi.o)
 *fill*         0x000000000000f28c        0x4 
 .text.viInitialize
                0x000000000000f290      0x258 C:/devkitPro/libnx/lib\libnx.a(vi.o)
                0x000000000000f290                viInitialize
 *fill*         0x000000000000f4e8        0x8 
 .text.viExit   0x000000000000f4f0       0x44 C:/devkitPro/libnx/lib\libnx.a(vi.o)
                0x000000000000f4f0                viExit
 *fill*         0x000000000000f534        0xc 
 .text.viGetSession_IHOSBinderDriverRelay
                0x000000000000f540        0xc C:/devkitPro/libnx/lib\libnx.a(vi.o)
                0x000000000000f540                viGetSession_IHOSBinderDriverRelay
 *fill*         0x000000000000f54c        0x4 
 .text.viOpenDisplay
                0x000000000000f550      0x120 C:/devkitPro/libnx/lib\libnx.a(vi.o)
                0x000000000000f550                viOpenDisplay
 .text.viCloseDisplay
                0x000000000000f670       0xf0 C:/devkitPro/libnx/lib\libnx.a(vi.o)
                0x000000000000f670                viCloseDisplay
 .text.viCloseLayer
                0x000000000000f760       0xfc C:/devkitPro/libnx/lib\libnx.a(vi.o)
                0x000000000000f760                viCloseLayer
 *fill*         0x000000000000f85c        0x4 
 .text.viCreateLayer
                0x000000000000f860      0x3dc C:/devkitPro/libnx/lib\libnx.a(vi.o)
                0x000000000000f860                viCreateLayer
 *fill*         0x000000000000fc3c        0x4 
 .text.viSetLayerScalingMode
                0x000000000000fc40       0xd8 C:/devkitPro/libnx/lib\libnx.a(vi.o)
                0x000000000000fc40                viSetLayerScalingMode
 *fill*         0x000000000000fd18        0x8 
 .text._nvSetClientPID
                0x000000000000fd20       0xcc C:/devkitPro/libnx/lib\libnx.a(nv.o)
 *fill*         0x000000000000fdec        0x4 
 .text._nvCleanup
                0x000000000000fdf0       0xdc C:/devkitPro/libnx/lib\libnx.a(nv.o)
 *fill*         0x000000000000fecc        0x4 
 .text._nvCmdInitialize.constprop.1
                0x000000000000fed0       0xdc C:/devkitPro/libnx/lib\libnx.a(nv.o)
 *fill*         0x000000000000ffac        0x4 
 .text.nvInitialize
                0x000000000000ffb0      0x258 C:/devkitPro/libnx/lib\libnx.a(nv.o)
                0x000000000000ffb0                nvInitialize
 *fill*         0x0000000000010208        0x8 
 .text.nvExit   0x0000000000010210       0x44 C:/devkitPro/libnx/lib\libnx.a(nv.o)
                0x0000000000010210                nvExit
 *fill*         0x0000000000010254        0xc 
 .text.nvConvertError
                0x0000000000010260      0x12c C:/devkitPro/libnx/lib\libnx.a(nv.o)
                0x0000000000010260                nvConvertError
 *fill*         0x000000000001038c        0x4 
 .text.nvOpen   0x0000000000010390      0x134 C:/devkitPro/libnx/lib\libnx.a(nv.o)
                0x0000000000010390                nvOpen
 *fill*         0x00000000000104c4        0xc 
 .text.nvIoctl  0x00000000000104d0      0x2a0 C:/devkitPro/libnx/lib\libnx.a(nv.o)
                0x00000000000104d0                nvIoctl
 .text.nvClose  0x0000000000010770       0xd4 C:/devkitPro/libnx/lib\libnx.a(nv.o)
                0x0000000000010770                nvClose
 *fill*         0x0000000000010844        0xc 
 .text.nvQueryEvent
                0x0000000000010850      0x10c C:/devkitPro/libnx/lib\libnx.a(nv.o)
                0x0000000000010850                nvQueryEvent
 *fill*         0x000000000001095c        0x4 
 .text.nvMapInit
                0x0000000000010960       0x6c C:/devkitPro/libnx/lib\libnx.a(map.o)
                0x0000000000010960                nvMapInit
 *fill*         0x00000000000109cc        0x4 
 .text.nvMapExit
                0x00000000000109d0       0x68 C:/devkitPro/libnx/lib\libnx.a(map.o)
                0x00000000000109d0                nvMapExit
 *fill*         0x0000000000010a38        0x8 
 .text.nvMapClose
                0x0000000000010a40       0x84 C:/devkitPro/libnx/lib\libnx.a(map.o)
                0x0000000000010a40                nvMapClose
 *fill*         0x0000000000010ac4        0xc 
 .text.nvMapCreate
                0x0000000000010ad0      0x150 C:/devkitPro/libnx/lib\libnx.a(map.o)
                0x0000000000010ad0                nvMapCreate
 .text._nvFenceEventWaitCommon
                0x0000000000010c20       0x60 C:/devkitPro/libnx/lib\libnx.a(fence.o)
 .text.nvFenceInit
                0x0000000000010c80       0x5c C:/devkitPro/libnx/lib\libnx.a(fence.o)
                0x0000000000010c80                nvFenceInit
 *fill*         0x0000000000010cdc        0x4 
 .text.nvFenceExit
                0x0000000000010ce0       0x98 C:/devkitPro/libnx/lib\libnx.a(fence.o)
                0x0000000000010ce0                nvFenceExit
 *fill*         0x0000000000010d78        0x8 
 .text.nvFenceWait
                0x0000000000010d80      0x1e4 C:/devkitPro/libnx/lib\libnx.a(fence.o)
                0x0000000000010d80                nvFenceWait
 *fill*         0x0000000000010f64        0xc 
 .text.nvMultiFenceWait
                0x0000000000010f70       0x7c C:/devkitPro/libnx/lib\libnx.a(fence.o)
                0x0000000000010f70                nvMultiFenceWait
 *fill*         0x0000000000010fec        0x4 
 .text.nvioctlNvmap_Create
                0x0000000000010ff0       0x3c C:/devkitPro/libnx/lib\libnx.a(nvmap.o)
                0x0000000000010ff0                nvioctlNvmap_Create
 *fill*         0x000000000001102c        0x4 
 .text.nvioctlNvmap_Alloc
                0x0000000000011030       0x30 C:/devkitPro/libnx/lib\libnx.a(nvmap.o)
                0x0000000000011030                nvioctlNvmap_Alloc
 .text.nvioctlNvmap_Free
                0x0000000000011060       0x30 C:/devkitPro/libnx/lib\libnx.a(nvmap.o)
                0x0000000000011060                nvioctlNvmap_Free
 .text.nvioctlNvmap_GetId
                0x0000000000011090       0x3c C:/devkitPro/libnx/lib\libnx.a(nvmap.o)
                0x0000000000011090                nvioctlNvmap_GetId
 *fill*         0x00000000000110cc        0x4 
 .text.nvioctlNvhostCtrl_EventSignal
                0x00000000000110d0       0x24 C:/devkitPro/libnx/lib\libnx.a(nvhost-ctrl.o)
                0x00000000000110d0                nvioctlNvhostCtrl_EventSignal
 *fill*         0x00000000000110f4        0xc 
 .text.nvioctlNvhostCtrl_EventWait
                0x0000000000011100       0x3c C:/devkitPro/libnx/lib\libnx.a(nvhost-ctrl.o)
                0x0000000000011100                nvioctlNvhostCtrl_EventWait
 *fill*         0x000000000001113c        0x4 
 .text.nvioctlNvhostCtrl_EventWaitAsync
                0x0000000000011140       0x28 C:/devkitPro/libnx/lib\libnx.a(nvhost-ctrl.o)
                0x0000000000011140                nvioctlNvhostCtrl_EventWaitAsync
 *fill*         0x0000000000011168        0x8 
 .text.nvioctlNvhostCtrl_EventRegister
                0x0000000000011170       0x24 C:/devkitPro/libnx/lib\libnx.a(nvhost-ctrl.o)
                0x0000000000011170                nvioctlNvhostCtrl_EventRegister
 *fill*         0x0000000000011194        0xc 
 .text.nvioctlNvhostCtrl_EventUnregister
                0x00000000000111a0       0x24 C:/devkitPro/libnx/lib\libnx.a(nvhost-ctrl.o)
                0x00000000000111a0                nvioctlNvhostCtrl_EventUnregister
 *fill*         0x00000000000111c4        0xc 
 .text.parcelCreate
                0x00000000000111d0       0x28 C:/devkitPro/libnx/lib\libnx.a(parcel.o)
                0x00000000000111d0                parcelCreate
 *fill*         0x00000000000111f8        0x8 
 .text.parcelTransact
                0x0000000000011200      0x19c C:/devkitPro/libnx/lib\libnx.a(parcel.o)
                0x0000000000011200                parcelTransact
 *fill*         0x000000000001139c        0x4 
 .text.parcelWriteData
                0x00000000000113a0       0x88 C:/devkitPro/libnx/lib\libnx.a(parcel.o)
                0x00000000000113a0                parcelWriteData
 *fill*         0x0000000000011428        0x8 
 .text.parcelReadData
                0x0000000000011430       0x98 C:/devkitPro/libnx/lib\libnx.a(parcel.o)
                0x0000000000011430                parcelReadData
 *fill*         0x00000000000114c8        0x8 
 .text.parcelWriteInt32
                0x00000000000114d0       0x20 C:/devkitPro/libnx/lib\libnx.a(parcel.o)
                0x00000000000114d0                parcelWriteInt32
 .text.parcelWriteUInt32
                0x00000000000114f0       0x20 C:/devkitPro/libnx/lib\libnx.a(parcel.o)
                0x00000000000114f0                parcelWriteUInt32
 .text.parcelWriteString16
                0x0000000000011510       0x80 C:/devkitPro/libnx/lib\libnx.a(parcel.o)
                0x0000000000011510                parcelWriteString16
 .text.parcelWriteInterfaceToken
                0x0000000000011590       0x30 C:/devkitPro/libnx/lib\libnx.a(parcel.o)
                0x0000000000011590                parcelWriteInterfaceToken
 .text.parcelReadInt32
                0x00000000000115c0       0x24 C:/devkitPro/libnx/lib\libnx.a(parcel.o)
                0x00000000000115c0                parcelReadInt32
 *fill*         0x00000000000115e4        0xc 
 .text.parcelReadFlattenedObject
                0x00000000000115f0       0x68 C:/devkitPro/libnx/lib\libnx.a(parcel.o)
                0x00000000000115f0                parcelReadFlattenedObject
 *fill*         0x0000000000011658        0x8 
 .text.parcelWriteFlattenedObject
                0x0000000000011660       0x44 C:/devkitPro/libnx/lib\libnx.a(parcel.o)
                0x0000000000011660                parcelWriteFlattenedObject
 *fill*         0x00000000000116a4        0x4 
 .text.aligned_alloc
                0x00000000000116a8       0x38 c:/devkitpro/devkita64/bin/../lib/gcc/aarch64-none-elf/8.3.0/../../../../aarch64-none-elf/lib/pic\libg.a(lib_a-aligned_alloc.o)
                0x00000000000116a8                aligned_alloc
 .text.bsearch  0x00000000000116e0       0xb8 c:/devkitpro/devkita64/bin/../lib/gcc/aarch64-none-elf/8.3.0/../../../../aarch64-none-elf/lib/pic\libg.a(lib_a-bsearch.o)
                0x00000000000116e0                bsearch
 .text.calloc   0x0000000000011798       0x30 c:/devkitpro/devkita64/bin/../lib/gcc/aarch64-none-elf/8.3.0/../../../../aarch64-none-elf/lib/pic\libg.a(lib_a-calloc.o)
                0x0000000000011798                calloc
 .text._calloc_r
                0x00000000000117c8       0x94 c:/devkitpro/devkita64/bin/../lib/gcc/aarch64-none-elf/8.3.0/../../../../aarch64-none-elf/lib/pic\libg.a(lib_a-callocr.o)
                0x00000000000117c8                _calloc_r
 *fill*         0x000000000001185c        0x4 
 .text.__errno  0x0000000000011860       0x14 c:/devkitpro/devkita64/bin/../lib/gcc/aarch64-none-elf/8.3.0/../../../../aarch64-none-elf/lib/pic\libg.a(lib_a-errno.o)
                0x0000000000011860                __errno
 *fill*         0x0000000000011874        0x4 
 .text.__libc_fini_array
                0x0000000000011878       0x44 c:/devkitpro/devkita64/bin/../lib/gcc/aarch64-none-elf/8.3.0/../../../../aarch64-none-elf/lib/pic\libg.a(lib_a-fini.o)
                0x0000000000011878                __libc_fini_array
 *fill*         0x00000000000118bc        0x4 
 .text.gmtime   0x00000000000118c0       0x28 c:/devkitpro/devkita64/bin/../lib/gcc/aarch64-none-elf/8.3.0/../../../../aarch64-none-elf/lib/pic\libg.a(lib_a-gmtime.o)
                0x00000000000118c0                gmtime
 .text.gmtime_r
                0x00000000000118e8      0x290 c:/devkitpro/devkita64/bin/../lib/gcc/aarch64-none-elf/8.3.0/../../../../aarch64-none-elf/lib/pic\libg.a(lib_a-gmtime_r.o)
                0x00000000000118e8                gmtime_r
 .text.__libc_init_array
                0x0000000000011b78       0x8c c:/devkitpro/devkita64/bin/../lib/gcc/aarch64-none-elf/8.3.0/../../../../aarch64-none-elf/lib/pic\libg.a(lib_a-init.o)
                0x0000000000011b78                __libc_init_array
 *fill*         0x0000000000011c04        0x4 
 .text.memalign
                0x0000000000011c08       0x30 c:/devkitpro/devkita64/bin/../lib/gcc/aarch64-none-elf/8.3.0/../../../../aarch64-none-elf/lib/pic\libg.a(lib_a-malign.o)
                0x0000000000011c08                memalign
 .text._memalign_r
                0x0000000000011c38      0x198 c:/devkitpro/devkita64/bin/../lib/gcc/aarch64-none-elf/8.3.0/../../../../aarch64-none-elf/lib/pic\libg.a(lib_a-malignr.o)
                0x0000000000011c38                _memalign_r
 .text.malloc   0x0000000000011dd0       0x1c c:/devkitpro/devkita64/bin/../lib/gcc/aarch64-none-elf/8.3.0/../../../../aarch64-none-elf/lib/pic\libg.a(lib_a-malloc.o)
                0x0000000000011dd0                malloc
 *fill*         0x0000000000011dec        0x4 
 .text.free     0x0000000000011df0       0x1c c:/devkitpro/devkita64/bin/../lib/gcc/aarch64-none-elf/8.3.0/../../../../aarch64-none-elf/lib/pic\libg.a(lib_a-malloc.o)
                0x0000000000011df0                free
 *fill*         0x0000000000011e0c        0x4 
 .text._malloc_r
                0x0000000000011e10      0x87c c:/devkitpro/devkita64/bin/../lib/gcc/aarch64-none-elf/8.3.0/../../../../aarch64-none-elf/lib/pic\libg.a(lib_a-mallocr.o)
                0x0000000000011e10                _malloc_r
 .text          0x000000000001268c       0xd8 c:/devkitpro/devkita64/bin/../lib/gcc/aarch64-none-elf/8.3.0/../../../../aarch64-none-elf/lib/pic\libg.a(lib_a-memchr.o)
                0x000000000001268c                memchr
 *fill*         0x0000000000012764       0x1c 
 .text          0x0000000000012780      0x16c c:/devkitpro/devkita64/bin/../lib/gcc/aarch64-none-elf/8.3.0/../../../../aarch64-none-elf/lib/pic\libg.a(lib_a-memcpy.o)
                0x0000000000012780                memcpy
 *fill*         0x00000000000128ec       0x14 
 .text          0x0000000000012900      0x1dc c:/devkitpro/devkita64/bin/../lib/gcc/aarch64-none-elf/8.3.0/../../../../aarch64-none-elf/lib/pic\libg.a(lib_a-memset.o)
                0x0000000000012900                memset
 *fill*         0x0000000000012adc        0x4 
 .text.__malloc_lock
                0x0000000000012ae0        0xc c:/devkitpro/devkita64/bin/../lib/gcc/aarch64-none-elf/8.3.0/../../../../aarch64-none-elf/lib/pic\libg.a(lib_a-mlock.o)
                0x0000000000012ae0                __malloc_lock
 *fill*         0x0000000000012aec        0x4 
 .text.__malloc_unlock
                0x0000000000012af0        0xc c:/devkitpro/devkita64/bin/../lib/gcc/aarch64-none-elf/8.3.0/../../../../aarch64-none-elf/lib/pic\libg.a(lib_a-mlock.o)
                0x0000000000012af0                __malloc_unlock
 *fill*         0x0000000000012afc        0x4 
 .text.printf   0x0000000000012b00       0x8c c:/devkitpro/devkita64/bin/../lib/gcc/aarch64-none-elf/8.3.0/../../../../aarch64-none-elf/lib/pic\libg.a(lib_a-printf.o)
                0x0000000000012b00                printf
 *fill*         0x0000000000012b8c        0x4 
 .text.setenv   0x0000000000012b90       0x3c c:/devkitpro/devkita64/bin/../lib/gcc/aarch64-none-elf/8.3.0/../../../../aarch64-none-elf/lib/pic\libg.a(lib_a-setenv.o)
                0x0000000000012b90                setenv
 *fill*         0x0000000000012bcc        0x4 
 .text._setenv_r
                0x0000000000012bd0      0x264 c:/devkitpro/devkita64/bin/../lib/gcc/aarch64-none-elf/8.3.0/../../../../aarch64-none-elf/lib/pic\libg.a(lib_a-setenv_r.o)
                0x0000000000012bd0                _setenv_r
 *fill*         0x0000000000012e34        0x4 
 .text.setvbuf  0x0000000000012e38      0x25c c:/devkitpro/devkita64/bin/../lib/gcc/aarch64-none-elf/8.3.0/../../../../aarch64-none-elf/lib/pic\libg.a(lib_a-setvbuf.o)
                0x0000000000012e38                setvbuf
 *fill*         0x0000000000013094        0x4 
 .text.sscanf   0x0000000000013098       0xbc c:/devkitpro/devkita64/bin/../lib/gcc/aarch64-none-elf/8.3.0/../../../../aarch64-none-elf/lib/pic\libg.a(lib_a-sscanf.o)
                0x0000000000013098                sscanf
 *fill*         0x0000000000013154        0x4 
 .text.__sread  0x0000000000013158       0x50 c:/devkitpro/devkita64/bin/../lib/gcc/aarch64-none-elf/8.3.0/../../../../aarch64-none-elf/lib/pic\libg.a(lib_a-stdio.o)
                0x0000000000013158                __sread
 .text.__seofread
                0x00000000000131a8        0x8 c:/devkitpro/devkita64/bin/../lib/gcc/aarch64-none-elf/8.3.0/../../../../aarch64-none-elf/lib/pic\libg.a(lib_a-stdio.o)
                0x00000000000131a8                __seofread
 .text.__swrite
                0x00000000000131b0       0x6c c:/devkitpro/devkita64/bin/../lib/gcc/aarch64-none-elf/8.3.0/../../../../aarch64-none-elf/lib/pic\libg.a(lib_a-stdio.o)
                0x00000000000131b0                __swrite
 *fill*         0x000000000001321c        0x4 
 .text.__sseek  0x0000000000013220       0x50 c:/devkitpro/devkita64/bin/../lib/gcc/aarch64-none-elf/8.3.0/../../../../aarch64-none-elf/lib/pic\libg.a(lib_a-stdio.o)
                0x0000000000013220                __sseek
 .text.__sclose
                0x0000000000013270        0x8 c:/devkitpro/devkita64/bin/../lib/gcc/aarch64-none-elf/8.3.0/../../../../aarch64-none-elf/lib/pic\libg.a(lib_a-stdio.o)
                0x0000000000013270                __sclose
 .text          0x0000000000013278       0xdc c:/devkitpro/devkita64/bin/../lib/gcc/aarch64-none-elf/8.3.0/../../../../aarch64-none-elf/lib/pic\libg.a(lib_a-strchr.o)
                0x0000000000013278                strchr
 *fill*         0x0000000000013354       0x2c 
 .text          0x0000000000013380       0xe4 c:/devkitpro/devkita64/bin/../lib/gcc/aarch64-none-elf/8.3.0/../../../../aarch64-none-elf/lib/pic\libg.a(lib_a-strcmp.o)
                0x0000000000013380                strcmp
 *fill*         0x0000000000013464       0x1c 
 .text          0x0000000000013480      0x140 c:/devkitpro/devkita64/bin/../lib/gcc/aarch64-none-elf/8.3.0/../../../../aarch64-none-elf/lib/pic\libg.a(lib_a-strlen.o)
                0x0000000000013480                strlen
 .text.strncat  0x00000000000135c0       0x84 c:/devkitpro/devkita64/bin/../lib/gcc/aarch64-none-elf/8.3.0/../../../../aarch64-none-elf/lib/pic\libg.a(lib_a-strncat.o)
                0x00000000000135c0                strncat
 *fill*         0x0000000000013644       0x3c 
 .text          0x0000000000013680      0x1d4 c:/devkitpro/devkita64/bin/../lib/gcc/aarch64-none-elf/8.3.0/../../../../aarch64-none-elf/lib/pic\libg.a(lib_a-strncmp.o)
                0x000000000001369c                strncmp
 *fill*         0x0000000000013854        0x4 
 .text.strncpy  0x0000000000013858       0xa8 c:/devkitpro/devkita64/bin/../lib/gcc/aarch64-none-elf/8.3.0/../../../../aarch64-none-elf/lib/pic\libg.a(lib_a-strncpy.o)
                0x0000000000013858                strncpy
 .text          0x0000000000013900       0xe0 c:/devkitpro/devkita64/bin/../lib/gcc/aarch64-none-elf/8.3.0/../../../../aarch64-none-elf/lib/pic\libg.a(lib_a-strnlen.o)
                0x0000000000013924                strnlen
 .text._strtoul_l.isra.0
                0x00000000000139e0      0x1ac c:/devkitpro/devkita64/bin/../lib/gcc/aarch64-none-elf/8.3.0/../../../../aarch64-none-elf/lib/pic\libg.a(lib_a-strtoul.o)
 *fill*         0x0000000000013b8c        0x4 
 .text._strtoul_r
                0x0000000000013b90       0x34 c:/devkitpro/devkita64/bin/../lib/gcc/aarch64-none-elf/8.3.0/../../../../aarch64-none-elf/lib/pic\libg.a(lib_a-strtoul.o)
                0x0000000000013b90                _strtoul_r
 *fill*         0x0000000000013bc4        0x4 
 .text.strtoul  0x0000000000013bc8       0x48 c:/devkitpro/devkita64/bin/../lib/gcc/aarch64-none-elf/8.3.0/../../../../aarch64-none-elf/lib/pic\libg.a(lib_a-strtoul.o)
                0x0000000000013bc8                strtoul
 .text.get_arg  0x0000000000013c10       0x5c c:/devkitpro/devkita64/bin/../lib/gcc/aarch64-none-elf/8.3.0/../../../../aarch64-none-elf/lib/pic\libg.a(lib_a-svfscanf.o)
 .text.__ssvfscanf_r
                0x0000000000013c6c     0x2fd8 c:/devkitpro/devkita64/bin/../lib/gcc/aarch64-none-elf/8.3.0/../../../../aarch64-none-elf/lib/pic\libg.a(lib_a-svfscanf.o)
                0x0000000000013c6c                __ssvfscanf_r
 .text.get_arg  0x0000000000016c44      0x76c c:/devkitpro/devkita64/bin/../lib/gcc/aarch64-none-elf/8.3.0/../../../../aarch64-none-elf/lib/pic\libg.a(lib_a-vfprintf.o)
 .text._vfprintf_r
                0x00000000000173b0     0x3c28 c:/devkitpro/devkita64/bin/../lib/gcc/aarch64-none-elf/8.3.0/../../../../aarch64-none-elf/lib/pic\libg.a(lib_a-vfprintf.o)
                0x00000000000173b0                _vfprintf_r
 .text.__sbprintf
                0x000000000001afd8       0xec c:/devkitpro/devkita64/bin/../lib/gcc/aarch64-none-elf/8.3.0/../../../../aarch64-none-elf/lib/pic\libg.a(lib_a-vfprintf.o)
 *fill*         0x000000000001b0c4        0x4 
 .text._wcrtomb_r
                0x000000000001b0c8       0xd0 c:/devkitpro/devkita64/bin/../lib/gcc/aarch64-none-elf/8.3.0/../../../../aarch64-none-elf/lib/pic\libg.a(lib_a-wcrtomb.o)
                0x000000000001b0c8                _wcrtomb_r
 .text._wcsrtombs_r
                0x000000000001b198       0x10 c:/devkitpro/devkita64/bin/../lib/gcc/aarch64-none-elf/8.3.0/../../../../aarch64-none-elf/lib/pic\libg.a(lib_a-wcsrtombs.o)
                0x000000000001b198                _wcsrtombs_r
 .text.__swsetup_r
                0x000000000001b1a8      0x140 c:/devkitpro/devkita64/bin/../lib/gcc/aarch64-none-elf/8.3.0/../../../../aarch64-none-elf/lib/pic\libg.a(lib_a-wsetup.o)
                0x000000000001b1a8                __swsetup_r
 .text.__call_exitprocs
                0x000000000001b2e8      0x124 c:/devkitpro/devkita64/bin/../lib/gcc/aarch64-none-elf/8.3.0/../../../../aarch64-none-elf/lib/pic\libg.a(lib_a-__call_atexit.o)
                0x000000000001b2e8                __call_exitprocs
 *fill*         0x000000000001b40c        0x4 
 .text.quorem   0x000000000001b410      0x1a8 c:/devkitpro/devkita64/bin/../lib/gcc/aarch64-none-elf/8.3.0/../../../../aarch64-none-elf/lib/pic\libg.a(lib_a-dtoa.o)
 .text._dtoa_r  0x000000000001b5b8     0x10dc c:/devkitpro/devkita64/bin/../lib/gcc/aarch64-none-elf/8.3.0/../../../../aarch64-none-elf/lib/pic\libg.a(lib_a-dtoa.o)
                0x000000000001b5b8                _dtoa_r
 *fill*         0x000000000001c694        0x4 
 .text.__env_lock
                0x000000000001c698        0xc c:/devkitpro/devkita64/bin/../lib/gcc/aarch64-none-elf/8.3.0/../../../../aarch64-none-elf/lib/pic\libg.a(lib_a-envlock.o)
                0x000000000001c698                __env_lock
 *fill*         0x000000000001c6a4        0x4 
 .text.__env_unlock
                0x000000000001c6a8        0xc c:/devkitpro/devkita64/bin/../lib/gcc/aarch64-none-elf/8.3.0/../../../../aarch64-none-elf/lib/pic\libg.a(lib_a-envlock.o)
                0x000000000001c6a8                __env_unlock
 *fill*         0x000000000001c6b4        0x4 
 .text.__sflush_r
                0x000000000001c6b8      0x214 c:/devkitpro/devkita64/bin/../lib/gcc/aarch64-none-elf/8.3.0/../../../../aarch64-none-elf/lib/pic\libg.a(lib_a-fflush.o)
                0x000000000001c6b8                __sflush_r
 *fill*         0x000000000001c8cc        0x4 
 .text._fflush_r
                0x000000000001c8d0       0xb8 c:/devkitpro/devkita64/bin/../lib/gcc/aarch64-none-elf/8.3.0/../../../../aarch64-none-elf/lib/pic\libg.a(lib_a-fflush.o)
                0x000000000001c8d0                _fflush_r
 .text.std      0x000000000001c988       0x78 c:/devkitpro/devkita64/bin/../lib/gcc/aarch64-none-elf/8.3.0/../../../../aarch64-none-elf/lib/pic\libg.a(lib_a-findfp.o)
 .text._cleanup_r
                0x000000000001ca00        0xc c:/devkitpro/devkita64/bin/../lib/gcc/aarch64-none-elf/8.3.0/../../../../aarch64-none-elf/lib/pic\libg.a(lib_a-findfp.o)
                0x000000000001ca00                _cleanup_r
 *fill*         0x000000000001ca0c        0x4 
 .text.__sfp_lock_acquire
                0x000000000001ca10        0xc c:/devkitpro/devkita64/bin/../lib/gcc/aarch64-none-elf/8.3.0/../../../../aarch64-none-elf/lib/pic\libg.a(lib_a-findfp.o)
                0x000000000001ca10                __sfp_lock_acquire
 *fill*         0x000000000001ca1c        0x4 
 .text.__sfp_lock_release
                0x000000000001ca20        0xc c:/devkitpro/devkita64/bin/../lib/gcc/aarch64-none-elf/8.3.0/../../../../aarch64-none-elf/lib/pic\libg.a(lib_a-findfp.o)
                0x000000000001ca20                __sfp_lock_release
 *fill*         0x000000000001ca2c        0x4 
 .text.__sinit_lock_acquire
                0x000000000001ca30        0xc c:/devkitpro/devkita64/bin/../lib/gcc/aarch64-none-elf/8.3.0/../../../../aarch64-none-elf/lib/pic\libg.a(lib_a-findfp.o)
                0x000000000001ca30                __sinit_lock_acquire
 *fill*         0x000000000001ca3c        0x4 
 .text.__sinit_lock_release
                0x000000000001ca40        0xc c:/devkitpro/devkita64/bin/../lib/gcc/aarch64-none-elf/8.3.0/../../../../aarch64-none-elf/lib/pic\libg.a(lib_a-findfp.o)
                0x000000000001ca40                __sinit_lock_release
 *fill*         0x000000000001ca4c        0x4 
 .text.__sinit  0x000000000001ca50       0x80 c:/devkitpro/devkita64/bin/../lib/gcc/aarch64-none-elf/8.3.0/../../../../aarch64-none-elf/lib/pic\libg.a(lib_a-findfp.o)
                0x000000000001ca50                __sinit
 .text._malloc_trim_r
                0x000000000001cad0      0x118 c:/devkitpro/devkita64/bin/../lib/gcc/aarch64-none-elf/8.3.0/../../../../aarch64-none-elf/lib/pic\libg.a(lib_a-freer.o)
                0x000000000001cad0                _malloc_trim_r
 .text._free_r  0x000000000001cbe8      0x2f4 c:/devkitpro/devkita64/bin/../lib/gcc/aarch64-none-elf/8.3.0/../../../../aarch64-none-elf/lib/pic\libg.a(lib_a-freer.o)
                0x000000000001cbe8                _free_r
 *fill*         0x000000000001cedc        0x4 
 .text._fwalk_reent
                0x000000000001cee0       0xbc c:/devkitpro/devkita64/bin/../lib/gcc/aarch64-none-elf/8.3.0/../../../../aarch64-none-elf/lib/pic\libg.a(lib_a-fwalk.o)
                0x000000000001cee0                _fwalk_reent
 *fill*         0x000000000001cf9c        0x4 
 .text._findenv_r
                0x000000000001cfa0      0x100 c:/devkitpro/devkita64/bin/../lib/gcc/aarch64-none-elf/8.3.0/../../../../aarch64-none-elf/lib/pic\libg.a(lib_a-getenv_r.o)
                0x000000000001cfa0                _findenv_r
 .text.iswspace
                0x000000000001d0a0        0x8 c:/devkitpro/devkita64/bin/../lib/gcc/aarch64-none-elf/8.3.0/../../../../aarch64-none-elf/lib/pic\libg.a(lib_a-iswspace.o)
                0x000000000001d0a0                iswspace
 .text.__localeconv_l
                0x000000000001d0a8        0x8 c:/devkitpro/devkita64/bin/../lib/gcc/aarch64-none-elf/8.3.0/../../../../aarch64-none-elf/lib/pic\libg.a(lib_a-localeconv.o)
                0x000000000001d0a8                __localeconv_l
 .text._localeconv_r
                0x000000000001d0b0       0x28 c:/devkitpro/devkita64/bin/../lib/gcc/aarch64-none-elf/8.3.0/../../../../aarch64-none-elf/lib/pic\libg.a(lib_a-localeconv.o)
                0x000000000001d0b0                _localeconv_r
 .text.__locale_mb_cur_max
                0x000000000001d0d8       0x2c c:/devkitpro/devkita64/bin/../lib/gcc/aarch64-none-elf/8.3.0/../../../../aarch64-none-elf/lib/pic\libg.a(lib_a-locale.o)
                0x000000000001d0d8                __locale_mb_cur_max
 *fill*         0x000000000001d104        0x4 
 .text.__swhatbuf_r
                0x000000000001d108       0xa4 c:/devkitpro/devkita64/bin/../lib/gcc/aarch64-none-elf/8.3.0/../../../../aarch64-none-elf/lib/pic\libg.a(lib_a-makebuf.o)
                0x000000000001d108                __swhatbuf_r
 *fill*         0x000000000001d1ac        0x4 
 .text.__smakebuf_r
                0x000000000001d1b0      0x10c c:/devkitpro/devkita64/bin/../lib/gcc/aarch64-none-elf/8.3.0/../../../../aarch64-none-elf/lib/pic\libg.a(lib_a-makebuf.o)
                0x000000000001d1b0                __smakebuf_r
 *fill*         0x000000000001d2bc        0x4 
 .text._mbrtowc_r
                0x000000000001d2c0       0xd8 c:/devkitpro/devkita64/bin/../lib/gcc/aarch64-none-elf/8.3.0/../../../../aarch64-none-elf/lib/pic\libg.a(lib_a-mbrtowc.o)
                0x000000000001d2c0                _mbrtowc_r
 .text.__utf8_mbtowc
                0x000000000001d398      0x2c8 c:/devkitpro/devkita64/bin/../lib/gcc/aarch64-none-elf/8.3.0/../../../../aarch64-none-elf/lib/pic\libg.a(lib_a-mbtowc_r.o)
                0x000000000001d398                __utf8_mbtowc
 .text._Balloc  0x000000000001d660       0x90 c:/devkitpro/devkita64/bin/../lib/gcc/aarch64-none-elf/8.3.0/../../../../aarch64-none-elf/lib/pic\libg.a(lib_a-mprec.o)
                0x000000000001d660                _Balloc
 .text._Bfree   0x000000000001d6f0       0x1c c:/devkitpro/devkita64/bin/../lib/gcc/aarch64-none-elf/8.3.0/../../../../aarch64-none-elf/lib/pic\libg.a(lib_a-mprec.o)
                0x000000000001d6f0                _Bfree
 *fill*         0x000000000001d70c        0x4 
 .text.__multadd
                0x000000000001d710       0xe8 c:/devkitpro/devkita64/bin/../lib/gcc/aarch64-none-elf/8.3.0/../../../../aarch64-none-elf/lib/pic\libg.a(lib_a-mprec.o)
                0x000000000001d710                __multadd
 .text.__s2b    0x000000000001d7f8      0x120 c:/devkitpro/devkita64/bin/../lib/gcc/aarch64-none-elf/8.3.0/../../../../aarch64-none-elf/lib/pic\libg.a(lib_a-mprec.o)
                0x000000000001d7f8                __s2b
 .text.__hi0bits
                0x000000000001d918       0x5c c:/devkitpro/devkita64/bin/../lib/gcc/aarch64-none-elf/8.3.0/../../../../aarch64-none-elf/lib/pic\libg.a(lib_a-mprec.o)
                0x000000000001d918                __hi0bits
 *fill*         0x000000000001d974        0x4 
 .text.__lo0bits
                0x000000000001d978       0xa0 c:/devkitpro/devkita64/bin/../lib/gcc/aarch64-none-elf/8.3.0/../../../../aarch64-none-elf/lib/pic\libg.a(lib_a-mprec.o)
                0x000000000001d978                __lo0bits
 .text.__i2b    0x000000000001da18       0x2c c:/devkitpro/devkita64/bin/../lib/gcc/aarch64-none-elf/8.3.0/../../../../aarch64-none-elf/lib/pic\libg.a(lib_a-mprec.o)
                0x000000000001da18                __i2b
 *fill*         0x000000000001da44        0x4 
 .text.__multiply
                0x000000000001da48      0x1c8 c:/devkitpro/devkita64/bin/../lib/gcc/aarch64-none-elf/8.3.0/../../../../aarch64-none-elf/lib/pic\libg.a(lib_a-mprec.o)
                0x000000000001da48                __multiply
 .text.__pow5mult
                0x000000000001dc10      0x104 c:/devkitpro/devkita64/bin/../lib/gcc/aarch64-none-elf/8.3.0/../../../../aarch64-none-elf/lib/pic\libg.a(lib_a-mprec.o)
                0x000000000001dc10                __pow5mult
 *fill*         0x000000000001dd14        0x4 
 .text.__lshift
                0x000000000001dd18      0x134 c:/devkitpro/devkita64/bin/../lib/gcc/aarch64-none-elf/8.3.0/../../../../aarch64-none-elf/lib/pic\libg.a(lib_a-mprec.o)
                0x000000000001dd18                __lshift
 *fill*         0x000000000001de4c        0x4 
 .text.__mcmp   0x000000000001de50       0x50 c:/devkitpro/devkita64/bin/../lib/gcc/aarch64-none-elf/8.3.0/../../../../aarch64-none-elf/lib/pic\libg.a(lib_a-mprec.o)
                0x000000000001de50                __mcmp
 .text.__mdiff  0x000000000001dea0      0x14c c:/devkitpro/devkita64/bin/../lib/gcc/aarch64-none-elf/8.3.0/../../../../aarch64-none-elf/lib/pic\libg.a(lib_a-mprec.o)
                0x000000000001dea0                __mdiff
 *fill*         0x000000000001dfec        0x4 
 .text.__ulp    0x000000000001dff0       0x68 c:/devkitpro/devkita64/bin/../lib/gcc/aarch64-none-elf/8.3.0/../../../../aarch64-none-elf/lib/pic\libg.a(lib_a-mprec.o)
                0x000000000001dff0                __ulp
 .text.__b2d    0x000000000001e058      0x150 c:/devkitpro/devkita64/bin/../lib/gcc/aarch64-none-elf/8.3.0/../../../../aarch64-none-elf/lib/pic\libg.a(lib_a-mprec.o)
                0x000000000001e058                __b2d
 .text.__d2b    0x000000000001e1a8      0x138 c:/devkitpro/devkita64/bin/../lib/gcc/aarch64-none-elf/8.3.0/../../../../aarch64-none-elf/lib/pic\libg.a(lib_a-mprec.o)
                0x000000000001e1a8                __d2b
 .text.__ratio  0x000000000001e2e0       0xa0 c:/devkitpro/devkita64/bin/../lib/gcc/aarch64-none-elf/8.3.0/../../../../aarch64-none-elf/lib/pic\libg.a(lib_a-mprec.o)
                0x000000000001e2e0                __ratio
 .text.__copybits
                0x000000000001e380       0x68 c:/devkitpro/devkita64/bin/../lib/gcc/aarch64-none-elf/8.3.0/../../../../aarch64-none-elf/lib/pic\libg.a(lib_a-mprec.o)
                0x000000000001e380                __copybits
 .text.__any_on
                0x000000000001e3e8       0x84 c:/devkitpro/devkita64/bin/../lib/gcc/aarch64-none-elf/8.3.0/../../../../aarch64-none-elf/lib/pic\libg.a(lib_a-mprec.o)
                0x000000000001e3e8                __any_on
 *fill*         0x000000000001e46c        0x4 
 .text.realloc  0x000000000001e470       0x30 c:/devkitpro/devkita64/bin/../lib/gcc/aarch64-none-elf/8.3.0/../../../../aarch64-none-elf/lib/pic\libg.a(lib_a-realloc.o)
                0x000000000001e470                realloc
 .text._realloc_r
                0x000000000001e4a0      0x56c c:/devkitpro/devkita64/bin/../lib/gcc/aarch64-none-elf/8.3.0/../../../../aarch64-none-elf/lib/pic\libg.a(lib_a-reallocr.o)
                0x000000000001e4a0                _realloc_r
 *fill*         0x000000000001ea0c        0x4 
 .text.__sccl   0x000000000001ea10       0xbc c:/devkitpro/devkita64/bin/../lib/gcc/aarch64-none-elf/8.3.0/../../../../aarch64-none-elf/lib/pic\libg.a(lib_a-sccl.o)
                0x000000000001ea10                __sccl
 *fill*         0x000000000001eacc        0x4 
 .text.nanf     0x000000000001ead0        0xc c:/devkitpro/devkita64/bin/../lib/gcc/aarch64-none-elf/8.3.0/../../../../aarch64-none-elf/lib/pic\libg.a(lib_a-sf_nan.o)
                0x000000000001ead0                nanf
 *fill*         0x000000000001eadc        0x4 
 .text.frexp    0x000000000001eae0       0x7c c:/devkitpro/devkita64/bin/../lib/gcc/aarch64-none-elf/8.3.0/../../../../aarch64-none-elf/lib/pic\libg.a(lib_a-s_frexp.o)
                0x000000000001eae0                frexp
 *fill*         0x000000000001eb5c        0x4 
 .text.sprintf  0x000000000001eb60       0xa8 c:/devkitpro/devkita64/bin/../lib/gcc/aarch64-none-elf/8.3.0/../../../../aarch64-none-elf/lib/pic\libg.a(lib_a-sprintf.o)
                0x000000000001eb60                sprintf
 .text.stpncpy  0x000000000001ec08       0xc8 c:/devkitpro/devkita64/bin/../lib/gcc/aarch64-none-elf/8.3.0/../../../../aarch64-none-elf/lib/pic\libg.a(lib_a-stpncpy.o)
                0x000000000001ec08                stpncpy
 .text.sulp     0x000000000001ecd0       0x54 c:/devkitpro/devkita64/bin/../lib/gcc/aarch64-none-elf/8.3.0/../../../../aarch64-none-elf/lib/pic\libg.a(lib_a-strtod.o)
 *fill*         0x000000000001ed24        0x4 
 .text._strtod_l
                0x000000000001ed28     0x10e8 c:/devkitpro/devkita64/bin/../lib/gcc/aarch64-none-elf/8.3.0/../../../../aarch64-none-elf/lib/pic\libg.a(lib_a-strtod.o)
                0x000000000001ed28                _strtod_l
 .text._strtod_r
                0x000000000001fe10       0x40 c:/devkitpro/devkita64/bin/../lib/gcc/aarch64-none-elf/8.3.0/../../../../aarch64-none-elf/lib/pic\libg.a(lib_a-strtod.o)
                0x000000000001fe10                _strtod_r
 .text._strtoll_l.isra.0
                0x000000000001fe50      0x1a0 c:/devkitpro/devkita64/bin/../lib/gcc/aarch64-none-elf/8.3.0/../../../../aarch64-none-elf/lib/pic\libg.a(lib_a-strtoll.o)
 .text._strtoll_r
                0x000000000001fff0       0x34 c:/devkitpro/devkita64/bin/../lib/gcc/aarch64-none-elf/8.3.0/../../../../aarch64-none-elf/lib/pic\libg.a(lib_a-strtoll.o)
                0x000000000001fff0                _strtoll_r
 *fill*         0x0000000000020024        0x4 
 .text._strtol_l.isra.0
                0x0000000000020028      0x1a0 c:/devkitpro/devkita64/bin/../lib/gcc/aarch64-none-elf/8.3.0/../../../../aarch64-none-elf/lib/pic\libg.a(lib_a-strtol.o)
 .text._strtol_r
                0x00000000000201c8       0x34 c:/devkitpro/devkita64/bin/../lib/gcc/aarch64-none-elf/8.3.0/../../../../aarch64-none-elf/lib/pic\libg.a(lib_a-strtol.o)
                0x00000000000201c8                _strtol_r
 *fill*         0x00000000000201fc        0x4 
 .text._strtoull_l.isra.0
                0x0000000000020200      0x1ac c:/devkitpro/devkita64/bin/../lib/gcc/aarch64-none-elf/8.3.0/../../../../aarch64-none-elf/lib/pic\libg.a(lib_a-strtoull.o)
 *fill*         0x00000000000203ac        0x4 
 .text._strtoull_r